
[1m[46m RUN [49m[22m [36mv4.0.18 [39m[90m/workspace[39m

No test files found, exiting with code 0

