
[1m[46m RUN [49m[22m [36mv4.0.18 [39m[90mD:/repo/Github/mcp-jira-automation[39m

 [31mΓ¥»[39m tests/server-startup-backward-compatibility.test.ts [2m([22m[2m28 tests[22m[2m | [22m[31m3 failed[39m[2m)[22m[32m 71[2mms[22m[39m
     [32mΓ£ô[39m should verify docker.ts file exists[32m 3[2mms[22m[39m
       [32mΓ£ô[39m should maintain NODE_ENV=test environment variable[32m 1[2mms[22m[39m
       [32mΓ£ô[39m should maintain PORT=3001 environment variable[32m 1[2mms[22m[39m
       [32mΓ£ô[39m should maintain database-related environment variables logging[32m 1[2mms[22m[39m
       [32mΓ£ô[39m should set environment variables before any server startup attempts[32m 1[2mms[22m[39m
       [32mΓ£ô[39m should maintain PID file creation at /tmp/server.pid[32m 1[2mms[22m[39m
       [32mΓ£ô[39m should maintain PID verification with kill -0 command[32m 3[2mms[22m[39m
       [32mΓ£ô[39m should maintain PID logging[32m 1[2mms[22m[39m
       [32mΓ£ô[39m should verify PID after server startup in TypeScript code[32m 1[2mms[22m[39m
       [32mΓ£ô[39m should maintain log file at /tmp/server.log[32m 1[2mms[22m[39m
       [32mΓ£ô[39m should redirect output to log file at the start of script[32m 1[2mms[22m[39m
       [32mΓ£ô[39m should maintain log file reading in error handling[32m 1[2mms[22m[39m
       [32mΓ£ô[39m should maintain waitForServerReady call[32m 1[2mms[22m[39m
       [32mΓ£ô[39m should maintain server readiness check after startup[32m 1[2mms[22m[39m
       [32mΓ£ô[39m should maintain 1 second delay before readiness check[32m 1[2mms[22m[39m
       [32mΓ£ô[39m should maintain process stability verification after readiness[32m 1[2mms[22m[39m
[31m       [31m├ù[31m should check standard entry points in Stage 2 file search[39m[32m 23[2mms[22m[39m
       [32mΓ£ô[39m should check root and src directories first in location list[32m 2[2mms[22m[39m
[31m       [31m├ù[31m should check app.js and index.js first in filename list[39m[32m 7[2mms[22m[39m
       [32mΓ£ô[39m should maintain the order: package.json -> file search -> fallback[32m 1[2mms[22m[39m
       [32mΓ£ô[39m should maintain 2-second sleep after server start for crash detection[32m 1[2mms[22m[39m
       [32mΓ£ô[39m should maintain crash detection with kill -0 after each startup attempt[32m 1[2mms[22m[39m
       [32mΓ£ô[39m should maintain error messages for process death[32m 0[2mms[22m[39m
       [32mΓ£ô[39m should maintain the startServerInContainer function signature[32m 1[2mms[22m[39m
       [32mΓ£ô[39m should maintain port 3001 as default[32m 1[2mms[22m[39m
       [32mΓ£ô[39m should maintain shell script execution approach[32m 1[2mms[22m[39m
       [32mΓ£ô[39m should maintain error handling structure[32m 1[2mms[22m[39m
[31m       [31m├ù[31m should verify all backward compatibility requirements are met[39m[32m 9[2mms[22m[39m
node.exe : (node:3828) [DEP0190] 
DeprecationWarning: Passing args to a child 
process with shell option true can lead to 
security vulnerabilities, as the arguments 
are not escaped, only concatenated.
At line:1 char:1
+ & "C:\Program Files\nodejs/node.exe" 
"C:\Program Files\nodejs/node_mo ...
+ ~~~~~~~~~~~~~~~~~~~~~~~~~~~~~~~~~~~~~~~~~~
~~~~~~~~~~~~~~~~~~~~~~~~~~~
    + CategoryInfo          : NotSpecified: 
    ((node:3828) [DE...y concatenated.:Str  
  ing) [], RemoteException
    + FullyQualifiedErrorId : NativeCommand 
   Error
 
(Use `node --trace-deprecation ...` to show 
where the warning was created)
 [31mΓ¥»[39m tests/ai-provider.test.ts [2m([22m[2m25 tests[22m[2m | [22m[31m1 failed[39m[2m)[22m[32m 44[2mms[22m[39m
       [32mΓ£ô[39m should return a non-empty system prompt[32m 2[2mms[22m[39m
       [32mΓ£ô[39m should include JSON structure instructions[32m 1[2mms[22m[39m
       [32mΓ£ô[39m should mention safety rules[32m 0[2mms[22m[39m
[31m       [31m├ù[31m should always mandate Node.js for tests[39m[32m 27[2mms[22m[39m
       [32mΓ£ô[39m should include source code context for specified language[32m 1[2mms[22m[39m
       [32mΓ£ô[39m should include unknown context by default[32m 0[2mms[22m[39m
       [32mΓ£ô[39m should return 'esm' when package.json has type: module[32m 1[2mms[22m[39m
       [32mΓ£ô[39m should return 'commonjs' when package.json has type: commonjs[32m 0[2mms[22m[39m
       [32mΓ£ô[39m should return 'commonjs' when package.json has no type field[32m 1[2mms[22m[39m
       [32mΓ£ô[39m should return 'commonjs' when no package.json exists[32m 0[2mms[22m[39m
       [32mΓ£ô[39m should return 'commonjs' when package.json is malformed[32m 0[2mms[22m[39m
       [32mΓ£ô[39m should handle monorepo with workdirRelative[32m 0[2mms[22m[39m
       [32mΓ£ô[39m should fallback to root package.json if workdir package.json not found[32m 0[2mms[22m[39m
       [32mΓ£ô[39m should include issue key and summary[32m 0[2mms[22m[39m
       [32mΓ£ô[39m should include issue description[32m 0[2mms[22m[39m
       [32mΓ£ô[39m should include repository info[32m 0[2mms[22m[39m
       [32mΓ£ô[39m should include source files when present[32m 0[2mms[22m[39m
       [32mΓ£ô[39m should include test files when present[32m 0[2mms[22m[39m
       [32mΓ£ô[39m should handle empty description[32m 0[2mms[22m[39m
       [32mΓ£ô[39m should include Runtime Detection metadata when present[32m 0[2mms[22m[39m
       [32mΓ£ô[39m should parse valid JSON response[32m 2[2mms[22m[39m
       [32mΓ£ô[39m should parse JSON wrapped in markdown code block[32m 1[2mms[22m[39m
       [32mΓ£ô[39m should parse JSON in code block without language specifier[32m 0[2mms[22m[39m
       [32mΓ£ô[39m should fallback gracefully on invalid JSON[32m 0[2mms[22m[39m
       [32mΓ£ô[39m should handle missing fields in JSON[32m 0[2mms[22m[39m
(node:6392) [DEP0190] DeprecationWarning: 
Passing args to a child process with shell 
option true can lead to security 
vulnerabilities, as the arguments are not 
escaped, only concatenated.
(Use `node --trace-deprecation ...` to show 
where the warning was created)
(node:18380) [DEP0190] DeprecationWarning: 
Passing args to a child process with shell 
option true can lead to security 
vulnerabilities, as the arguments are not 
escaped, only concatenated.
(Use `node --trace-deprecation ...` to show 
where the warning was created)
 [32mΓ£ô[39m tests/test-execution-reporting/preservation-properties.test.ts [2m([22m[2m10 tests[22m[2m)[22m[33m 10610[2mms[22m[39m
       [33m[2mΓ£ô[22m[39m should extract all fields correctly for successful execution [33m 2942[2mms[22m[39m
       [33m[2mΓ£ô[22m[39m should extract all fields correctly for failed execution [33m 1807[2mms[22m[39m
       [33m[2mΓ£ô[22m[39m should create, start, and cleanup containers correctly [33m 2946[2mms[22m[39m
       [33m[2mΓ£ô[22m[39m should pass framework information correctly through execution [33m 2903[2mms[22m[39m
 [32mΓ£ô[39m tests/test-execution-reporting/pr-updater-properties.test.ts [2m([22m[2m4 tests[22m[2m)[22m[33m 2233[2mms[22m[39m
       [33m[2mΓ£ô[22m[39m should handle retry logic with exponential backoff [33m 983[2mms[22m[39m
       [33m[2mΓ£ô[22m[39m should generate unique timestamps for concurrent reports [33m 1096[2mms[22m[39m
 [32mΓ£ô[39m tests/test-execution-reporting/integration/metadata-inclusion.test.ts [2m([22m[2m10 tests[22m[2m)[22m[33m 549[2mms[22m[39m
 [32mΓ£ô[39m tests/test-execution-reporting/integration/pr-update-compatibility.test.ts [2m([22m[2m7 tests[22m[2m)[22m[33m 505[2mms[22m[39m
 [32mΓ£ô[39m tests/jira-custom-field-preservation.test.ts [2m([22m[2m15 tests[22m[2m)[22m[33m 462[2mms[22m[39m
 [32mΓ£ô[39m tests/test-execution-reporting/integration/result-format-compatibility.test.ts [2m([22m[2m8 tests[22m[2m)[22m[33m 349[2mms[22m[39m
 [32mΓ£ô[39m tests/test-execution-reporting/test-executor.test.ts [2m([22m[2m28 tests[22m[2m)[22m[33m 20584[2mms[22m[39m
       [33m[2mΓ£ô[22m[39m should execute a simple Node.js test and capture output [33m 1166[2mms[22m[39m
       [33m[2mΓ£ô[22m[39m should capture stderr for failing tests [33m 908[2mms[22m[39m
       [33m[2mΓ£ô[22m[39m should timeout long-running tests [33m 4054[2mms[22m[39m
       [33m[2mΓ£ô[22m[39m should capture both stdout and stderr [33m 533[2mms[22m[39m
       [33m[2mΓ£ô[22m[39m should handle syntax errors in test file [33m 560[2mms[22m[39m
       [33m[2mΓ£ô[22m[39m should pass environment variables to test process [33m 589[2mms[22m[39m
       [33m[2mΓ£ô[22m[39m should execute tests in specified working directory [33m 620[2mms[22m[39m
       [33m[2mΓ£ô[22m[39m should measure execution duration accurately [33m 535[2mms[22m[39m
         [33m[2mΓ£ô[22m[39m should categorize syntax errors from test execution [33m 503[2mms[22m[39m
         [33m[2mΓ£ô[22m[39m should handle missing module errors [33m 598[2mms[22m[39m
         [33m[2mΓ£ô[22m[39m should not modify test file during execution [33m 630[2mms[22m[39m
         [33m[2mΓ£ô[22m[39m should not modify source files referenced by tests [33m 554[2mms[22m[39m
         [33m[2mΓ£ô[22m[39m should clean up temporary files after successful execution [33m 687[2mms[22m[39m
         [33m[2mΓ£ô[22m[39m should clean up temporary files after timeout [33m 4065[2mms[22m[39m
         [33m[2mΓ£ô[22m[39m should categorize timeout as separate from other errors [33m 4048[2mms[22m[39m
 [31mΓ¥»[39m tests/es-module-bugfix-preservation.test.ts [2m([22m[2m7 tests[22m[2m | [22m[31m2 failed[39m[2m)[22m[33m 21807[2mms[22m[39m
[31m     [31m├ù[31m should preserve TypeScript compilation to dist/ directory[39m[33m 10593[2mms[22m[39m
     [32mΓ£ô[39m should identify tests that pass on unfixed code[32m 2[2mms[22m[39m
     [32mΓ£ô[39m should verify TypeScript source files exist and are valid[32m 5[2mms[22m[39m
     [32mΓ£ô[39m should verify build configuration is correct[32m 1[2mms[22m[39m
[31m     [31m├ù[31m should verify dist/ directory structure is preserved[39m[32m 19[2mms[22m[39m
     [32mΓ£ô[39m should verify logger TypeScript source has correct ES module syntax[32m 1[2mms[22m[39m
     [32mΓ£ô[39m should verify config TypeScript source has correct ES module syntax[32m 0[2mms[22m[39m
 [32mΓ£ô[39m tests/api-testing/TestExecutor.bugfix.test.ts [2m([22m[2m13 tests[22m[2m)[22m[33m 429[2mms[22m[39m
 [32mΓ£ô[39m tests/api-testing/jira-listener.test.ts [2m([22m[2m29 tests[22m[2m)[22m[33m 369[2mms[22m[39m
 [32mΓ£ô[39m tests/test-execution-reporting/docker/result-extractor-properties.test.ts [2m([22m[2m4 tests[22m[2m)[22m[33m 21433[2mms[22m[39m
       [33m[2mΓ£ô[22m[39m should extract complete results from successful execution [33m 5311[2mms[22m[39m
       [33m[2mΓ£ô[22m[39m should extract complete results from failed execution [33m 7228[2mms[22m[39m
       [33m[2mΓ£ô[22m[39m should capture stderr output from failed executions [33m 3429[2mms[22m[39m
       [33m[2mΓ£ô[22m[39m should capture both stdout and stderr when both are present [33m 5463[2mms[22m[39m
 [32mΓ£ô[39m tests/test-execution-reporting/docker/test-file-mounter.test.ts [2m([22m[2m17 tests[22m[2m)[22m[32m 232[2mms[22m[39m
 [32mΓ£ô[39m tests/api-testing/integration.test.ts [2m([22m[2m17 tests[22m[2m)[22m[32m 246[2mms[22m[39m
 [32mΓ£ô[39m tests/test-execution-reporting/docker/container-manager.test.ts [2m([22m[2m41 tests[22m[2m)[22m[32m 283[2mms[22m[39m
 [32mΓ£ô[39m tests/git-clone-preservation.test.ts [2m([22m[2m17 tests[22m[2m)[22m[32m 207[2mms[22m[39m
 [32mΓ£ô[39m tests/config.test.ts [2m([22m[2m10 tests[22m[2m)[22m[32m 158[2mms[22m[39m
 [32mΓ£ô[39m tests/test-execution-reporting/edge-cases.test.ts [2m([22m[2m16 tests[22m[2m)[22m[32m 193[2mms[22m[39m
 [32mΓ£ô[39m tests/test-execution-reporting/result-collector-properties.test.ts [2m([22m[2m13 tests[22m[2m)[22m[32m 135[2mms[22m[39m
 [32mΓ£ô[39m tests/test-execution-reporting/docker/test-file-mounter-properties.test.ts [2m([22m[2m4 tests[22m[2m)[22m[33m 1091[2mms[22m[39m
       [33m[2mΓ£ô[22m[39m should mount test files in subdirectories with correct container paths [33m 365[2mms[22m[39m
       [33m[2mΓ£ô[22m[39m should handle projects with all possible files present [33m 502[2mms[22m[39m
 [32mΓ£ô[39m tests/test-execution-reporting/report-generator-properties.test.ts [2m([22m[2m20 tests[22m[2m)[22m[32m 168[2mms[22m[39m
 [32mΓ£ô[39m tests/policy.preservation.test.ts [2m([22m[2m9 tests[22m[2m)[22m[32m 175[2mms[22m[39m
 [32mΓ£ô[39m tests/git-clone-bugfix-exploration.test.ts [2m([22m[2m8 tests[22m[2m)[22m[32m 141[2mms[22m[39m
 [32mΓ£ô[39m tests/es-module-test-generation-preservation.test.ts [2m([22m[2m7 tests[22m[2m)[22m[32m 67[2mms[22m[39m
 [32mΓ£ô[39m tests/test-execution-reporting/docker/docker-executor.test.ts [2m([22m[2m22 tests[22m[2m)[22m[32m 94[2mms[22m[39m
 [32mΓ£ô[39m tests/api-testing/endpoint-parser.test.ts [2m([22m[2m36 tests[22m[2m)[22m[32m 114[2mms[22m[39m
 [32mΓ£ô[39m tests/state-store.test.ts [2m([22m[2m14 tests[22m[2m)[22m[32m 142[2mms[22m[39m
 [32mΓ£ô[39m tests/policy.bugfix.test.ts [2m([22m[2m19 tests[22m[2m)[22m[32m 126[2mms[22m[39m
[90mstdout[2m | tests/api-testing/orchestrator.test.ts[2m > [22m[2mApiTestOrchestrator[2m > [22m[2mprocessTask[2m > [22m[2mshould process task with valid endpoint specification
[22m[39m{"taskKey":"TEST-3","success":false,"stage":"test_generation","error":"Cannot read properties of undefined (reading 'entries')","endpoints":[{"url":"https://api.example.com/users","method":"GET","headers":{},"expectedStatus":200,"testScenarios":["success"]}]}

 [32mΓ£ô[39m tests/api-testing/orchestrator.test.ts [2m([22m[2m11 tests[22m[2m)[22m[32m 125[2mms[22m[39m
 [32mΓ£ô[39m tests/test-execution-reporting/docker/config.test.ts [2m([22m[2m41 tests[22m[2m)[22m[32m 39[2mms[22m[39m
 [32mΓ£ô[39m tests/test-executor-database-config.test.ts [2m([22m[2m12 tests[22m[2m)[22m[32m 13[2mms[22m[39m
 [32mΓ£ô[39m tests/test-execution-reporting/result-collector.test.ts [2m([22m[2m17 tests[22m[2m)[22m[32m 48[2mms[22m[39m
[90mstdout[2m | tests/es-module-test-generation-bugfix-exploration.test.ts[2m > [22m[2mES Module Test Generation Bug Condition Exploration[2m > [22m[2mshould detect missing module system information in prompt for ES module repositories
[22m[39m
=== BUG CONDITION ANALYSIS ===
Repository Configuration:
  - package.json contains: "type": "module"
  - Source files use ES module syntax (import/export)

Generated Prompt Analysis:
  - Contains "module_system:" field: true
  - Contains "module_system: esm": true
  - Contains CommonJS pattern (require): false
  - Contains ES module pattern (import): false

Expected Behavior (After Fix):
  - Prompt should contain: "module_system: esm"
  - Prompt should guide AI to use: import http from 'http'
  - Generated tests should use ES module syntax

Actual Behavior (Unfixed Code):
  Γ£ô Prompt contains module system information (bug may be fixed)

=== END BUG CONDITION ANALYSIS ===


[90mstdout[2m | tests/es-module-test-generation-bugfix-exploration.test.ts[2m > [22m[2mES Module Test Generation Bug Condition Exploration[2m > [22m[2mshould detect ES module configuration in monorepo structure
[22m[39m
=== MONOREPO BUG CONDITION ===
Monorepo Structure:
  - Working directory: backend/
  - backend/package.json contains: "type": "module"

Prompt contains ES module indicator: true
=== END MONOREPO ANALYSIS ===


 [32mΓ£ô[39m tests/es-module-test-generation-bugfix-exploration.test.ts [2m([22m[2m3 tests[22m[2m)[22m[32m 54[2mms[22m[39m
 [32mΓ£ô[39m tests/project-detector.test.ts [2m([22m[2m27 tests[22m[2m)[22m[32m 42[2mms[22m[39m
 [32mΓ£ô[39m tests/api-testing/orchestrator/ApiTestOrchestrator.bugfix.test.ts [2m([22m[2m6 tests[22m[2m)[22m[32m 152[2mms[22m[39m
 [32mΓ£ô[39m tests/policy.bugfix-exploration.test.ts [2m([22m[2m5 tests[22m[2m)[22m[32m 8[2mms[22m[39m
[90mstdout[2m | tests/server-startup-flexible-discovery-bugfix-preservation.test.ts[2m > [22m[2mServer Startup Preservation Property Tests[2m > [22m[2mshould preserve successful server startup for standard entry points
[22m[39m
=== PRESERVATION PROPERTY 2.1: Standard Entry Points ===
Testing that standard entry points continue to work...

Testing: Standard index.js
  Entry point: index.js
  Server started: true
  Entry point used: index.js
Testing: Standard index.js
  Entry point: index.js
  Server started: true
  Entry point used: index.js
Testing: Standard src/app.js
  Entry point: src/app.js
  Server started: true
  Entry point used: src/app.js
Testing: Standard app.js
  Entry point: app.js
  Server started: true
  Entry point used: app.js

=== END PRESERVATION PROPERTY 2.1 ===


[90mstdout[2m | tests/server-startup-flexible-discovery-bugfix-preservation.test.ts[2m > [22m[2mServer Startup Preservation Property Tests[2m > [22m[2mshould preserve environment variable setup for all server startups
[22m[39m
=== PRESERVATION PROPERTY 2.2: Environment Variables ===
Testing that environment variables are set correctly...

Testing: Standard index.js with env vars
  Entry point: index.js
  Environment variables set: true
  Expected NODE_ENV: test
  Expected PORT: 3001
Testing: Standard app.js with env vars
  Entry point: app.js
  Environment variables set: true
  Expected NODE_ENV: test
  Expected PORT: 3001
Testing: Standard index.js with env vars
  Entry point: index.js
  Environment variables set: true
  Expected NODE_ENV: test
  Expected PORT: 3001
Testing: Standard src/index.js with env vars
  Entry point: src/index.js
  Environment variables set: true
  Expected NODE_ENV: test
  Expected PORT: 3001

=== END PRESERVATION PROPERTY 2.2 ===


[90mstdout[2m | tests/server-startup-flexible-discovery-bugfix-preservation.test.ts[2m > [22m[2mServer Startup Preservation Property Tests[2m > [22m[2mshould preserve log capture to /tmp/server.log
[22m[39m
=== PRESERVATION PROPERTY 2.3: Log Capture ===
Testing that logs are captured to /tmp/server.log...

Testing: Standard src/index.js
  Entry point: src/index.js
  Log file created: true
  Expected log file: /tmp/server.log
Testing: Standard src/app.js
  Entry point: src/app.js
  Log file created: true
  Expected log file: /tmp/server.log
Testing: Standard src/app.js
  Entry point: src/app.js
  Log file created: true
  Expected log file: /tmp/server.log
Testing: Standard src/index.js
  Entry point: src/index.js
  Log file created: true
  Expected log file: /tmp/server.log

=== END PRESERVATION PROPERTY 2.3 ===


[90mstdout[2m | tests/server-startup-flexible-discovery-bugfix-preservation.test.ts[2m > [22m[2mServer Startup Preservation Property Tests[2m > [22m[2mshould preserve PID tracking and crash detection
[22m[39m
=== PRESERVATION PROPERTY 2.4: Process Stability Checking ===
Testing that PID tracking and crash detection work...

Testing: Standard src/index.js
  Entry point: src/index.js
  PID tracked: true
  Crash detection works: true
  Expected PID file: /tmp/server.pid
Testing: Standard src/app.js
  Entry point: src/app.js
  PID tracked: true
  Crash detection works: true
  Expected PID file: /tmp/server.pid
Testing: Standard src/index.js
  Entry point: src/index.js
  PID tracked: true
  Crash detection works: true
  Expected PID file: /tmp/server.pid
Testing: Standard index.js
  Entry point: index.js
  PID tracked: true
  Crash detection works: true
  Expected PID file: /tmp/server.pid

=== END PRESERVATION PROPERTY 2.4 ===


[90mstdout[2m | tests/server-startup-flexible-discovery-bugfix-preservation.test.ts[2m > [22m[2mServer Startup Preservation Property Tests[2m > [22m[2mshould preserve all behaviors together for standard entry points
[22m[39m
=== COMPREHENSIVE PRESERVATION TEST ===
Testing all preservation requirements together...

Structure: Standard src/app.js
  Entry point: src/app.js
  Server started: true
  Environment variables set: true
  Log file created: true
  PID tracked: true
  Crash detection works: true
Structure: Standard app.js
  Entry point: app.js
  Server started: true
  Environment variables set: true
  Log file created: true
  PID tracked: true
  Crash detection works: true
Structure: Standard src/index.js
  Entry point: src/index.js
  Server started: true
  Environment variables set: true
  Log file created: true
  PID tracked: true
  Crash detection works: true
Structure: Standard index.js
  Entry point: index.js
  Server started: true
  Environment variables set: true
  Log file created: true
  PID tracked: true
  Crash detection works: true

=== END COMPREHENSIVE PRESERVATION TEST ===


[90mstdout[2m | tests/server-startup-flexible-discovery-bugfix-preservation.test.ts[2m > [22m[2mServer Startup Preservation Property Tests[2m > [22m[2mshould preserve startup script structure and behavior
[22m[39m
=== STARTUP SCRIPT STRUCTURE PRESERVATION ===
Verifying startup script components are preserved...

Current Startup Script Components:
  Output redirection: exec > /tmp/server.log 2>&1
  Environment setup: export NODE_ENV=test, export PORT=3001
  Entry point checking: 5 checks
  PID tracking: SERVER_PID=$!, echo $SERVER_PID > /tmp/server.pid
  Crash detection: sleep 2, kill -0 $SERVER_PID

Preservation Requirements:
  - Output redirection MUST remain: exec > /tmp/server.log 2>&1
  - Environment variables MUST be set: NODE_ENV, PORT, MONGODB_URL, JWT_SECRET
  - PID tracking MUST work: SERVER_PID=$!, echo to /tmp/server.pid
  - Crash detection MUST work: sleep 2, kill -0 check
  - Standard entry points MUST be checked first

=== END STARTUP SCRIPT STRUCTURE PRESERVATION ===


 [32mΓ£ô[39m tests/server-startup-flexible-discovery-bugfix-preservation.test.ts [2m([22m[2m6 tests[22m[2m)[22m[32m 24[2mms[22m[39m
 [32mΓ£ô[39m tests/test-execution-reporting/docker/errors.test.ts [2m([22m[2m23 tests[22m[2m)[22m[32m 26[2mms[22m[39m
 [32mΓ£ô[39m tests/api-testing/orchestrator/ApiTestOrchestrator.preservation.test.ts [2m([22m[2m6 tests[22m[2m)[22m[32m 46[2mms[22m[39m
[90mstdout[2m | tests/docker-async-arrow-function-preservation.test.ts[2m > [22m[2mDocker CJS to ESM Preservation Property Tests[2m > [22m[2mshould preserve top-level require transformation (no async)
[22m[39m
=== PRESERVATION TEST: Top-Level Require ===
Input:    const app = require('./app');
Expected: import app from './app.js';
Result:   import app from './app.js';
Match: true

Input:    const server = require('./server');
Expected: import server from './server.js';
Result:   import server from './server.js';
Match: true

Input:    const express = require('express');
Expected: import express from 'express';
Result:   import express from 'express';
Match: true

Input:    const app = require('./app');
Expected: import app from './app.js';
Result:   import app from './app.js';
Match: true

=== END PRESERVATION TEST ===


[90mstdout[2m | tests/docker-async-arrow-function-preservation.test.ts[2m > [22m[2mDocker CJS to ESM Preservation Property Tests[2m > [22m[2mshould preserve module.exports transformation
[22m[39m
=== PRESERVATION TEST: Module.exports ===
Input:    module.exports = app;
Expected: export default app;
Result:   export default app;
Match: true

Input:    module.exports = { foo: 'bar' };
Expected: export default { foo: 'bar' };
Result:   export default { foo: 'bar' };
Match: true

Input:    module.exports = function() { return 42; };
Expected: export default function() { return 42; };
Result:   export default function() { return 42; };
Match: true

=== END PRESERVATION TEST ===


[90mstdout[2m | tests/docker-async-arrow-function-preservation.test.ts[2m > [22m[2mDocker CJS to ESM Preservation Property Tests[2m > [22m[2mshould preserve exports.name transformation
[22m[39m
=== PRESERVATION TEST: Exports.name ===
Input:    exports.foo = bar;
Expected: export const foo = bar;
Result:   export const foo = bar;
Match: true

Input:    exports.handler = async (req, res) => {};
Expected: export const handler = async (req, res) => {};
Result:   export const handler = async (req, res) => {};
Match: true

Input:    exports.config = { port: 3000 };
Expected: export const config = { port: 3000 };
Result:   export const config = { port: 3000 };
Match: true

=== END PRESERVATION TEST ===


[90mstdout[2m | tests/docker-async-arrow-function-preservation.test.ts[2m > [22m[2mDocker CJS to ESM Preservation Property Tests[2m > [22m[2mshould preserve .js extension addition to relative imports
[22m[39m
=== PRESERVATION TEST: Extension Addition ===
Input:    import app from './app';
Expected: import app from './app.js';
Result:   import app from './app.js';
Match: true

Input:    import server from '../server';
Expected: import server from '../server.js';
Result:   import server from '../server.js';
Match: true

Input:    import config from './config.json';
Expected: import config from './config.json';
Result:   import config from './config.json';
Match: true

Input:    const app = require('./app');
Expected: import app from './app.js';
Result:   import app from './app.js';
Match: true

=== END PRESERVATION TEST ===


[90mstdout[2m | tests/docker-async-arrow-function-preservation.test.ts[2m > [22m[2mDocker CJS to ESM Preservation Property Tests[2m > [22m[2mshould preserve destructuring require transformation
[22m[39m
=== PRESERVATION TEST: Destructuring Require ===
Input:    const { foo } = require('./bar');
Expected: import { foo } from './bar.js';
Result:   import { foo } from './bar.js';
Match: true

Input:    const { foo, baz } = require('./bar');
Expected: import { foo, baz } from './bar.js';
Result:   import { foo, baz } from './bar.js';
Match: true

Input:    
const { handler } = require('./handlers');
Expected: 
import { handler } from './handlers.js';
Result:   
import { handler } from './handlers.js';
Match: true

=== END PRESERVATION TEST ===


[90mstdout[2m | tests/docker-async-arrow-function-preservation.test.ts[2m > [22m[2mDocker CJS to ESM Preservation Property Tests[2m > [22m[2mshould preserve side-effect require transformation
[22m[39m
=== PRESERVATION TEST: Side-Effect Require ===
Input:    require('./setup');
Expected: import './setup';
Result:   import './setup';
Match: true

Input:    
require('dotenv/config');
Expected: 
import 'dotenv/config';
Result:   
import 'dotenv/config';
Match: true

=== END PRESERVATION TEST ===


[90mstdout[2m | tests/docker-async-arrow-function-preservation.test.ts[2m > [22m[2mDocker CJS to ESM Preservation Property Tests[2m > [22m[2mshould preserve top-level require transformation across various patterns
[22m[39m
=== PROPERTY-BASED PRESERVATION TEST: Top-Level Require ===
Input:  const server = require('dotenv');
Result: import server from 'dotenv';
  Starts with import: true
  No async: true
  No await: true

Input:  const handler = require('./config');
Result: import handler from './config.js';
  Starts with import: true
  No async: true
  No await: true

Input:  const config = require('express');
Result: import config from 'express';
  Starts with import: true
  No async: true
  No await: true

Input:  const app = require('express');
Result: import app from 'express';
  Starts with import: true
  No async: true
  No await: true

Input:  const app = require('./app');
Result: import app from './app.js';
  Starts with import: true
  No async: true
  No await: true

=== END PROPERTY-BASED PRESERVATION TEST ===


[90mstdout[2m | tests/docker-async-arrow-function-preservation.test.ts[2m > [22m[2mDocker CJS to ESM Preservation Property Tests[2m > [22m[2mshould preserve module.exports transformation across various patterns
[22m[39m
=== PROPERTY-BASED PRESERVATION TEST: Module.exports ===
Input:  module.exports = 'string';
Result: export default 'string';
  Starts with export default: true

Input:  module.exports = app;
Result: export default app;
  Starts with export default: true

Input:  module.exports = 42;
Result: export default 42;
  Starts with export default: true

=== END PROPERTY-BASED PRESERVATION TEST ===


[90mstdout[2m | tests/docker-async-arrow-function-preservation.test.ts[2m > [22m[2mDocker CJS to ESM Preservation Property Tests[2m > [22m[2mshould preserve exports.name transformation across various patterns
[22m[39m
=== PROPERTY-BASED PRESERVATION TEST: Exports.name ===
Input:  exports.handler = 42;
Result: export const handler = 42;
  Starts with export const: true

Input:  exports.middleware = async () => {};
Result: export const middleware = async () => {};
  Starts with export const: true

Input:  exports.handler = bar;
Result: export const handler = bar;
  Starts with export const: true

Input:  exports.router = () => {};
Result: export const router = () => {};
  Starts with export const: true

Input:  exports.config = () => {};
Result: export const config = () => {};
  Starts with export const: true

=== END PROPERTY-BASED PRESERVATION TEST ===


[90mstdout[2m | tests/docker-async-arrow-function-preservation.test.ts[2m > [22m[2mDocker CJS to ESM Preservation Property Tests[2m > [22m[2mshould preserve .js extension addition across various patterns
[22m[39m
=== PROPERTY-BASED PRESERVATION TEST: Extension Addition ===
Input:  const module = require('./app');
Result: import module from './app.js';
  Has .js extension: true

Input:  const module = require('./utils/helper');
Result: import module from './utils/helper.js';
  Has .js extension: true

Input:  const module = require('./handlers/index');
Result: import module from './handlers/index.js';
  Has .js extension: true

Input:  const module = require('../app');
Result: import module from '../app.js';
  Has .js extension: true

Input:  const module = require('./utils/helper');
Result: import module from './utils/helper.js';
  Has .js extension: true

=== END PROPERTY-BASED PRESERVATION TEST ===


[90mstdout[2m | tests/docker-async-arrow-function-preservation.test.ts[2m > [22m[2mDocker CJS to ESM Preservation Property Tests[2m > [22m[2mshould preserve all transformations in mixed pattern file
[22m[39m
=== INTEGRATION TEST: Mixed Patterns ===
Input:
const express = require('express');
const app = require('./app');
const { handler } = require('./handlers');
require('./setup');

module.exports = app;
exports.config = { port: 3000 };

Expected:
import express from 'express';
import app from './app.js';
import { handler } from './handlers.js';
import './setup';

export default app;
export const config = { port: 3000 };

Result:
import express from 'express';
import app from './app.js';
import { handler } from './handlers.js';
import './setup';

export default app;
export const config = { port: 3000 };

Match: [33mtrue[39m
=== END INTEGRATION TEST ===


 [32mΓ£ô[39m tests/docker-async-arrow-function-preservation.test.ts [2m([22m[2m11 tests[22m[2m)[22m[32m 67[2mms[22m[39m
[90mstdout[2m | tests/docker-async-arrow-function-bugfix-exploration.test.ts[2m > [22m[2mDocker CJS to ESM Async Arrow Function Bug Condition Exploration[2m > [22m[2mshould detect that basic arrow function is not marked as async
[22m[39m
=== BUG CONDITION ANALYSIS: Basic Arrow Function ===
Input code:
  () => { const app = require('./app'); return app.listen(3001); }

Current (Buggy) Transformation:
  async () => { const { default: app } = await import('./app.js'); return app.listen(3001); }
  Contains 'async': true
  Contains 'await import': true
  Syntactically valid: true

Expected (Correct) Transformation:
  async () => { const { default: app } = await import('./app.js'); return app.listen(3001); }
  Contains 'async': true
  Contains 'await import': true
  Syntactically valid: true

Bug Impact:
  - Transformed code uses 'await' in non-async function
  - Node.js throws: SyntaxError: Unexpected reserved word
  - Test files fail to execute
=== END BUG CONDITION ANALYSIS ===


[90mstdout[2m | tests/docker-async-arrow-function-bugfix-exploration.test.ts[2m > [22m[2mDocker CJS to ESM Async Arrow Function Bug Condition Exploration[2m > [22m[2mshould detect that arrow function with parameters is not marked as async
[22m[39m
=== BUG CONDITION ANALYSIS: Arrow Function With Parameters ===
Input code:
  (port) => { const app = require('./app'); return app.listen(port); }

Current (Buggy) Transformation:
  async (port) => { const { default: app } = await import('./app.js'); return app.listen(port); }
  Contains 'async (port)': true
  Contains 'await import': true

Expected (Correct) Transformation:
  async (port) => { const { default: app } = await import('./app.js'); return app.listen(port); }
  Contains 'async (port)': true
  Contains 'await import': true

=== END BUG CONDITION ANALYSIS ===


[90mstdout[2m | tests/docker-async-arrow-function-bugfix-exploration.test.ts[2m > [22m[2mDocker CJS to ESM Async Arrow Function Bug Condition Exploration[2m > [22m[2mshould detect that multiple arrow functions are not marked as async
[22m[39m
=== BUG CONDITION ANALYSIS: Multiple Arrow Functions ===
Input code:

const startServer1 = () => { const app = require('./app'); return app.listen(3001); };
const startServer2 = () => { const server = require('./server'); return server.listen(8080); };

Current (Buggy) Transformation:

const startServer1 = async () => { const { default: app } = await import('./app.js'); return app.listen(3001); };
const startServer2 = async () => { const { default: server } = await import('./server.js'); return server.listen(8080); };


Expected (Correct) Transformation:

const startServer1 = async () => { const { default: app } = await import('./app.js'); return app.listen(3001); };
const startServer2 = async () => { const { default: server } = await import('./server.js'); return server.listen(8080); };


Buggy async count: 2
Expected async count: 2
=== END BUG CONDITION ANALYSIS ===


[90mstdout[2m | tests/docker-async-arrow-function-bugfix-exploration.test.ts[2m > [22m[2mDocker CJS to ESM Async Arrow Function Bug Condition Exploration[2m > [22m[2mshould detect missing async keyword across various arrow function patterns
[22m[39m
=== PROPERTY-BASED BUG EXPLORATION ===
Testing various arrow function patterns...


=== END PROPERTY-BASED EXPLORATION ===


[90mstdout[2m | tests/docker-async-arrow-function-bugfix-exploration.test.ts[2m > [22m[2mDocker CJS to ESM Async Arrow Function Bug Condition Exploration[2m > [22m[2mshould detect missing async keyword with different variable names
[22m[39m
=== EDGE CASE: Different Variable Names ===

Input: () => { const app = require('./app'); return app.listen(3001); }
Buggy: async () => { const { default: app } = await import('./app.js'); return app.listen(3001); }
Has async: true

Input: () => { const server = require('./server'); return server.listen(8080); }
Buggy: async () => { const { default: server } = await import('./server.js'); return server.listen(8080); }
Has async: true

Input: () => { const api = require('./api'); return api.listen(4000); }
Buggy: async () => { const { default: api } = await import('./api.js'); return api.listen(4000); }
Has async: true

=== END EDGE CASE ANALYSIS ===


[90mstdout[2m | tests/docker-async-arrow-function-bugfix-exploration.test.ts[2m > [22m[2mDocker CJS to ESM Async Arrow Function Bug Condition Exploration[2m > [22m[2mshould detect that transformed code is syntactically invalid
[22m[39m
=== SYNTAX VALIDATION ===
Transformed code:
  async () => { const { default: app } = await import('./app.js'); return app.listen(3001); }

Syntactically valid: true
=== END SYNTAX VALIDATION ===


 [32mΓ£ô[39m tests/docker-async-arrow-function-bugfix-exploration.test.ts [2m([22m[2m6 tests[22m[2m)[22m[32m 33[2mms[22m[39m
 [32mΓ£ô[39m tests/sanitize.test.ts [2m([22m[2m33 tests[22m[2m)[22m[32m 50[2mms[22m[39m
[90mstdout[2m | tests/docker-esm-file-extension-preservation.test.ts[2m > [22m[2mDocker ES Module File Extension Preservation Tests[2m > [22m[2mshould preserve .js extension for CommonJS projects (isEsm=false)
[22m[39m
=== COMMONJS PRESERVATION TEST ===
Repository Configuration:
  - package.json does NOT contain: "type": "module"
  - isEsm flag: false
  - Test file: test-api.js

Observed Behavior:
  - Test file remains: test-api.js
  - Extension: js

Expected Behavior:
  - Test file should remain: test-api.js
  - No renaming occurs for CommonJS projects

=== END COMMONJS PRESERVATION TEST ===


[90mstdout[2m | tests/docker-esm-file-extension-preservation.test.ts[2m > [22m[2mDocker ES Module File Extension Preservation Tests[2m > [22m[2mshould preserve .js extension across various CommonJS test files
[22m[39m
=== PROPERTY-BASED COMMONJS PRESERVATION ===
Testing various test file names for CommonJS projects...


=== END PROPERTY-BASED PRESERVATION ===


[90mstdout[2m | tests/docker-esm-file-extension-preservation.test.ts[2m > [22m[2mDocker ES Module File Extension Preservation Tests[2m > [22m[2mshould preserve .js extension for projects without package.json
[22m[39m
=== NO PACKAGE.JSON PRESERVATION ===
Repository Configuration:
  - No package.json file
  - isEsm flag: false (defaults to CommonJS)
  - Test file: test-api.js

Observed Behavior:
  - Test file remains: test-api.js

Expected Behavior:
  - Test file should remain: test-api.js
  - Defaults to CommonJS behavior

=== END NO PACKAGE.JSON TEST ===


[90mstdout[2m | tests/docker-esm-file-extension-preservation.test.ts[2m > [22m[2mDocker ES Module File Extension Preservation Tests[2m > [22m[2mshould preserve commands unchanged for CommonJS projects
[22m[39m
=== COMMAND PRESERVATION TEST ===
Original commands:
  - node test-api.js
  - npm test

Observed Behavior:
  - Test file: test-api.js
  - Commands remain:
    - node test-api.js
    - npm test

Expected Behavior:
  - Commands should remain unchanged

=== END COMMAND PRESERVATION TEST ===


[90mstdout[2m | tests/docker-esm-file-extension-preservation.test.ts[2m > [22m[2mDocker ES Module File Extension Preservation Tests[2m > [22m[2mshould preserve all test files unchanged in CommonJS projects
[22m[39m
=== MULTIPLE FILES PRESERVATION ===
Testing multiple test files in CommonJS project...

File 1:
  Original: test-api.js
  Result:   test-api.js
File 2:
  Original: test-integration.js
  Result:   test-integration.js
File 3:
  Original: test-e2e.js
  Result:   test-e2e.js

=== END MULTIPLE FILES PRESERVATION ===


[90mstdout[2m | tests/docker-esm-file-extension-preservation.test.ts[2m > [22m[2mDocker ES Module File Extension Preservation Tests[2m > [22m[2mshould preserve .js extension in monorepo CommonJS projects
[22m[39m
=== MONOREPO COMMONJS PRESERVATION ===
Monorepo Structure:
  - Working directory: backend/
  - backend/package.json does NOT have "type": "module"
  - Test file: backend/test-api.js

Observed Behavior:
  - Test file remains: backend/test-api.js

Expected Behavior:
  - Test file should remain: backend/test-api.js

=== END MONOREPO PRESERVATION ===


[90mstdout[2m | tests/docker-esm-file-extension-preservation.test.ts[2m > [22m[2mDocker ES Module File Extension Preservation Tests[2m > [22m[2mshould preserve files that already end in .cjs
[22m[39m
=== .CJS FILE PRESERVATION ===
Test file: test-api.cjs
  - With isEsm=true:  test-api.cjs
  - With isEsm=false: test-api.cjs

=== END .CJS PRESERVATION ===


[90mstdout[2m | tests/docker-esm-file-extension-preservation.test.ts[2m > [22m[2mDocker ES Module File Extension Preservation Tests[2m > [22m[2mshould preserve behavior across various CommonJS configurations
[22m[39m
=== PROPERTY-BASED CONFIGURATION PRESERVATION ===
Testing various CommonJS configurations...


=== END CONFIGURATION PRESERVATION ===


[90mstdout[2m | tests/docker-esm-file-extension-preservation.test.ts[2m > [22m[2mDocker ES Module File Extension Preservation Tests[2m > [22m[2mshould handle empty patches array correctly
[22m[39m
=== EMPTY PATCHES PRESERVATION ===
  - With isEsm=true:  0 patches
  - With isEsm=false: 0 patches

=== END EMPTY PATCHES TEST ===


[90mstdout[2m | tests/docker-esm-file-extension-preservation.test.ts[2m > [22m[2mDocker ES Module File Extension Preservation Tests[2m > [22m[2mshould preserve non-.js files unchanged
[22m[39m
=== NON-.JS FILES PRESERVATION ===
File: test-api.ts
  - With isEsm=true:  test-api.ts
  - With isEsm=false: test-api.ts
File: test-api.py
  - With isEsm=true:  test-api.py
  - With isEsm=false: test-api.py
File: test-api.mjs
  - With isEsm=true:  test-api.mjs
  - With isEsm=false: test-api.mjs
File: test-api.cjs
  - With isEsm=true:  test-api.cjs
  - With isEsm=false: test-api.cjs

=== END NON-.JS FILES TEST ===


 [32mΓ£ô[39m tests/docker-esm-file-extension-preservation.test.ts [2m([22m[2m10 tests[22m[2m)[22m[32m 64[2mms[22m[39m
 [32mΓ£ô[39m tests/jira-custom-field-bugfix-exploration.test.ts [2m([22m[2m5 tests[22m[2m)[22m[32m 31[2mms[22m[39m
 [32mΓ£ô[39m tests/test-execution-reporting/language-detector-properties.test.ts [2m([22m[2m10 tests[22m[2m)[22m[32m 31[2mms[22m[39m
[90mstdout[2m | tests/server-startup-flexible-discovery-bugfix-exploration.test.ts[2m > [22m[2mServer Startup Flexible Discovery Bug Condition Exploration[2m > [22m[2mshould detect that monorepo backend structure fails to start server
[22m[39m
=== BUG CONDITION ANALYSIS: Monorepo Backend ===
Repository Structure:
  - Server entry point: backend/src/app.js
  - Description: Monorepo with backend subdirectory

Current (Buggy) Behavior:
  - Server discovered: true
  - Attempted paths: app.js, index.js, server.js, main.js, start.js, src/app.js, src/index.js, src/server.js, src/main.js, src/start.js, backend/app.js, backend/index.js, backend/server.js, backend/main.js, backend/start.js, backend/src/app.js

Expected (Correct) Behavior:
  - Server discovered: true
  - Discovery method: file system search

Bug Impact:
  - System only checks 4 hardcoded paths at root level
  - Falls back to require('./src/app') which fails
  - Tests receive 'Connection refused' errors
  - No diagnostic information about what was attempted

=== END BUG CONDITION ANALYSIS ===


[90mstdout[2m | tests/server-startup-flexible-discovery-bugfix-exploration.test.ts[2m > [22m[2mServer Startup Flexible Discovery Bug Condition Exploration[2m > [22m[2mshould detect that non-standard naming (server.js) fails to start server
[22m[39m
=== BUG CONDITION ANALYSIS: Non-Standard Naming ===
Repository Structure:
  - Server entry point: server.js
  - Description: Repository with server.js entry point

Current (Buggy) Behavior:
  - Server discovered: true
  - Attempted paths: app.js, index.js, server.js

Expected (Correct) Behavior:
  - Server discovered: true
  - Discovery method: file system search

Bug Impact:
  - System only checks app.js and index.js variants
  - Misses common naming patterns like server.js, main.js, start.js
  - Server never starts, tests fail with connection errors

=== END BUG CONDITION ANALYSIS ===


[90mstdout[2m | tests/server-startup-flexible-discovery-bugfix-exploration.test.ts[2m > [22m[2mServer Startup Flexible Discovery Bug Condition Exploration[2m > [22m[2mshould detect that package.json start scripts are ignored
[22m[39m
=== BUG CONDITION ANALYSIS: Package.json Start Script ===
Repository Structure:
  - Server entry point: custom/path/server.js
  - package.json start script: node custom/path/server.js
  - Description: Repository with package.json start script

Current (Buggy) Behavior:
  - Server discovered: true
  - Attempted paths: package.json:scripts.start
  - package.json checked: false

Expected (Correct) Behavior:
  - Server discovered: true
  - Discovery method: package.json start script
  - package.json checked: true

Bug Impact:
  - System ignores package.json start scripts
  - Misses the standard way Node.js projects define entry points
  - Cannot start servers with custom entry point paths

=== END BUG CONDITION ANALYSIS ===


[90mstdout[2m | tests/server-startup-flexible-discovery-bugfix-exploration.test.ts[2m > [22m[2mServer Startup Flexible Discovery Bug Condition Exploration[2m > [22m[2mshould detect that nested monorepo structures fail to start server
[22m[39m
=== BUG CONDITION ANALYSIS: Nested Monorepo ===
Repository Structure:
  - Server entry point: packages/api/src/index.js
  - Description: Nested monorepo with packages/api/src/index.js

Current (Buggy) Behavior:
  - Server discovered: true
  - Attempted paths: app.js, index.js, server.js, main.js, start.js, src/app.js, src/index.js, src/server.js, src/main.js, src/start.js, backend/app.js, backend/index.js, backend/server.js, backend/main.js, backend/start.js, backend/src/app.js, backend/src/index.js, backend/src/server.js, backend/src/main.js, backend/src/start.js, server/app.js, server/index.js, server/server.js, server/main.js, server/start.js, server/src/app.js, server/src/index.js, server/src/server.js, server/src/main.js, server/src/start.js, api/app.js, api/index.js, api/server.js, api/main.js, api/start.js, api/src/app.js, api/src/index.js, api/src/server.js, api/src/main.js, api/src/start.js, packages/api/app.js, packages/api/index.js, packages/api/server.js, packages/api/main.js, packages/api/start.js, packages/api/src/app.js, packages/api/src/index.js

Expected (Correct) Behavior:
  - Server discovered: true
  - Discovery method: file system search

Bug Impact:
  - System only checks root and src/ directories
  - Misses packages/* monorepo pattern
  - Cannot start servers in nested package structures

=== END BUG CONDITION ANALYSIS ===


[90mstdout[2m | tests/server-startup-flexible-discovery-bugfix-exploration.test.ts[2m > [22m[2mServer Startup Flexible Discovery Bug Condition Exploration[2m > [22m[2mshould detect server discovery failures across various repository structures
[22m[39m
=== PROPERTY-BASED BUG EXPLORATION ===
Testing various repository structures...


=== END PROPERTY-BASED EXPLORATION ===


[90mstdout[2m | tests/server-startup-flexible-discovery-bugfix-exploration.test.ts[2m > [22m[2mServer Startup Flexible Discovery Bug Condition Exploration[2m > [22m[2mshould verify that standard entry points work correctly (preservation baseline)
[22m[39m
=== PRESERVATION BASELINE ===
Testing standard entry points that should continue to work...

Structure: Standard src/app.js
  Entry point: src/app.js
  Buggy discovered: true
  Correct discovered: true
Structure: Standard app.js
  Entry point: app.js
  Buggy discovered: true
  Correct discovered: true
Structure: Standard src/index.js
  Entry point: src/index.js
  Buggy discovered: true
  Correct discovered: true
Structure: Standard index.js
  Entry point: index.js
  Buggy discovered: true
  Correct discovered: true

=== END PRESERVATION BASELINE ===


[90mstdout[2m | tests/server-startup-flexible-discovery-bugfix-exploration.test.ts[2m > [22m[2mServer Startup Flexible Discovery Bug Condition Exploration[2m > [22m[2mshould provide comprehensive error diagnostics when server is not found
[22m[39m
=== DIAGNOSTIC ANALYSIS ===
Testing error diagnostic quality...

Current Error Diagnostics:
  - Error message: No valid server entry point found after checking all locations
  - Attempted paths shown: Yes
  - Number of paths checked: 60
  - Package.json checked: Yes (implicitly)
  - Subdirectories searched: Yes

Expected Error Diagnostics:
  - List all attempted paths Γ£ô
  - Show package.json was checked Γ£ô
  - Show subdirectories were searched Γ£ô
  - Provide clear guidance on what was tried Γ£ô

Fix Impact:
  - Users can now see all paths that were attempted
  - Clear visibility into the discovery process
  - Easy to debug repository structure issues

=== END DIAGNOSTIC ANALYSIS ===


 [32mΓ£ô[39m tests/server-startup-flexible-discovery-bugfix-exploration.test.ts [2m([22m[2m7 tests[22m[2m)[22m[32m 95[2mms[22m[39m
 [32mΓ£ô[39m tests/policy.test.ts [2m([22m[2m21 tests[22m[2m)[22m[32m 32[2mms[22m[39m
[90mstdout[2m | tests/docker-esm-file-extension-bugfix-exploration.test.ts[2m > [22m[2mDocker ES Module File Extension Bug Condition Exploration[2m > [22m[2mshould detect that ES module projects incorrectly receive .cjs test files
[22m[39m
=== BUG CONDITION ANALYSIS ===
Repository Configuration:
  - package.json contains: "type": "module"
  - isEsm flag: true
  - Test file: test-api.js

Current (Buggy) Behavior:
  - Test file renamed to: test-api.mjs
  - Extension: mjs

Expected (Correct) Behavior:
  - Test file should be renamed to: test-api.mjs
  - Extension: mjs

Bug Impact:
  - .cjs files use CommonJS require() syntax
  - CommonJS require() cannot import ES module files
  - Module resolution fails with: Cannot find module './src/app'
  - Tests cannot start server programmatically
  - Tests fail with exit code 1

=== END BUG CONDITION ANALYSIS ===


[90mstdout[2m | tests/docker-esm-file-extension-bugfix-exploration.test.ts[2m > [22m[2mDocker ES Module File Extension Bug Condition Exploration[2m > [22m[2mshould detect incorrect .cjs extension across various test file names
[22m[39m
=== PROPERTY-BASED BUG EXPLORATION ===
Testing various test file names for ES module projects...


=== END PROPERTY-BASED EXPLORATION ===


[90mstdout[2m | tests/docker-esm-file-extension-bugfix-exploration.test.ts[2m > [22m[2mDocker ES Module File Extension Bug Condition Exploration[2m > [22m[2mshould detect incorrect .cjs extension in monorepo ES module projects
[22m[39m
=== MONOREPO BUG CONDITION ===
Monorepo Structure:
  - Working directory: backend/
  - backend/package.json contains: "type": "module"
  - Test file: backend/test-api.js

Current (Buggy) Behavior:
  - Test file renamed to: backend/test-api.mjs

Expected (Correct) Behavior:
  - Test file should be renamed to: backend/test-api.mjs

=== END MONOREPO ANALYSIS ===


[90mstdout[2m | tests/docker-esm-file-extension-bugfix-exploration.test.ts[2m > [22m[2mDocker ES Module File Extension Bug Condition Exploration[2m > [22m[2mshould detect that commands are updated with .cjs instead of .mjs
[22m[39m
=== COMMAND UPDATE BUG ===
Original command: node test-api.js
Buggy command:    node test-api.mjs
Expected command: node test-api.mjs
=== END COMMAND UPDATE ANALYSIS ===


[90mstdout[2m | tests/docker-esm-file-extension-bugfix-exploration.test.ts[2m > [22m[2mDocker ES Module File Extension Bug Condition Exploration[2m > [22m[2mshould detect that all test files are renamed to .cjs instead of .mjs
[22m[39m
=== MULTIPLE FILES BUG ===
Testing multiple test files...

File 1:
  Original:  test-api.js
  Buggy:     test-api.mjs
  Expected:  test-api.mjs
File 2:
  Original:  test-integration.js
  Buggy:     test-integration.mjs
  Expected:  test-integration.mjs
File 3:
  Original:  test-e2e.js
  Buggy:     test-e2e.mjs
  Expected:  test-e2e.mjs

=== END MULTIPLE FILES ANALYSIS ===


 [32mΓ£ô[39m tests/docker-esm-file-extension-bugfix-exploration.test.ts [2m([22m[2m6 tests[22m[2m)[22m[32m 24[2mms[22m[39m
 [32mΓ£ô[39m tests/test-execution-reporting/config.test.ts [2m([22m[2m10 tests[22m[2m)[22m[32m 19[2mms[22m[39m
 [32mΓ£ô[39m tests/test-execution-reporting/report-generator.test.ts [2m([22m[2m15 tests[22m[2m)[22m[32m 15[2mms[22m[39m
 [32mΓ£ô[39m tests/api-testing/models.test.ts [2m([22m[2m14 tests[22m[2m)[22m[32m 20[2mms[22m[39m
 [32mΓ£ô[39m tests/test-execution-reporting/types.test.ts [2m([22m[2m15 tests[22m[2m)[22m[32m 12[2mms[22m[39m
 [32mΓ£ô[39m tests/database-detection-unit.test.ts [2m([22m[2m13 tests[22m[2m)[22m[32m 56[2mms[22m[39m
 [32mΓ£ô[39m tests/test-execution-reporting/language-detector.test.ts [2m([22m[2m19 tests[22m[2m)[22m[32m 17[2mms[22m[39m
 [31mΓ¥»[39m tests/test-execution-reporting/docker/result-extractor.test.ts [2m([22m[2m11 tests[22m[2m | [22m[31m1 failed[39m[2m)[22m[33m 32452[2mms[22m[39m
       [33m[2mΓ£ô[22m[39m should capture stdout from container [33m 3832[2mms[22m[39m
       [33m[2mΓ£ô[22m[39m should capture stderr from container [33m 2085[2mms[22m[39m
       [33m[2mΓ£ô[22m[39m should capture both stdout and stderr [33m 2823[2mms[22m[39m
       [33m[2mΓ£ô[22m[39m should handle empty logs [33m 2946[2mms[22m[39m
       [33m[2mΓ£ô[22m[39m should handle log truncation for large outputs [33m 2203[2mms[22m[39m
       [33m[2mΓ£ô[22m[39m should extract exit code 0 for successful execution [33m 1623[2mms[22m[39m
       [33m[2mΓ£ô[22m[39m should extract non-zero exit code for failed execution [33m 2439[2mms[22m[39m
       [33m[2mΓ£ô[22m[39m should extract exit code 1 for general failures [33m 2541[2mms[22m[39m
       [33m[2mΓ£ô[22m[39m should calculate execution duration correctly [33m 3914[2mms[22m[39m
[31m       [31m├ù[31m should include all Docker metadata[39m[33m 5102[2mms[22m[39m
       [33m[2mΓ£ô[22m[39m should handle containers with no output [33m 2942[2mms[22m[39m
 [32mΓ£ô[39m tests/database-config-preservation.test.ts [2m([22m[2m9 tests[22m[2m)[22m[32m 14[2mms[22m[39m
 [32mΓ£ô[39m tests/validation.test.ts [2m([22m[2m6 tests[22m[2m)[22m[32m 13[2mms[22m[39m
 [32mΓ£ô[39m tests/docker-esm-integration.test.ts [2m([22m[2m13 tests[22m[2m)[22m[32m 15[2mms[22m[39m
 [32mΓ£ô[39m tests/database-config-bugfix-exploration.test.ts [2m([22m[2m8 tests[22m[2m)[22m[32m 23[2mms[22m[39m
 [32mΓ£ô[39m tests/context.test.ts [2m([22m[2m10 tests[22m[2m)[22m[32m 13[2mms[22m[39m
 [32mΓ£ô[39m tests/logger.test.ts [2m([22m[2m4 tests[22m[2m)[22m[32m 9[2mms[22m[39m
 [32mΓ£ô[39m tests/ai-prompt-module-system.test.ts [2m([22m[2m4 tests[22m[2m)[22m[32m 8[2mms[22m[39m
 [32mΓ£ô[39m tests/runtimeSelector.test.ts [2m([22m[2m5 tests[22m[2m)[22m[32m 8[2mms[22m[39m
 [32mΓ£ô[39m tests/reporter.test.ts [2m([22m[2m5 tests[22m[2m)[22m[32m 7[2mms[22m[39m
 [32mΓ£ô[39m tests/es-module-bugfix-exploration.test.ts [2m([22m[2m1 test[22m[2m)[22m[32m 6[2mms[22m[39m
 [32mΓ£ô[39m tests/jira-helpers.test.ts [2m([22m[2m12 tests[22m[2m)[22m[32m 8[2mms[22m[39m
 [32mΓ£ô[39m tests/test-execution-reporting/docker/container-manager-properties.test.ts [2m([22m[2m6 tests[22m[2m)[22m[33m 36879[2mms[22m[39m
       [33m[2mΓ£ô[22m[39m should clean up containers after successful execution [33m 6028[2mms[22m[39m
       [33m[2mΓ£ô[22m[39m should clean up containers after failed execution [33m 7009[2mms[22m[39m
       [33m[2mΓ£ô[22m[39m should retry cleanup with exponential backoff on failure [33m 9105[2mms[22m[39m
       [33m[2mΓ£ô[22m[39m should throw CleanupError after exhausting all retries [33m 7096[2mms[22m[39m
       [33m[2mΓ£ô[22m[39m should create containers with the specified network mode [33m 4367[2mms[22m[39m
       [33m[2mΓ£ô[22m[39m should log warning for non-none network modes [33m 3271[2mms[22m[39m
 [31mΓ¥»[39m tests/test-execution-reporting/bug-condition-exploration.test.ts [2m([22m[2m12 tests[22m[2m | [22m[31m3 failed[39m[2m | [22m[33m7 skipped[39m[2m)[22m[33m 36963[2mms[22m[39m
       [33m[2mΓ£ô[22m[39m should assign timestamp field when extractResults is called with startTime [33m 3843[2mms[22m[39m
       [32mΓ£ô[39m should detect Turkish when Turkish indicators exceed English by 3+[32m 7[2mms[22m[39m
[31m       [31m├ù[31m should execute complete pipeline for Node.js test runner[39m[33m 5020[2mms[22m[39m
[31m       [31m├ù[31m should execute complete pipeline with Turkish language detection[39m[33m 9082[2mms[22m[39m
[31m       [31m├ù[31m should pass framework as environment variable to container[39m[33m 5007[2mms[22m[39m
       [2m[90mΓåô[39m[22m should complete build and execute preservation test 1
       [2m[90mΓåô[39m[22m should complete build and execute preservation test 2
       [2m[90mΓåô[39m[22m should complete build and execute preservation test 3
       [2m[90mΓåô[39m[22m should complete build and execute preservation test 4
       [2m[90mΓåô[39m[22m should complete build and execute preservation test 5
       [2m[90mΓåô[39m[22m should complete build and execute preservation test 6
       [2m[90mΓåô[39m[22m should complete build and execute preservation test 7
 [31mΓ¥»[39m tests/test-execution-reporting/pipeline.test.ts [2m([22m[2m10 tests[22m[2m | [22m[31m3 failed[39m[2m)[22m[33m 55269[2mms[22m[39m
       [33m[2mΓ£ô[22m[39m should execute complete pipeline for Node.js test runner [33m 7246[2mms[22m[39m
       [33m[2mΓ£ô[22m[39m should execute complete pipeline with Turkish language detection [33m 7282[2mms[22m[39m
       [33m[2mΓ£ô[22m[39m should handle missing test file gracefully [33m 3762[2mms[22m[39m
[31m       [31m├ù[31m should handle PR update failure gracefully[39m[33m 10017[2mms[22m[39m
[31m       [31m├ù[31m should handle Jest test files[39m[33m 5359[2mms[22m[39m
[31m       [31m├ù[31m should handle Mocha test files[39m[33m 5007[2mms[22m[39m
       [33m[2mΓ£ô[22m[39m should handle Vitest test files [33m 4942[2mms[22m[39m
       [33m[2mΓ£ô[22m[39m should include all required report sections [33m 4518[2mms[22m[39m
       [33m[2mΓ£ô[22m[39m should include test details in report [33m 3880[2mms[22m[39m
       [33m[2mΓ£ô[22m[39m should continue pipeline after recoverable errors [33m 3253[2mms[22m[39m
 [32mΓ£ô[39m tests/test-execution-reporting/docker/docker-executor-properties.test.ts [2m([22m[2m9 tests[22m[2m | [22m[33m1 skipped[39m[2m)[22m[33m 61275[2mms[22m[39m
       [33m[2mΓ£ô[22m[39m executes tests inside Docker containers and produces results [33m 12147[2mms[22m[39m
       [33m[2mΓ£ô[22m[39m passes framework as environment variable to container [33m 12846[2mms[22m[39m
       [33m[2mΓ£ô[22m[39m enforces timeout and terminates container [33m 10760[2mms[22m[39m
       [33m[2mΓ£ô[22m[39m uses custom image when specified in options [33m 6819[2mms[22m[39m
       [33m[2mΓ£ô[22m[39m validates image exists before container creation [33m 8475[2mms[22m[39m
       [33m[2mΓ£ô[22m[39m throws error for invalid image names [33m 983[2mms[22m[39m
       [33m[2mΓ£ô[22m[39m automatically pulls missing images from registry [33m 9223[2mms[22m[39m
 [32mΓ£ô[39m tests/server-startup-flexible-discovery-integration.test.ts [2m([22m[2m7 tests[22m[2m)[22m[33m 68118[2mms[22m[39m
     [33m[2mΓ£ô[22m[39m should start server in monorepo with backend subdirectory [33m 17255[2mms[22m[39m
     [33m[2mΓ£ô[22m[39m should start server with non-standard naming (server.js) [33m 8727[2mms[22m[39m
     [33m[2mΓ£ô[22m[39m should execute package.json start script [33m 10418[2mms[22m[39m
     [33m[2mΓ£ô[22m[39m should start server in nested monorepo (packages/api/src/index.js) [33m 6397[2mms[22m[39m
     [33m[2mΓ£ô[22m[39m should allow Python API tests to connect to discovered server [33m 18323[2mms[22m[39m
     [33m[2mΓ£ô[22m[39m should provide comprehensive error diagnostics when no entry point exists [33m 2011[2mms[22m[39m
     [33m[2mΓ£ô[22m[39m should verify server readiness after discovery [33m 4984[2mms[22m[39m
 [31mΓ¥»[39m tests/test-execution-reporting/test-executor-properties.test.ts [2m([22m[2m13 tests[22m[2m | [22m[31m1 failed[39m[2m)[22m[33m 130095[2mms[22m[39m
       [33m[2mΓ£ô[22m[39m should enforce timeout for any execution duration exceeding the limit [33m 20214[2mms[22m[39m
[31m       [31m├ù[31m should not timeout for executions within the limit[39m[33m 76784[2mms[22m[39m
       [32mΓ£ô[39m should detect framework from package.json test script[32m 27[2mms[22m[39m
       [32mΓ£ô[39m should detect framework from package.json dependencies[32m 18[2mms[22m[39m
       [32mΓ£ô[39m should detect framework from file syntax[32m 19[2mms[22m[39m
       [32mΓ£ô[39m should default to node:test when no framework indicators present[32m 17[2mms[22m[39m
       [32mΓ£ô[39m should prioritize package.json over file syntax[32m 17[2mms[22m[39m
       [33m[2mΓ£ô[22m[39m should not modify test file during execution [33m 1662[2mms[22m[39m
       [33m[2mΓ£ô[22m[39m should not modify source files referenced by tests [33m 1633[2mms[22m[39m
       [33m[2mΓ£ô[22m[39m should not leave temporary files after execution [33m 1750[2mms[22m[39m
       [33m[2mΓ£ô[22m[39m should clean up temporary files even after timeout [33m 22537[2mms[22m[39m
       [33m[2mΓ£ô[22m[39m should clean up temporary files even after execution errors [33m 1607[2mms[22m[39m
       [33m[2mΓ£ô[22m[39m should preserve file integrity across multiple executions [33m 3802[2mms[22m[39m

[31mΓÄ»ΓÄ»ΓÄ»ΓÄ»ΓÄ»ΓÄ»[39m[1m[41m 
Failed Suites 1 
[49m[22m[31mΓÄ»ΓÄ»ΓÄ»ΓÄ»ΓÄ»ΓÄ»ΓÄ»[39m

[41m[1m FAIL [22m[49m tests/test-executi
on-reporting/bug-condition-exploration.test.
ts[2m > [22mBug Condition Exploration 
Tests[2m > [22mTest 1.6: Build Process 
Test
[31m[1mError[22m: Hook timed out in 
10000ms.
If this is a long-running hook, pass a 
timeout value as the last argument or 
configure it globally with 
"hookTimeout".[39m
[36m [2mΓ¥»[22m tests/test-execution-repo
rting/bug-condition-exploration.test.ts:[2m
309:5[22m[39m
    [90m307| [39m   */[39m
    [90m308| [39m  
[34mdescribe[39m([32m'Test 1.6: Build 
Process Test'[39m[33m,[39m () 
[33m=>[39m {
    [90m309| [39m    
[34mbeforeAll[39m(() [33m=>[39m {
    [90m   | [39m    [31m^[39m
    [90m310| [39m      [90m// Run build 
process[39m
    [90m311| [39m      
[34mexecSync[39m([32m'npm run 
build'[39m[33m,[39m { 
encoding[33m:[39m 
[32m'utf-8'[39m[33m,[39m 
stdio[33m:[39m [32m'pipe'[39m 
})[33m;[39m

[31m[2mΓÄ»ΓÄ»ΓÄ»ΓÄ»ΓÄ»ΓÄ»ΓÄ»ΓÄ»ΓÄ»ΓÄ»ΓÄ»ΓÄ
»ΓÄ»ΓÄ»ΓÄ»ΓÄ»ΓÄ»ΓÄ»ΓÄ»ΓÄ»ΓÄ»ΓÄ»ΓÄ»[1/15]ΓÄ»
[22m[39m


[31mΓÄ»ΓÄ»ΓÄ»ΓÄ»ΓÄ»ΓÄ»[39m[1m[41m 
Failed Tests 14 
[49m[22m[31mΓÄ»ΓÄ»ΓÄ»ΓÄ»ΓÄ»ΓÄ»ΓÄ»[39m

[41m[1m FAIL [22m[49m 
tests/ai-provider.test.ts[2m > [22mAI 
Provider Utilities[2m > 
[22mbuildSystemPrompt[2m > [22mshould 
always mandate Node.js for tests
[31m[1mAssertionError[22m: expected 'You 
are an expert API testing engineeΓÇª' to 
contain 'ALL TESTS IN NODE.JS'[39m

[32m- Expected[39m
[31m+ Received[39m

[32m- ALL TESTS IN NODE.JS[39m
[31m+ You are an expert API testing 
engineer. Your mission: read a Jira issue 
(plain text), analyze the repo's source 
code, and generate API endpoint tests.[39m
[31m+[39m
[31m+ =====================================
===========================================
[39m
[31m+ ΓÜá∩╕Å SINGLE TEST LANGUAGE RULE: 
ALL TESTS IN PYTHON ΓÇö NO EXCEPTIONS[39m
[31m+ =====================================
===========================================
[39m
[31m+ Regardless of what language the API 
is written in (Node.js, Go, Java, 
etc.),[39m
[31m+ ALL test files MUST be written in 
Python using ONLY standard library 
modules:[39m
[31m+   - http.client or urllib.request 
ΓÇö make HTTP requests[39m
[31m+   - json ΓÇö parse/serialize 
JSON[39m
[31m+   - sys, os ΓÇö system utilities[39m
[31m+   - time ΓÇö delays and timeouts[39m
[31m+[39m
[31m+ WHY: One language = one pattern = 
maximum stability. API tests are just 
HTTP[39m
[31m+ requests and assertions ΓÇö the 
server language is irrelevant to the test 
language.[39m
[31m+[39m
[31m+ Python is chosen because:[39m
[31m+   - Simple, readable syntax[39m
[31m+   - Excellent built-in HTTP 
client[39m
[31m+   - No dependency installation 
needed (uses stdlib only)[39m
[31m+   - Works everywhere 
(cross-platform)[39m
[31m+ =====================================
===========================================
[39m
[31m+[39m
[31m+ INTERPRETING PLAIN TEXT JIRA 
DESCRIPTIONS[39m
[31m+ The Jira issue will describe testing 
requirements in natural language, e.g.:[39m
[31m+ - "Test the POST /v1/auth/register 
endpoint"[39m
[31m+ - "Verify auth routes are working 
correctly"[39m
[31m+ - "Write tests for the booking 
flow"[39m
[31m+[39m
[31m+ You MUST extract: endpoints, HTTP 
methods, expected behaviors, and edge 
cases.[39m
[31m+ If the description is vague, analyze 
the source code to identify relevant 
routes.[39m
[31m+[39m
[31m+ CRITICAL: BEFORE CREATING TEST 
CODE[39m
[31m+ 1. READ the source files to 
understand routes, endpoints, and API 
structure[39m
[31m+ 2. IDENTIFY the server entry point 
(if applicable):[39m
[31m+    - For Node.js: Look for app.js, 
server.js, index.js, main.js[39m
[31m+    - For Python: Look for app.py, 
main.py, server.py, wsgi.py[39m
[31m+    - For Go: Look for main.go, 
server.go[39m
[31m+    - For Java: Look for 
Application.java, Main.java[39m
[31m+ 3. UNDERSTAND: Python tests will 
make HTTP requests to a running server[39m
[31m+    - Tests do NOT start the server 
themselves[39m
[31m+    - Tests assume server is running 
on localhost:3001 (or specified port)[39m
[31m+    - If server is not running, tests 
will fail with connection errors[39m
[31m+ 4. For ALL repos: Python test 
connects to the running server via HTTP[39m
[31m+[39m
[31m+ SERVER STARTUP (IMPORTANT!)[39m
[31m+ Python tests do NOT start the 
server. The test execution system will 
automatically[39m
[31m+ start the server before running your 
tests. Your Python test should:[39m
[31m+   - Connect to http://localhost:3001 
(default port)[39m
[31m+   - Handle connection errors 
gracefully[39m
[31m+   - Print clear error messages if 
server is not responding[39m
[31m+[39m
[31m+ The test execution system will:[39m
[31m+   1. Install server dependencies 
(npm ci, pip install, etc.)[39m
[31m+   2. Start the server using common 
entry points[39m
[31m+   3. Wait for server to be ready on 
port 3001[39m
[31m+   4. Run your Python test[39m
[31m+   5. Clean up after tests 
complete[39m
[31m+[39m
[31m+ ABSOLUTE CONSTRAINTS 
(NON-NEGOTIABLE)[39m
[31m+[39m
[31m+ 1) Use ONLY provided files ΓÇö do 
NOT assume files exist that aren't 
shown.[39m
[31m+ 2) Output MUST be STRICT JSON ONLY 
ΓÇö no markdown, no code fences.[39m
[31m+ 3) SAFE commands only ΓÇö no shell 
operators (&&, ||, ;, |, >, <), no 
sudo/rm.[39m
[31m+ 4) NEVER use "npm ci" or "npm 
install" ΓÇö deps are auto-installed.[39m
[31m+ 5) Modify at most 5 files unless 
explicitly required.[39m
[31m+[39m
[31m+ RESPONSE FORMAT (STRICT JSON)[39m
[31m+ {[39m
[31m+   "summary": "Which endpoints are 
being tested and why",[39m
[31m+   "plan": "Test plan: endpoints, 
scenarios, assertions",[39m
[31m+   "patches": [[39m
[31m+     { "path": 
"relative/path/to/test-file.py", "content": 
"...", "action": "create" }[39m
[31m+   ],[39m
[31m+   "commands": ["python 
test-api.py"],[39m
[31m+   "environment": "python"[39m
[31m+ }[39m
[31m+[39m
[31m+ PATCH RULES[39m
[31m+ - Relative paths only. No .env, 
.git/*, or secret files.[39m
[31m+ - "content" = COMPLETE final file 
content.[39m
[31m+ - Test files MUST have .py 
extension[39m
[31m+ - "environment" MUST always be 
"python" (tests always run in Python).[39m
[31m+[39m
[31m+ PYTHON API TEST TEMPLATE (MANDATORY 
STRUCTURE)[39m
[31m+ Every test file MUST follow this 
pattern:[39m
[31m+[39m
[31m+ ```python[39m
[31m+ #!/usr/bin/env python3[39m
[31m+ """[39m
[31m+ API Test Suite[39m
[31m+ Tests for [ENDPOINT_NAME] 
endpoints[39m
[31m+ """[39m
[31m+[39m
[31m+ import http.client[39m
[31m+ import json[39m
[31m+ import sys[39m
[31m+ import time[39m
[31m+ from urllib.parse import 
urlparse[39m
[31m+[39m
[31m+ # Configuration[39m
[31m+ BASE_URL = 
"http://localhost:3001"[39m
[31m+ TIMEOUT = 10  # seconds[39m
[31m+ passed = 0[39m
[31m+ failed = 0[39m
[31m+[39m
[31m+ def make_request(method, path, 
body=None, headers=None):[39m
[31m+     """Make HTTP request to the 
API"""[39m
[31m+     if headers is None:[39m
[31m+         headers = {}[39m
[31m+     [39m
[31m+     # Add default Content-Type for 
JSON[39m
[31m+     if body is not None and 
'Content-Type' not in headers:[39m
[31m+         headers['Content-Type'] = 
'application/json'[39m
[31m+     [39m
[31m+     # Parse URL[39m
[31m+     url = urlparse(BASE_URL + 
path)[39m
[31m+     [39m
[31m+     try:[39m
[31m+         # Create connection[39m
[31m+         conn = 
http.client.HTTPConnection(url.netloc, 
timeout=TIMEOUT)[39m
[31m+         [39m
[31m+         # Prepare body[39m
[31m+         body_data = json.dumps(body) 
if body is not None else None[39m
[31m+         [39m
[31m+         # Make request[39m
[31m+         conn.request(method, 
url.path + ('?' + url.query if url.query 
else ''), [39m
[31m+                     body=body_data, 
headers=headers)[39m
[31m+         [39m
[31m+         # Get response[39m
[31m+         response = 
conn.getresponse()[39m
[31m+         response_data = 
response.read().decode('utf-8')[39m
[31m+         [39m
[31m+         # Try to parse JSON[39m
[31m+         try:[39m
[31m+             response_body = 
json.loads(response_data) if response_data 
else None[39m
[31m+         except 
json.JSONDecodeError:[39m
[31m+             response_body = 
response_data[39m
[31m+         [39m
[31m+         conn.close()[39m
[31m+         [39m
[31m+         return {[39m
[31m+             'status': 
response.status,[39m
[31m+             'body': 
response_body,[39m
[31m+             'headers': 
dict(response.getheaders())[39m
[31m+         }[39m
[31m+     except Exception as e:[39m
[31m+         return {[39m
[31m+             'status': 0,[39m
[31m+             'body': None,[39m
[31m+             'headers': {},[39m
[31m+             'error': str(e)[39m
[31m+         }[39m
[31m+[39m
[31m+ def test_endpoint_happy_path():[39m
[31m+     """Test: [ENDPOINT] - Happy 
path"""[39m
[31m+     global passed, failed[39m
[31m+     [39m
[31m+     print("\n[TEST] GET 
/api/endpoint - Happy path")[39m
[31m+     [39m
[31m+     try:[39m
[31m+         response = 
make_request('GET', '/api/endpoint')[39m
[31m+         [39m
[31m+         # Check if request 
failed[39m
[31m+         if 'error' in response:[39m
[31m+             print(f"  Γ£ù FAILED: 
{response['error']}")[39m
[31m+             failed += 1[39m
[31m+             return[39m
[31m+         [39m
[31m+         # Assert status code[39m
[31m+         if response['status'] != 
200:[39m
[31m+             print(f"  Γ£ù FAILED: 
Expected status 200, got 
{response['status']}")[39m
[31m+             failed += 1[39m
[31m+             return[39m
[31m+         [39m
[31m+         # Assert Content-Type[39m
[31m+         content_type = 
response['headers'].get('content-type', 
'')[39m
[31m+         if 'application/json' not in 
content_type:[39m
[31m+             print(f"  Γ£ù FAILED: 
Expected JSON content-type, got 
{content_type}")[39m
[31m+             failed += 1[39m
[31m+             return[39m
[31m+         [39m
[31m+         # Assert response body 
structure[39m
[31m+         if not 
isinstance(response['body'], (list, 
dict)):[39m
[31m+             print(f"  Γ£ù FAILED: 
Expected JSON array or object, got 
{type(response['body'])}")[39m
[31m+             failed += 1[39m
[31m+             return[39m
[31m+         [39m
[31m+         print("  Γ£ô PASSED")[39m
[31m+         passed += 1[39m
[31m+         [39m
[31m+     except Exception as e:[39m
[31m+         print(f"  Γ£ù FAILED: 
{str(e)}")[39m
[31m+         failed += 1[39m
[31m+[39m
[31m+ def test_endpoint_not_found():[39m
[31m+     """Test: [ENDPOINT] - Resource 
not found"""[39m
[31m+     global passed, failed[39m
[31m+     [39m
[31m+     print("\n[TEST] GET 
/api/endpoint/nonexistent - Not found")[39m
[31m+     [39m
[31m+     try:[39m
[31m+         response = 
make_request('GET', 
'/api/endpoint/nonexistent-id-12345')[39m
[31m+         [39m
[31m+         # Check if request 
failed[39m
[31m+         if 'error' in response:[39m
[31m+             print(f"  Γ£ù FAILED: 
{response['error']}")[39m
[31m+             failed += 1[39m
[31m+             return[39m
[31m+         [39m
[31m+         # Assert status code (404 or 
200 with empty/null response)[39m
[31m+         if response['status'] == 
404:[39m
[31m+             print("  Γ£ô PASSED (404 
Not Found)")[39m
[31m+             passed += 1[39m
[31m+         elif response['status'] == 
200:[39m
[31m+             # Check if response 
indicates not found[39m
[31m+             body = 
response['body'][39m
[31m+             if body is None or body 
== [] or body == {}:[39m
[31m+                 print("  Γ£ô PASSED 
(200 with empty response)")[39m
[31m+                 passed += 1[39m
[31m+             else:[39m
[31m+                 print(f"  Γ£ù 
FAILED: Expected 404 or empty response, got 
200 with data")[39m
[31m+                 failed += 1[39m
[31m+         else:[39m
[31m+             print(f"  Γ£ù FAILED: 
Expected 404, got 
{response['status']}")[39m
[31m+             failed += 1[39m
[31m+         [39m
[31m+     except Exception as e:[39m
[31m+         print(f"  Γ£ù FAILED: 
{str(e)}")[39m
[31m+         failed += 1[39m
[31m+[39m
[31m+ def 
test_endpoint_invalid_auth():[39m
[31m+     """Test: [ENDPOINT] - Invalid 
authentication"""[39m
[31m+     global passed, failed[39m
[31m+     [39m
[31m+     print("\n[TEST] GET 
/api/endpoint - Invalid auth")[39m
[31m+     [39m
[31m+     try:[39m
[31m+         response = 
make_request('GET', '/api/endpoint', [39m
[31m+                               
headers={'Authorization': 'Bearer 
invalid-token-12345'})[39m
[31m+         [39m
[31m+         # Check if request 
failed[39m
[31m+         if 'error' in response:[39m
[31m+             print(f"  Γ£ù FAILED: 
{response['error']}")[39m
[31m+             failed += 1[39m
[31m+             return[39m
[31m+         [39m
[31m+         # Accept either 401/403 
(protected) or 200 (public endpoint)[39m
[31m+         if response['status'] in 
[200, 401, 403]:[39m
[31m+             print(f"  Γ£ô PASSED 
(status {response['status']})")[39m
[31m+             passed += 1[39m
[31m+         else:[39m
[31m+             print(f"  Γ£ù FAILED: 
Expected 200/401/403, got 
{response['status']}")[39m
[31m+             failed += 1[39m
[31m+         [39m
[31m+     except Exception as e:[39m
[31m+         print(f"  Γ£ù FAILED: 
{str(e)}")[39m
[31m+         failed += 1[39m
[31m+[39m
[31m+ def main():[39m
[31m+     """Run all tests"""[39m
[31m+     print("=" * 60)[39m
[31m+     print("API Test Suite")[39m
[31m+     print("=" * 60)[39m
[31m+     [39m
[31m+     # Check if server is 
responding[39m
[31m+     print("\nChecking server 
connectivity...")[39m
[31m+     try:[39m
[31m+         response = 
make_request('GET', '/')[39m
[31m+         if 'error' in response:[39m
[31m+             print(f"ΓÜá WARNING: 
Server not responding: 
{response['error']}")[39m
[31m+             print("Tests will likely 
fail with connection errors\n")[39m
[31m+         else:[39m
[31m+             print(f"Γ£ô Server 
responding (status 
{response['status']})\n")[39m
[31m+     except Exception as e:[39m
[31m+         print(f"ΓÜá WARNING: Could 
not connect to server: {str(e)}\n")[39m
[31m+     [39m
[31m+     # Run tests[39m
[31m+     test_endpoint_happy_path()[39m
[31m+     test_endpoint_not_found()[39m
[31m+     test_endpoint_invalid_auth()[39m
[31m+     [39m
[31m+     # Print summary[39m
[31m+     print("\n" + "=" * 60)[39m
[31m+     print(f"Results: {passed} 
passed, {failed} failed")[39m
[31m+     print("=" * 60)[39m
[31m+     [39m
[31m+     # Exit with appropriate code[39m
[31m+     sys.exit(0 if failed == 0 else 
1)[39m
[31m+[39m
[31m+ if __name__ == '__main__':[39m
[31m+     main()[39m
[31m+ ```[39m
[31m+[39m
[31m+ IMPORTANT NOTES:[39m
[31m+ - Replace [ENDPOINT_NAME] and 
[ENDPOINT] with actual endpoint names[39m
[31m+ - Add more test functions as needed 
for different scenarios[39m
[31m+ - Each test function should be 
independent[39m
[31m+ - Use descriptive test names[39m
[31m+ - Always handle connection errors 
gracefully[39m
[31m+ - Print clear pass/fail messages[39m
[31m+[39m
[31m+ TEST COVERAGE REQUIREMENTS (FOR EACH 
ENDPOINT)[39m
[31m+ - Γ£à Happy path (correct request 
ΓåÆ expected status + response)[39m
[31m+ - Γ£à Missing/invalid auth (401/403 
if endpoint requires auth)[39m
[31m+ - Γ£à Invalid request body (400 Bad 
Request)[39m
[31m+ - Γ£à Resource not found (404)[39m
[31m+ - Γ£à Response shape (required 
fields present)[39m
[31m+ - Γ£à Content-Type header 
verification[39m
[31m+[39m
[31m+ QUALITY BAR[39m
[31m+ - Clear test names that describe 
what is being verified[39m
[31m+ - Comprehensive assertions (status + 
body + headers where relevant)[39m
[31m+ - Proper error handling (connection 
errors, timeouts)[39m
[31m+ - Print clear pass/fail messages 
with Γ£ô and Γ£ù symbols[39m
[31m+ - Exit with code 0 for success, 1 
for failure[39m
[31m+[39m
[31m+[39m
[31m+ SOURCE CODE CONTEXT: Unknown[39m
[31m+ - Analyze provided files to identify 
the web framework being used[39m
[31m+ - Look for route/endpoint 
definitions in any language[39m
[31m+ - Identify how the server starts and 
what port it listens on[39m
[31m+ - Create Node.js HTTP tests that 
connect to the running server[39m

[36m [2mΓ¥»[22m tests/ai-provider.test.ts
:[2m33:28[22m[39m
    [90m 31| [39m        
[34mit[39m([32m"should always mandate 
Node.js for tests"[39m[33m,[39m () 
[33m=>[39m {
    [90m 32| [39m            
[35mconst[39m prompt [33m=[39m 
[34mbuildSystemPrompt[39m()[33m;[39m
    [90m 33| [39m            [34mexpect[
39m(prompt)[33m.[39m[34mtoContain[39m([
32m"ALL TESTS IN NODE.JS"[39m)[33m;[39m
    [90m   | [39m                         
  [31m^[39m
    [90m 34| [39m        })[33m;[39m
    [90m 35| [39m

[31m[2mΓÄ»ΓÄ»ΓÄ»ΓÄ»ΓÄ»ΓÄ»ΓÄ»ΓÄ»ΓÄ»ΓÄ»ΓÄ»ΓÄ
»ΓÄ»ΓÄ»ΓÄ»ΓÄ»ΓÄ»ΓÄ»ΓÄ»ΓÄ»ΓÄ»ΓÄ»ΓÄ»[2/15]ΓÄ»
[22m[39m

[41m[1m FAIL [22m[49m tests/es-module-bu
gfix-preservation.test.ts[2m > [22mES 
Module Bugfix Preservation Tests[2m > 
[22mshould preserve TypeScript compilation 
to dist/ directory
[31m[1mAssertionError[22m: expected 
false to be true // Object.is equality[39m

[32m- Expected[39m
[31m+ Received[39m

[32m- true[39m
[31m+ false[39m

[36m [2mΓ¥»[22m tests/es-module-bugfix-pr
eservation.test.ts:[2m83:45[22m[39m
    [90m 81| [39m
    [90m 82| [39m        [90m// Verify 
key output files exist[39m
    [90m 83| [39m        [34mexpect[39m(
[34mexistsSync[39m([32m"dist/index.js"[3
9m))[33m.[39m[34mtoBe[39m([35mtrue[39m
)[33m;[39m
    [90m   | [39m                         
                   [31m^[39m
    [90m 84| [39m        [34mexpect[39m(
[34mexistsSync[39m([32m"dist/config.js"[
39m))[33m.[39m[34mtoBe[39m([35mtrue[39
m)[33m;[39m
    [90m 85| [39m        [34mexpect[39m(
[34mexistsSync[39m([32m"dist/logger.js"[
39m))[33m.[39m[34mtoBe[39m([35mtrue[39
m)[33m;[39m

[31m[2mΓÄ»ΓÄ»ΓÄ»ΓÄ»ΓÄ»ΓÄ»ΓÄ»ΓÄ»ΓÄ»ΓÄ»ΓÄ»ΓÄ
»ΓÄ»ΓÄ»ΓÄ»ΓÄ»ΓÄ»ΓÄ»ΓÄ»ΓÄ»ΓÄ»ΓÄ»ΓÄ»[3/15]ΓÄ»
[22m[39m

[41m[1m FAIL [22m[49m tests/es-module-bu
gfix-preservation.test.ts[2m > [22mES 
Module Bugfix Preservation Tests[2m > 
[22mshould verify dist/ directory 
structure is preserved
[31m[1mAssertionError[22m: expected 
false to be true // Object.is equality[39m

[32m- Expected[39m
[31m+ Received[39m

[32m- true[39m
[31m+ false[39m

[36m [2mΓ¥»[22m tests/es-module-bugfix-pr
eservation.test.ts:[2m213:39[22m[39m
    [90m211| [39m
    [90m212| [39m        [90m// Verify 
key directories exist in dist/[39m
    [90m213| [39m        [34mexpect[39m(
[34mexistsSync[39m([32m"dist/ai"[39m))[
33m.[39m[34mtoBe[39m([35mtrue[39m)[33m
;[39m
    [90m   | [39m                         
             [31m^[39m
    [90m214| [39m        [34mexpect[39m(
[34mexistsSync[39m([32m"dist/jira"[39m))
[33m.[39m[34mtoBe[39m([35mtrue[39m)[3
3m;[39m
    [90m215| [39m        [34mexpect[39m(
[34mexistsSync[39m([32m"dist/mcp"[39m))
[33m.[39m[34mtoBe[39m([35mtrue[39m)[33
m;[39m

[31m[2mΓÄ»ΓÄ»ΓÄ»ΓÄ»ΓÄ»ΓÄ»ΓÄ»ΓÄ»ΓÄ»ΓÄ»ΓÄ»ΓÄ
»ΓÄ»ΓÄ»ΓÄ»ΓÄ»ΓÄ»ΓÄ»ΓÄ»ΓÄ»ΓÄ»ΓÄ»ΓÄ»[4/15]ΓÄ»
[22m[39m

[41m[1m FAIL [22m[49m tests/server-start
up-backward-compatibility.test.ts[2m > 
[22mTask 3.4: Backward Compatibility 
Verification[2m > [22mStandard Entry 
Points Checked Early (Requirement 3.1)[2m 
> [22mshould check standard entry points 
in Stage 2 file search
[31m[1mAssertionError[22m: expected 
'/**\r\n * Docker-based isolated execuΓÇª' 
to contain 'FILENAMES="app.js index.js 
server.js ΓÇª'[39m

[32m- Expected[39m
[31m+ Received[39m

[32m- FILENAMES="app.js index.js server.js 
main.js start.js"[39m
[31m+ /**
[39m
[31m+  * Docker-based isolated executor 
ΓÇö language-agnostic.
[39m
[31m+  *
[39m
[31m+  * Two-container architecture:
[39m
[31m+  * - Scout container (alpine/git): 
clones repo, detects project type
[39m
[31m+  * - Main container (detected 
image): installs deps, applies patches, 
runs commands
[39m
[31m+  *
[39m
[31m+  * Workspace shared via Docker 
volume between containers.
[39m
[31m+  *
[39m
[31m+  * Security model:
[39m
[31m+  * - git clone via Cmd array (no 
shell interpolation)
[39m
[31m+  * - Patches written via putArchive 
(tar stream, no heredoc)
[39m
[31m+  * - Each command exec'd 
individually via Cmd array
[39m
[31m+  * - Container: cap_drop ALL, 
no-new-privileges, ReadonlyRootfs + 
writable /workspace & /tmp
[39m
[31m+  */
[39m
[31m+ 
[39m
[31m+ import Docker from "dockerode";
[39m
[31m+ import { PassThrough } from 
"node:stream";
[39m
[31m+ import { pack, type Pack } from 
"tar-stream";
[39m
[31m+ import { createLogger } from 
"../logger.js";
[39m
[31m+ import type { Config } from 
"../config.js";
[39m
[31m+ import { validateBranchName, 
validateRepoUrl, validatePatchPath } from 
"../sanitize.js";
[39m
[31m+ import {
[39m
[31m+     detectProject,
[39m
[31m+     getAllMarkerFiles,
[39m
[31m+     applyInstallScriptsPolicy,
[39m
[31m+     LANGUAGE_ENV,
[39m
[31m+     type Detection,
[39m
[31m+ } from "./project-detector.js";
[39m
[31m+ 
[39m
[31m+ const log = 
createLogger("executor:docker");
[39m
[31m+ 
[39m
[31m+ const SCOUT_IMAGE = "alpine/git";
[39m
[31m+ 
[39m
[31m+ // ΓöÇΓöÇΓöÇ Types ΓöÇΓöÇΓöÇΓöÇΓöÇΓöÇ
ΓöÇΓöÇΓöÇΓöÇΓöÇΓöÇΓöÇΓöÇΓöÇΓöÇΓöÇΓöÇΓöÇΓöÇΓö
ÇΓöÇΓöÇΓöÇΓöÇΓöÇΓöÇΓöÇΓöÇΓöÇΓöÇΓöÇΓöÇΓöÇΓöÇΓ
öÇΓöÇΓöÇΓöÇΓöÇΓöÇΓöÇΓöÇΓöÇΓöÇΓöÇΓöÇΓöÇΓöÇΓöÇ
ΓöÇ
[39m
[31m+ 
[39m
[31m+ interface DockerRunResult {
[39m
[31m+     exitCode: number;
[39m
[31m+     stdout: string;
[39m
[31m+     stderr: string;
[39m
[31m+     patches?: { path: string; 
content: string; action: "create" | 
"modify" }[];
[39m
[31m+ }
[39m
[31m+ 
[39m
[31m+ // ΓöÇΓöÇΓöÇ Shared security 
HostConfig ΓöÇΓöÇΓöÇΓöÇΓöÇΓöÇΓöÇΓöÇΓöÇΓöÇΓöÇ
ΓöÇΓöÇΓöÇΓöÇΓöÇΓöÇΓöÇΓöÇΓöÇΓöÇΓöÇΓöÇΓöÇΓöÇΓö
ÇΓöÇΓöÇΓöÇΓöÇ
[39m
[31m+ 
[39m
[31m+ function securityHostConfig(opts?: { 
binds?: string[]; readonlyRootfs?: boolean 
}): Record<string, unknown> {
[39m
[31m+     const { binds, readonlyRootfs = 
true } = opts ?? {};
[39m
[31m+     return {
[39m
[31m+         AutoRemove: false,
[39m
[31m+         Memory: 512 * 1024 * 1024,   
     // 512MB
[39m
[31m+         MemorySwap: 1024 * 1024 * 
1024,    // 1GB
[39m
[31m+         CpuPeriod: 100000,
[39m
[31m+         CpuQuota: 100000,            
       // 1 CPU
[39m
[31m+         PidsLimit: 256,
[39m
[31m+         SecurityOpt: 
["no-new-privileges"],
[39m
[31m+         CapDrop: ["ALL"],
[39m
[31m+         CapAdd: ["CHOWN", "SETUID", 
"SETGID", "DAC_OVERRIDE"],
[39m
[31m+         ReadonlyRootfs: 
readonlyRootfs,
[39m
[31m+         Tmpfs: {
[39m
[31m+             "/tmp": "exec,size=100M",
[39m
[31m+             "/root": 
"exec,size=100M",
[39m
[31m+         },
[39m
[31m+         Binds: binds,
[39m
[31m+     };
[39m
[31m+ }
[39m
[31m+ 
[39m
[31m+ // ΓöÇΓöÇΓöÇ DockerExecutor ΓöÇΓöÇΓöÇ
ΓöÇΓöÇΓöÇΓöÇΓöÇΓöÇΓöÇΓöÇΓöÇΓöÇΓöÇΓöÇΓöÇΓöÇΓö
ÇΓöÇΓöÇΓöÇΓöÇΓöÇΓöÇΓöÇΓöÇΓöÇΓöÇΓöÇΓöÇΓöÇΓöÇΓ
öÇΓöÇΓöÇΓöÇΓöÇΓöÇΓöÇΓöÇΓöÇΓöÇ
[39m
[31m+ 
[39m
[31m+ export class DockerExecutor {
[39m
[31m+     private docker: Docker;
[39m
[31m+     private configImage: string;
[39m
[31m+     private timeoutMs: number;
[39m
[31m+     private allowInstallScripts: 
boolean;
[39m
[31m+ 
[39m
[31m+     constructor(config: Config) {
[39m
[31m+         const dockerHost = 
process.env.DOCKER_HOST;
[39m
[31m+         if (dockerHost) {
[39m
[31m+             const url = new 
URL(dockerHost);
[39m
[31m+             this.docker = new 
Docker({
[39m
[31m+                 host: url.hostname,
[39m
[31m+                 port: 
Number(url.port) || 2375,
[39m
[31m+             });
[39m
[31m+         } else {
[39m
[31m+             this.docker = new 
Docker();
[39m
[31m+         }
[39m
[31m+         this.configImage = 
config.dockerImage;
[39m
[31m+         this.timeoutMs = 
config.execTimeoutMs;
[39m
[31m+         this.allowInstallScripts = 
config.allowInstallScripts;
[39m
[31m+         log.info(`Docker executor 
initialized (image: ${this.configImage}, 
timeout: ${this.timeoutMs}ms)`);
[39m
[31m+     }
[39m
[31m+ 
[39m
[31m+     /** Check if Docker is available 
*/
[39m
[31m+     async checkConnection(): 
Promise<boolean> {
[39m
[31m+         try {
[39m
[31m+             await this.docker.ping();
[39m
[31m+             return true;
[39m
[31m+         } catch {
[39m
[31m+             log.error("Docker is not 
running or not accessible");
[39m
[31m+             return false;
[39m
[31m+         }
[39m
[31m+     }
[39m
[31m+ 
[39m
[31m+     /** Pull image if not found 
locally */
[39m
[31m+     private async 
ensureImage(imageName: string): 
Promise<void> {
[39m
[31m+         try {
[39m
[31m+             log.debug(`Checking if 
image ${imageName} exists locally...`);
[39m
[31m+             await 
this.docker.getImage(imageName).inspect();
[39m
[31m+         } catch (e: unknown) {
[39m
[31m+             if (e && typeof e === 
'object' && 'statusCode' in e && 
e.statusCode === 404) {
[39m
[31m+                 log.info(`Image 
${imageName} not found locally. 
Pulling...`);
[39m
[31m+                 await new 
Promise<void>((resolve, reject) => {
[39m
[31m+                     void 
this.docker.pull(imageName, (err: Error | 
null, stream: NodeJS.ReadableStream) => {
[39m
[31m+                         if (err) 
return reject(err);
[39m
[31m+                         
this.docker.modem.followProgress(stream, 
(onFinishedErr: Error | null) => {
[39m
[31m+                             if 
(onFinishedErr) return 
reject(onFinishedErr);
[39m
[31m+                             
resolve();
[39m
[31m+                         });
[39m
[31m+                     });
[39m
[31m+                 });
[39m
[31m+                 
log.info(`Successfully pulled image 
${imageName}`);
[39m
[31m+             } else {
[39m
[31m+                 throw e;
[39m
[31m+             }
[39m
[31m+         }
[39m
[31m+     }
[39m
[31m+ 
[39m
[31m+     /**
[39m
[31m+      * Run commands in an isolated 
Docker container.
[39m
[31m+      *
[39m
[31m+      * Two-container pipeline:
[39m
[31m+      * 1. Scout: git clone + project 
detection (alpine/git)
[39m
[31m+      * 2. Main:  install deps + 
apply patches + run commands (detected 
image)
[39m
[31m+      */
[39m
[31m+     async run(opts: {
[39m
[31m+         repoUrl: string;
[39m
[31m+         branch: string;
[39m
[31m+         commands: string[];
[39m
[31m+         patches?: { path: string; 
content: string }[];
[39m
[31m+         environmentHint?: string;
[39m
[31m+     }): Promise<DockerRunResult> {
[39m
[31m+         // Validate inputs before 
any Docker interaction
[39m
[31m+         const safeBranch = 
validateBranchName(opts.branch);
[39m
[31m+         const safeRepoUrl = 
validateRepoUrl(opts.repoUrl);
[39m
[31m+ 
[39m
[31m+         const ts = Date.now();
[39m
[31m+         const volumeName = 
`mcp-workspace-${ts}`;
[39m
[31m+         let scoutContainer: 
Docker.Container | null = null;
[39m
[31m+         let mainContainer: 
Docker.Container | null = null;
[39m
[31m+         const allOutput: string[] = 
[];
[39m
[31m+ 
[39m
[31m+         try {
[39m
[31m+             // ΓòÉΓòÉΓòÉ Phase 1: 
Create shared Docker volume ΓòÉΓòÉΓòÉ
[39m
[31m+             log.info(`Creating 
workspace volume ${volumeName}`);
[39m
[31m+             await 
this.docker.createVolume({ Name: volumeName 
});
[39m
[31m+ 
[39m
[31m+             const volumeBind = 
`${volumeName}:/workspace`;
[39m
[31m+ 
[39m
[31m+             // ΓòÉΓòÉΓòÉ Phase 2: 
Scout container ΓÇö clone + detect ΓòÉΓòÉΓòÉ
[39m
[31m+             const scoutName = 
`mcp-scout-${ts}`;
[39m
[31m+             log.info(`Creating scout 
container ${scoutName}`);
[39m
[31m+ 
[39m
[31m+             await 
this.ensureImage(SCOUT_IMAGE);
[39m
[31m+ 
[39m
[31m+             scoutContainer = await 
this.docker.createContainer({
[39m
[31m+                 Image: SCOUT_IMAGE,
[39m
[31m+                 name: scoutName,
[39m
[31m+                 Entrypoint: 
["/bin/sh"],
[39m
[31m+                 Cmd: ["-c", "sleep 
86400"],
[39m
[31m+                 WorkingDir: 
"/workspace",
[39m
[31m+                 Tty: false,
[39m
[31m+                 HostConfig: 
securityHostConfig({ binds: [volumeBind] }) 
as Docker.HostConfig,
[39m
[31m+                 Env: ["HOME=/root"],
[39m
[31m+             });
[39m
[31m+ 
[39m
[31m+             await 
scoutContainer.start();
[39m
[31m+             log.info(`Scout 
container ${scoutName} started`);
[39m
[31m+ 
[39m
[31m+             // Phase 2.1: git clone
[39m
[31m+             const cloneResult = 
await this.execInContainer(scoutContainer, [
[39m
[31m+                 "git", "clone", 
"--depth", "1", "--branch", safeBranch, 
safeRepoUrl, "/workspace",
[39m
[31m+             ]);
[39m
[31m+             
allOutput.push(cloneResult.output);
[39m
[31m+ 
[39m
[31m+             if (cloneResult.exitCode 
!== 0) {
[39m
[31m+                 log.warn(`Branch 
clone failed, retrying without --branch`);
[39m
[31m+                 const fallbackResult 
= await 
this.execInContainer(scoutContainer, [
[39m
[31m+                     "git", "clone", 
"--depth", "1", safeRepoUrl, "/workspace",
[39m
[31m+                 ]);
[39m
[31m+                 
allOutput.push(fallbackResult.output);
[39m
[31m+                 if 
(fallbackResult.exitCode !== 0) {
[39m
[31m+                     log.error(`Git 
clone failed (exit 
${fallbackResult.exitCode})`);
[39m
[31m+                     return {
[39m
[31m+                         exitCode: 
fallbackResult.exitCode,
[39m
[31m+                         stdout: 
allOutput.join("\n").slice(0, 50000),
[39m
[31m+                         stderr: "Git 
clone failed",
[39m
[31m+                     };
[39m
[31m+                 }
[39m
[31m+             }
[39m
[31m+ 
[39m
[31m+             // Phase 2.2: Detect 
project type by scanning for marker files
[39m
[31m+             const detection = await t
his.detectProjectInContainer(scoutContainer,
 opts.environmentHint);
[39m
[31m+ 
[39m
[31m+             // Phase 2.3: Detect 
database dependencies for automatic 
configuration
[39m
[31m+             const detectedDatabases 
= await this.detectDatabaseDependencies(scou
tContainer, detection.language);
[39m
[31m+ 
[39m
[31m+             // Phase 2.4: Module 
system detection (DISABLED - Python tests 
only)
[39m
[31m+             // Python tests don't 
need module system detection
[39m
[31m+             // const isEsm = await th
is.detectModuleSystemInContainer(scoutContai
ner, detection.workdir);
[39m
[31m+ 
[39m
[31m+             // ΓòÉΓòÉΓòÉ Phase 3: 
Resolve Docker image ΓòÉΓòÉΓòÉ
[39m
[31m+             // NOTE: Scout container 
stays alive until main container starts.
[39m
[31m+             // On Docker Desktop 
(Windows/WSL2), removing the scout before 
the
[39m
[31m+             // main container mounts 
the shared volume corrupts the overlayfs
[39m
[31m+             // layer, causing "lstat 
ΓÇª invalid argument" errors.
[39m
[31m+             let targetImage: string;
[39m
[31m+             
[39m
[31m+             // CRITICAL: If 
environmentHint is "python", force Python 
image
[39m
[31m+             // This is needed 
because AI generates Python tests 
regardless of server language
[39m
[31m+             if (opts.environmentHint 
=== "python") {
[39m
[31m+                 targetImage = 
"python:3.12-bookworm";
[39m
[31m+                 log.info(`Using 
Python image for test execution 
(environmentHint: python)`);
[39m
[31m+             } else if 
(this.configImage !== "auto") {
[39m
[31m+                 targetImage = 
this.configImage;
[39m
[31m+                 log.info(`Using 
explicit image from config: 
${targetImage}`);
[39m
[31m+ 
[39m
[31m+                 // Smart Override: 
Don't use a forced image if it conflicts 
with the detected language
[39m
[31m+                 if 
(detection.language !== 'unknown' && 
!targetImage.includes(detection.language)) {
[39m
[31m+                     
log.warn(`Explicit image ${targetImage} 
conflicts with detection of 
${detection.language} (confidence: 
${detection.confidence}). Overriding to 
${detection.image}`);
[39m
[31m+                     targetImage = 
detection.image;
[39m
[31m+                 }
[39m
[31m+             } else {
[39m
[31m+                 targetImage = 
detection.image;
[39m
[31m+                 
log.info(`Auto-detected image: 
${targetImage} (lang=${detection.language}, 
confidence=${detection.confidence})`);
[39m
[31m+             }
[39m
[31m+ 
[39m
[31m+             // ΓòÉΓòÉΓòÉ Phase 4: 
Main container ΓÇö deps + patches + 
commands ΓòÉΓòÉΓòÉ
[39m
[31m+             const mainName = 
`mcp-jira-exec-${ts}`;
[39m
[31m+             const mainWorkdir = 
detection.workdir;
[39m
[31m+ 
[39m
[31m+             await 
this.ensureImage(targetImage);
[39m
[31m+ 
[39m
[31m+             // Build environment 
variables
[39m
[31m+             const envVars = [
[39m
[31m+                 
"DEBIAN_FRONTEND=noninteractive",
[39m
[31m+                 "HOME=/root",
[39m
[31m+                 "NO_COLOR=1",
[39m
[31m+                 "FORCE_COLOR=0",
[39m
[31m+                 
...LANGUAGE_ENV[detection.language],
[39m
[31m+             ];
[39m
[31m+ 
[39m
[31m+             // Add common test 
environment variables that applications 
typically need
[39m
[31m+             envVars.push(
[39m
[31m+                 'JWT_SECRET=test-secr
et-key-for-testing-only-do-not-use-in-produc
tion',
[39m
[31m+                 
'JWT_ACCESS_EXPIRATION_MINUTES=30',
[39m
[31m+                 
'JWT_REFRESH_EXPIRATION_DAYS=30',
[39m
[31m+                 
'JWT_RESET_PASSWORD_EXPIRATION_MINUTES=10',
[39m
[31m+                 
'JWT_VERIFY_EMAIL_EXPIRATION_MINUTES=10',
[39m
[31m+                 
'API_KEY=test-api-key',
[39m
[31m+                 'SESSION_SECRET=test-
session-secret-for-testing-only',
[39m
[31m+                 'ENCRYPTION_KEY=test-
encryption-key-32-chars!!',
[39m
[31m+                 
'SMTP_HOST=localhost',
[39m
[31m+                 'SMTP_PORT=1025',
[39m
[31m+                 'SMTP_USERNAME=test',
[39m
[31m+                 'SMTP_PASSWORD=test',
[39m
[31m+                 
'EMAIL_FROM=test@example.com',
[39m
[31m+             );
[39m
[31m+ 
[39m
[31m+             // Add database 
configuration if databases are detected
[39m
[31m+             // This provides test 
database URLs automatically for 
applications that require them
[39m
[31m+             if 
(detectedDatabases.length > 0) {
[39m
[31m+                 const 
databaseEnvVars = this.generateDatabaseEnvir
onmentVariables(detectedDatabases);
[39m
[31m+                 
envVars.push(...databaseEnvVars);
[39m
[31m+                 log.info(`Added 
database configuration for: 
${detectedDatabases.join(", ")}`);
[39m
[31m+             }
[39m
[31m+ 
[39m
[31m+             // NOTE: WorkingDir is 
NOT set during container creation.
[39m
[31m+             // On Docker Desktop 
(Windows/WSL2), setting WorkingDir triggers 
an
[39m
[31m+             // lstat syscall on the 
overlayfs layer that fails with "invalid 
argument"
[39m
[31m+             // for complex images 
like node:20-bookworm. Instead, workdir is 
passed
[39m
[31m+             // to each exec call 
individually.
[39m
[31m+             log.info(`Creating main 
container ${mainName} (image: 
${targetImage}, workdir: ${mainWorkdir}, 
readonlyRootfs: false)`);
[39m
[31m+ 
[39m
[31m+             mainContainer = await 
this.docker.createContainer({
[39m
[31m+                 Image: targetImage,
[39m
[31m+                 name: mainName,
[39m
[31m+                 Cmd: ["sleep", 
"infinity"],
[39m
[31m+                 Tty: false,
[39m
[31m+                 HostConfig: 
securityHostConfig({ binds: [volumeBind], 
readonlyRootfs: false }) as 
Docker.HostConfig,
[39m
[31m+                 Env: envVars,
[39m
[31m+             });
[39m
[31m+             log.info(`Main container 
${mainName} created, starting...`);
[39m
[31m+ 
[39m
[31m+             await 
mainContainer.start();
[39m
[31m+             log.info(`Main container 
${mainName} started`);
[39m
[31m+ 
[39m
[31m+             // Now safe to release 
the scout ΓÇö main container holds the 
volume reference.
[39m
[31m+             await 
scoutContainer.stop().catch(() => { /* may 
already be stopped */ });
[39m
[31m+             await 
scoutContainer.remove({ force: true 
}).catch(() => { /* ignore */ });
[39m
[31m+             scoutContainer = null;
[39m
[31m+             log.info(`Scout 
container ${scoutName} removed`);
[39m
[31m+ 
[39m
[31m+             // Phase 4.1: Install 
dependencies
[39m
[31m+             // For Python test 
execution on Node.js projects, install 
Node.js and dependencies
[39m
[31m+             // so the server can run 
(Python tests make HTTP requests to it)
[39m
[31m+             if (opts.environmentHint 
=== "python" && detection.language === 
"node") {
[39m
[31m+                 // Install Node.js 
in Python container
[39m
[31m+                 log.info("Installing 
Node.js in Python container for server 
execution...");
[39m
[31m+                 const 
nodeInstallResult = await 
this.execInContainer(
[39m
[31m+                     mainContainer,
[39m
[31m+                     ["sh", "-c", 
"command -v node || (curl -fsSL 
https://deb.nodesource.com/setup_20.x | 
bash - && apt-get install -y nodejs)"],
[39m
[31m+                     mainWorkdir,
[39m
[31m+                     300_000 // 5 
minutes timeout
[39m
[31m+                 );
[39m
[31m+                 
allOutput.push(nodeInstallResult.output);
[39m
[31m+                 
[39m
[31m+                 if 
(nodeInstallResult.exitCode !== 0) {
[39m
[31m+                     
log.error("Failed to install Node.js in 
Python container");
[39m
[31m+                     return {
[39m
[31m+                         exitCode: 
nodeInstallResult.exitCode,
[39m
[31m+                         stdout: 
allOutput.join("\n").slice(0, 50000),
[39m
[31m+                         stderr: 
"Node.js installation failed in Python 
container",
[39m
[31m+                     };
[39m
[31m+                 }
[39m
[31m+                 log.info("Node.js 
installed successfully in Python 
container");
[39m
[31m+             }
[39m
[31m+             
[39m
[31m+             if (detection.installCmd 
&& detection.installCmd.length > 0) {
[39m
[31m+                 const installCmd = ap
plyInstallScriptsPolicy(detection.installCmd
, this.allowInstallScripts);
[39m
[31m+                 log.info(`Installing 
dependencies: ${installCmd.join(" ")}`);
[39m
[31m+ 
[39m
[31m+                 // Use 10 minutes 
timeout for dependency installation (can 
take longer than regular commands)
[39m
[31m+                 const 
installTimeoutMs = 600_000; // 10 minutes
[39m
[31m+                 const installResult 
= await this.execInContainer(mainContainer, 
installCmd, mainWorkdir, installTimeoutMs);
[39m
[31m+                 
allOutput.push(installResult.output);
[39m
[31m+ 
[39m
[31m+                 if 
(installResult.exitCode !== 0) {
[39m
[31m+                     // Fallback: If 
npm ci fails, retry with npm install
[39m
[31m+                     if 
(installCmd[0] === "npm" && installCmd[1] 
=== "ci") {
[39m
[31m+                         
log.warn(`npm ci failed (exit 
${installResult.exitCode}), retrying with 
npm install...`);
[39m
[31m+                         const 
fallbackCmd = ["npm", "install"];
[39m
[31m+                         const 
fallbackInstallCmd = 
applyInstallScriptsPolicy(fallbackCmd, 
this.allowInstallScripts);
[39m
[31m+                         
[39m
[31m+                         const 
fallbackResult = await 
this.execInContainer(mainContainer, 
fallbackInstallCmd, mainWorkdir, 
installTimeoutMs);
[39m
[31m+                         
allOutput.push(fallbackResult.output);
[39m
[31m+ 
[39m
[31m+                         if 
(fallbackResult.exitCode !== 0) {
[39m
[31m+                             
log.error(`Dependency install failed with 
fallback (exit ${fallbackResult.exitCode}): 
${fallbackInstallCmd.join(" ")}`);
[39m
[31m+                             return {
[39m
[31m+                                 
exitCode: fallbackResult.exitCode,
[39m
[31m+                                 
stdout: allOutput.join("\n").slice(0, 
50000),
[39m
[31m+                                 
stderr: "Dependency installation failed 
(both npm ci and npm install)",
[39m
[31m+                             };
[39m
[31m+                         }
[39m
[31m+                         
log.info("Dependencies installed 
successfully with npm install fallback");
[39m
[31m+                     } else {
[39m
[31m+                         
log.error(`Dependency install failed (exit 
${installResult.exitCode}): 
${installCmd.join(" ")}`);
[39m
[31m+                         return {
[39m
[31m+                             
exitCode: installResult.exitCode,
[39m
[31m+                             stdout: 
allOutput.join("\n").slice(0, 50000),
[39m
[31m+                             stderr: 
"Dependency installation failed",
[39m
[31m+                         };
[39m
[31m+                     }
[39m
[31m+                 } else {
[39m
[31m+                     
log.info("Dependencies installed 
successfully");
[39m
[31m+                 }
[39m
[31m+             }
[39m
[31m+ 
[39m
[31m+             // Phase 4.2: Patch 
adjustment for Python tests
[39m
[31m+             // AI generates Python 
test files, no transformation needed
[39m
[31m+             let commands = 
[...opts.commands];
[39m
[31m+ 
[39m
[31m+             // Adjust command paths 
relative to workdir
[39m
[31m+             // If workdir is 
/workspace/backend and command is "python 
backend/test.py",
[39m
[31m+             // it should become 
"python test.py" to avoid 
/workspace/backend/backend/test.py
[39m
[31m+             const workdirSubpath = 
mainWorkdir.replace(/^\/workspace\/?/, "");
[39m
[31m+             if (workdirSubpath) {
[39m
[31m+                 commands = 
commands.map(cmd => {
[39m
[31m+                     // Replace 
"python backend/file.py" with "python 
file.py" when workdir is backend
[39m
[31m+                     const pattern = 
new 
RegExp(`\\bpython\\s+${workdirSubpath}/`, 
'g');
[39m
[31m+                     return 
cmd.replace(pattern, 'python ');
[39m
[31m+                 });
[39m
[31m+             }
[39m
[31m+ 
[39m
[31m+             // Write patches via 
putArchive (tar stream)
[39m
[31m+             if 
(opts.patches?.length) {
[39m
[31m+                 await 
this.writePatchesToContainer(mainContainer, 
opts.patches, mainWorkdir);
[39m
[31m+                 log.info(`Wrote 
${opts.patches.length} patch(es) via 
putArchive`);
[39m
[31m+             }
[39m
[31m+ 
[39m
[31m+             // Phase 4.2.5: Start 
server if needed (for API tests)
[39m
[31m+             if 
(this.shouldStartServer(commands, 
detection.language)) {
[39m
[31m+                 await 
this.startServerInContainer(mainContainer, 
mainWorkdir);
[39m
[31m+             }
[39m
[31m+ 
[39m
[31m+             // Phase 4.3: Run each 
command via sh -c
[39m
[31m+             let lastExitCode = 0;
[39m
[31m+             const testResults: 
string[] = [];
[39m
[31m+             
[39m
[31m+             for (const cmd of 
commands) {
[39m
[31m+                 // If server was 
started, verify it's still running before 
executing test
[39m
[31m+                 if 
(this.shouldStartServer(commands, 
detection.language)) {
[39m
[31m+                     const 
serverCheck = await this.execInContainer(
[39m
[31m+                         
mainContainer,
[39m
[31m+                         ['sh', '-c', 
'curl -s -o /dev/null -w "%{http_code}" 
http://localhost:3001/ 2>/dev/null | tail 
-1'],
[39m
[31m+                         mainWorkdir,
[39m
[31m+                         5000
[39m
[31m+                     );
[39m
[31m+                     const httpCode = 
serverCheck.output.trim();
[39m
[31m+                     
log.info(`Pre-test server check: HTTP 
code="${httpCode}" 
(length=${httpCode.length})`);
[39m
[31m+                     
[39m
[31m+                     if (httpCode === 
'000' || httpCode === '' || httpCode.length 
!== 3) {
[39m
[31m+                         
log.error(`Server is not responding 
correctly before test execution! HTTP code: 
"${httpCode}"`);
[39m
[31m+                         // Get 
comprehensive debug info
[39m
[31m+                         const 
debugInfo = await this.execInContainer(
[39m
[31m+                             
mainContainer,
[39m
[31m+                             ['sh', 
'-c', `
[39m
[31m+ echo "=== Server Logs ==="
[39m
[31m+ cat /tmp/server.log 2>/dev/null || 
echo "No server logs"
[39m
[31m+ echo ""
[39m
[31m+ echo "=== PID Check ==="
[39m
[31m+ if [ -f /tmp/server.pid ]; then
[39m
[31m+   PID=$(cat /tmp/server.pid)
[39m
[31m+   echo "PID file contains: $PID"
[39m
[31m+   if kill -0 $PID 2>/dev/null; then
[39m
[31m+     echo "Process $PID is alive"
[39m
[31m+   else
[39m
[31m+     echo "Process $PID is dead"
[39m
[31m+   fi
[39m
[31m+ else
[39m
[31m+   echo "No PID file"
[39m
[31m+ fi
[39m
[31m+ echo ""
[39m
[31m+ echo "=== Listening Ports ==="
[39m
[31m+ netstat -tlnp 2>/dev/null | grep 
3001 || ss -tlnp 2>/dev/null | grep 3001 || 
echo "Port 3001 not listening"
[39m
[31m+ echo ""
[39m
[31m+ echo "=== Node Processes ==="
[39m
[31m+ ps aux | grep node | grep -v grep || 
echo "No node processes"
[39m
[31m+ `],
[39m
[31m+                             
mainWorkdir,
[39m
[31m+                             10000
[39m
[31m+                         );
[39m
[31m+                         
log.error(`Server debug 
info:\n${debugInfo.output}`);
[39m
[31m+                     } else {
[39m
[31m+                         
log.info(`Server verified responding before 
test (HTTP ${httpCode})`);
[39m
[31m+                     }
[39m
[31m+                 }
[39m
[31m+ 
[39m
[31m+                 log.info(`Running: 
${cmd}`);
[39m
[31m+ 
[39m
[31m+                 const result = await 
this.execInContainer(mainContainer, ["sh", 
"-c", cmd], mainWorkdir);
[39m
[31m+                 allOutput.push(`>>> 
${cmd}\n${result.output}`);
[39m
[31m+                 
testResults.push(`Command: ${cmd}\nExit 
Code: ${result.exitCode}\n\nOutput:\n${resul
t.output}\n${'='.repeat(80)}\n`);
[39m
[31m+                 lastExitCode = 
result.exitCode;
[39m
[31m+ 
[39m
[31m+                 if (result.exitCode 
!== 0) {
[39m
[31m+                     
log.error(`Command failed (exit 
${result.exitCode}): ${cmd}`);
[39m
[31m+                     // Log 
stdout/stderr for debugging
[39m
[31m+                     if 
(result.output) {
[39m
[31m+                         const lines 
= result.output.split('\n').slice(0, 20); 
// First 20 lines
[39m
[31m+                         
log.error(`Command 
output:\n${lines.join('\n')}`);
[39m
[31m+                     }
[39m
[31m+                     break;
[39m
[31m+                 }
[39m
[31m+             }
[39m
[31m+             
[39m
[31m+             // Phase 4.4: Write test 
results to a file
[39m
[31m+             if (testResults.length > 
0) {
[39m
[31m+                 const 
testResultsContent = `# Test Execution 
Results\n\nGenerated: ${new Date().toISOStri
ng()}\n\n${'='.repeat(80)}\n\n${testResults.
join('\n')}`;
[39m
[31m+                 const 
testResultsPath = 'test-results.md';
[39m
[31m+                 
[39m
[31m+                 log.info(`Writing 
test results to ${testResultsPath}`);
[39m
[31m+                 const writeCmd = 
`cat > ${testResultsPath} << 'EOF_TEST_RESUL
TS'\n${testResultsContent}\nEOF_TEST_RESULTS
`;
[39m
[31m+                 await 
this.execInContainer(mainContainer, ["sh", 
"-c", writeCmd], mainWorkdir);
[39m
[31m+             }
[39m
[31m+ 
[39m
[31m+             log.info(`Main container 
${mainName} finished (exit: 
${lastExitCode})`);
[39m
[31m+ 
[39m
[31m+             // Phase 5: Capture new 
or modified files (including test results)
[39m
[31m+             log.info(`Capturing 
generated artifacts from container 
${mainName}`);
[39m
[31m+             const statusResult = 
await this.execInContainer(mainContainer, 
["git", "status", "--porcelain"], 
mainWorkdir);
[39m
[31m+             const capturedPatches: { 
path: string; content: string; action: 
"create" | "modify" }[] = [];
[39m
[31m+ 
[39m
[31m+             if 
(statusResult.exitCode === 0 && 
statusResult.output) {
[39m
[31m+                 const lines = 
statusResult.output.split("\n").filter(l => 
l.trim().length > 0);
[39m
[31m+                 for (const line of 
lines) {
[39m
[31m+                     const status = 
line.slice(0, 2);
[39m
[31m+                     const file = 
line.slice(3).trim();
[39m
[31m+ 
[39m
[31m+                     let action: 
"create" | "modify" | null = null;
[39m
[31m+                     if (status === 
"??") action = "create";
[39m
[31m+                     else if 
(status.includes("M") || 
status.includes("A")) action = "modify";
[39m
[31m+ 
[39m
[31m+                     if (action) {
[39m
[31m+                         const 
contentResult = await 
this.execInContainer(mainContainer, ["cat", 
file], mainWorkdir);
[39m
[31m+                         if 
(contentResult.exitCode === 0) {
[39m
[31m+                             
capturedPatches.push({
[39m
[31m+                                 
path: file,
[39m
[31m+                                 
content: contentResult.output,
[39m
[31m+                                 
action
[39m
[31m+                             });
[39m
[31m+                             
log.info(`Captured generated file: ${file} 
(${action})`);
[39m
[31m+                         }
[39m
[31m+                     }
[39m
[31m+                 }
[39m
[31m+             }
[39m
[31m+             
[39m
[31m+             // Always capture 
test-results.md if it exists (even if not 
tracked by git)
[39m
[31m+             const testResultsCheck = 
await this.execInContainer(mainContainer, 
["test", "-f", "test-results.md"], 
mainWorkdir);
[39m
[31m+             if 
(testResultsCheck.exitCode === 0) {
[39m
[31m+                 const 
testResultsContent = await 
this.execInContainer(mainContainer, ["cat", 
"test-results.md"], mainWorkdir);
[39m
[31m+                 if 
(testResultsContent.exitCode === 0) {
[39m
[31m+                     // Check if 
already captured
[39m
[31m+                     const 
alreadyCaptured = capturedPatches.some(p => 
p.path === "test-results.md");
[39m
[31m+                     if 
(!alreadyCaptured) {
[39m
[31m+                         
capturedPatches.push({
[39m
[31m+                             path: 
"test-results.md",
[39m
[31m+                             content: 
testResultsContent.output,
[39m
[31m+                             action: 
"create"
[39m
[31m+                         });
[39m
[31m+                         
log.info(`Captured test results file: 
test-results.md`);
[39m
[31m+                     }
[39m
[31m+                 }
[39m
[31m+             }
[39m
[31m+ 
[39m
[31m+             return {
[39m
[31m+                 exitCode: 
lastExitCode,
[39m
[31m+                 stdout: 
allOutput.join("\n").slice(0, 50000),
[39m
[31m+                 stderr: "",
[39m
[31m+                 patches: 
capturedPatches
[39m
[31m+             };
[39m
[31m+         } catch (e: unknown) {
[39m
[31m+             const errMsg = e 
instanceof Error ? e.message : String(e);
[39m
[31m+             log.error(`Container 
execution failed: ${errMsg}`);
[39m
[31m+ 
[39m
[31m+             // Kill any running 
container
[39m
[31m+             if (scoutContainer) {
[39m
[31m+                 try { await 
scoutContainer.kill(); } catch { /* already 
stopped */ }
[39m
[31m+             }
[39m
[31m+             if (mainContainer) {
[39m
[31m+                 try { await 
mainContainer.kill(); } catch { /* already 
stopped */ }
[39m
[31m+             }
[39m
[31m+ 
[39m
[31m+             return {
[39m
[31m+                 exitCode: 1,
[39m
[31m+                 stdout: 
allOutput.join("\n").slice(0, 50000),
[39m
[31m+                 stderr: errMsg,
[39m
[31m+             };
[39m
[31m+         } finally {
[39m
[31m+             // Cleanup: remove 
containers and volume
[39m
[31m+             if (scoutContainer) {
[39m
[31m+                 try { await 
scoutContainer.remove({ force: true }); } 
catch { /* ignore */ }
[39m
[31m+             }
[39m
[31m+             if (mainContainer) {
[39m
[31m+                 try {
[39m
[31m+                     await 
mainContainer.remove({ force: true });
[39m
[31m+                     log.debug(`Main 
container removed`);
[39m
[31m+                 } catch { /* ignore 
*/ }
[39m
[31m+             }
[39m
[31m+             try {
[39m
[31m+                 const volume = 
this.docker.getVolume(volumeName);
[39m
[31m+                 await 
volume.remove();
[39m
[31m+                 log.debug(`Volume 
${volumeName} removed`);
[39m
[31m+             } catch { /* ignore 
cleanup errors */ }
[39m
[31m+         }
[39m
[31m+     }
[39m
[31m+ 
[39m
[31m+     // ΓöÇΓöÇΓöÇ Project Detection Γö
ÇΓöÇΓöÇΓöÇΓöÇΓöÇΓöÇΓöÇΓöÇΓöÇΓöÇΓöÇΓöÇΓöÇΓöÇΓ
öÇΓöÇΓöÇΓöÇΓöÇΓöÇΓöÇΓöÇΓöÇΓöÇΓöÇΓöÇΓöÇΓöÇΓöÇ
ΓöÇΓöÇΓöÇΓöÇΓöÇ
[39m
[31m+ 
[39m
[31m+     /**
[39m
[31m+      * Detect project type by 
scanning for marker files inside a running 
container.
[39m
[31m+      * Uses `find` to discover 
markers up to 3 directories deep, then 
passes
[39m
[31m+      * the results to the project 
detector algorithm.
[39m
[31m+      */
[39m
[31m+     private async 
detectProjectInContainer(
[39m
[31m+         container: Docker.Container,
[39m
[31m+         aiHint?: string,
[39m
[31m+     ): Promise<Detection> {
[39m
[31m+         const markerFiles = 
getAllMarkerFiles();
[39m
[31m+ 
[39m
[31m+         // Build find command: find 
/workspace -maxdepth 3 \( -name "file1" -o 
-name "file2" ... \) -type f
[39m
[31m+         const findArgs = ["find", 
"/workspace", "-maxdepth", "3", "("];
[39m
[31m+         for (let i = 0; i < 
markerFiles.length; i++) {
[39m
[31m+             if (i > 0) 
findArgs.push("-o");
[39m
[31m+             findArgs.push("-name", 
markerFiles[i]!);
[39m
[31m+         }
[39m
[31m+         findArgs.push(")", "-type", 
"f");
[39m
[31m+ 
[39m
[31m+         log.info("Scanning for 
project markers (maxdepth=3)...");
[39m
[31m+         const findResult = await 
this.execInContainer(container, findArgs);
[39m
[31m+ 
[39m
[31m+         const foundFiles: string[] = 
[];
[39m
[31m+         if (findResult.exitCode === 
0 && findResult.output.trim()) {
[39m
[31m+             for (const line of 
findResult.output.trim().split("\n")) {
[39m
[31m+                 const trimmed = 
line.trim();
[39m
[31m+                 if (trimmed) {
[39m
[31m+                     // Convert 
absolute path to relative: 
/workspace/package.json ΓåÆ package.json
[39m
[31m+                     const relative = 
trimmed.replace(/^\/workspace\/?/, "");
[39m
[31m+                     if (relative) 
foundFiles.push(relative);
[39m
[31m+                 }
[39m
[31m+             }
[39m
[31m+         }
[39m
[31m+ 
[39m
[31m+         return 
detectProject(foundFiles, aiHint);
[39m
[31m+     }
[39m
[31m+ 
[39m
[31m+     /**
[39m
[31m+      * DEPRECATED: Module system 
detection (ESM vs CommonJS)
[39m
[31m+      * No longer needed since all 
API tests are now written in Python.
[39m
[31m+      * Kept for reference but not 
used in the execution pipeline.
[39m
[31m+      */
[39m
[31m+     // private async 
detectModuleSystemInContainer(
[39m
[31m+     //     container: 
Docker.Container,
[39m
[31m+     //     workdir: string,
[39m
[31m+     // ): Promise<boolean> {
[39m
[31m+     //     try {
[39m
[31m+     //         // Try 
workdir-specific package.json first 
(monorepo), then root
[39m
[31m+     //         const paths = workdir 
!== '/workspace'
[39m
[31m+     //             ? 
[`${workdir}/package.json`, 
'/workspace/package.json']
[39m
[31m+     //             : 
['/workspace/package.json'];
[39m
[31m+     //
[39m
[31m+     //         for (const pkgPath of 
paths) {
[39m
[31m+     //             const result = 
await this.execInContainer(container, 
['cat', pkgPath]);
[39m
[31m+     //             if 
(result.exitCode === 0 && 
result.output.trim()) {
[39m
[31m+     //                 try {
[39m
[31m+     //                     const pkg 
= JSON.parse(result.output);
[39m
[31m+     //                     if 
(pkg.type === 'module') {
[39m
[31m+     //                         
log.info(`Detected ES module project (from 
${pkgPath})`);
[39m
[31m+     //                         
return true;
[39m
[31m+     //                     }
[39m
[31m+     //                 } catch {
[39m
[31m+     //                     // 
Invalid JSON, skip
[39m
[31m+     //                 }
[39m
[31m+     //             }
[39m
[31m+     //         }
[39m
[31m+     //     } catch (error) {
[39m
[31m+     //         log.warn(`Failed to 
detect module system: ${String(error)}`);
[39m
[31m+     //     }
[39m
[31m+     //
[39m
[31m+     //     return false;
[39m
[31m+     // }
[39m
[31m+ 
[39m
[31m+     // ΓöÇΓöÇΓöÇ Container Exec ΓöÇΓö
ÇΓöÇΓöÇΓöÇΓöÇΓöÇΓöÇΓöÇΓöÇΓöÇΓöÇΓöÇΓöÇΓöÇΓöÇΓ
öÇΓöÇΓöÇΓöÇΓöÇΓöÇΓöÇΓöÇΓöÇΓöÇΓöÇΓöÇΓöÇΓöÇΓöÇ
ΓöÇΓöÇΓöÇΓöÇΓöÇΓöÇΓöÇ
[39m
[31m+ 
[39m
[31m+     /** Execute a command inside a 
running container, returning exit code + 
output */
[39m
[31m+     private async execInContainer(
[39m
[31m+         container: Docker.Container,
[39m
[31m+         cmd: string[],
[39m
[31m+         workdir?: string,
[39m
[31m+         customTimeoutMs?: number,
[39m
[31m+     ): Promise<{ exitCode: number; 
output: string }> {
[39m
[31m+         const exec = await 
container.exec({
[39m
[31m+             Cmd: cmd,
[39m
[31m+             AttachStdout: true,
[39m
[31m+             AttachStderr: true,
[39m
[31m+             ...(workdir ? { 
WorkingDir: workdir } : {}),
[39m
[31m+         });
[39m
[31m+ 
[39m
[31m+         const stream = await 
exec.start({ Detach: false, Tty: false });
[39m
[31m+ 
[39m
[31m+         // Use custom timeout if 
provided, otherwise use default
[39m
[31m+         const timeoutMs = 
customTimeoutMs ?? this.timeoutMs;
[39m
[31m+ 
[39m
[31m+         // Docker multiplexes 
stdout/stderr with 8-byte binary frame 
headers
[39m
[31m+         // when Tty=false.  We must 
demux to get clean text output.
[39m
[31m+         const output = await new 
Promise<string>((resolve, reject) => {
[39m
[31m+             const stdout = new 
PassThrough();
[39m
[31m+             const stderr = new 
PassThrough();
[39m
[31m+             const stdoutChunks: 
Buffer[] = [];
[39m
[31m+             const stderrChunks: 
Buffer[] = [];
[39m
[31m+ 
[39m
[31m+             const timeout = 
setTimeout(() => {
[39m
[31m+                 reject(new 
Error("Container execution timed out"));
[39m
[31m+             }, timeoutMs);
[39m
[31m+ 
[39m
[31m+             stdout.on("data", 
(chunk: Buffer) => 
stdoutChunks.push(chunk));
[39m
[31m+             stderr.on("data", 
(chunk: Buffer) => 
stderrChunks.push(chunk));
[39m
[31m+ 
[39m
[31m+             
this.docker.modem.demuxStream(stream, 
stdout, stderr);
[39m
[31m+ 
[39m
[31m+             stream.on("end", () => {
[39m
[31m+                 
clearTimeout(timeout);
[39m
[31m+                 const out = Buffer.co
ncat(stdoutChunks).toString("utf-8");
[39m
[31m+                 const err = Buffer.co
ncat(stderrChunks).toString("utf-8");
[39m
[31m+                 resolve(out + err);
[39m
[31m+             });
[39m
[31m+             stream.on("error", (err: 
Error) => {
[39m
[31m+                 
clearTimeout(timeout);
[39m
[31m+                 reject(err);
[39m
[31m+             });
[39m
[31m+         });
[39m
[31m+ 
[39m
[31m+         const inspect = await 
exec.inspect();
[39m
[31m+         return { exitCode: 
inspect.ExitCode ?? 1, output };
[39m
[31m+     }
[39m
[31m+ 
[39m
[31m+     // ΓöÇΓöÇΓöÇ Patch Writer ΓöÇΓöÇΓ
öÇΓöÇΓöÇΓöÇΓöÇΓöÇΓöÇΓöÇΓöÇΓöÇΓöÇΓöÇΓöÇΓöÇΓöÇ
ΓöÇΓöÇΓöÇΓöÇΓöÇΓöÇΓöÇΓöÇΓöÇΓöÇΓöÇΓöÇΓöÇΓöÇΓö
ÇΓöÇΓöÇΓöÇΓöÇΓöÇΓöÇΓöÇΓöÇ
[39m
[31m+ 
[39m
[31m+     /** Write patch files to 
container via tar archive ΓÇö no shell, no 
heredoc */
[39m
[31m+     private async 
writePatchesToContainer(
[39m
[31m+         container: Docker.Container,
[39m
[31m+         patches: { path: string; 
content: string }[],
[39m
[31m+         workdir: string = 
"/workspace",
[39m
[31m+     ): Promise<void> {
[39m
[31m+         const archive: Pack = pack();
[39m
[31m+ 
[39m
[31m+         // Extract the subdirectory 
from workdir (e.g., "/workspace/backend" -> 
"backend")
[39m
[31m+         const workdirSubpath = 
workdir.replace(/^\/workspace\/?/, "");
[39m
[31m+         
[39m
[31m+         for (const p of patches) {
[39m
[31m+             const safePath = 
validatePatchPath(p.path);
[39m
[31m+             
[39m
[31m+             // Adjust patch path 
based on workdir
[39m
[31m+             // If patch path is 
absolute or already includes the workdir 
subpath, use as-is
[39m
[31m+             // Otherwise, prepend 
the workdir subpath
[39m
[31m+             let finalPath = safePath;
[39m
[31m+             
[39m
[31m+             if (workdirSubpath && 
!safePath.startsWith(workdirSubpath + "/") 
&& !safePath.startsWith("/")) {
[39m
[31m+                 finalPath = 
`${workdirSubpath}/${safePath}`;
[39m
[31m+                 log.info(`Adjusted 
patch path: ${safePath} -> ${finalPath} 
(workdir: ${workdir})`);
[39m
[31m+             }
[39m
[31m+             
[39m
[31m+             const buf = 
Buffer.from(p.content, "utf-8");
[39m
[31m+             archive.entry({ name: 
finalPath, size: buf.length }, buf);
[39m
[31m+         }
[39m
[31m+ 
[39m
[31m+         archive.finalize();
[39m
[31m+ 
[39m
[31m+         // Workaround for Docker 
putArchive returning 400 when Rootfs is 
read-only.
[39m
[31m+         // We use docker exec with 
tar to extract the archive from stdin 
directly into /workspace.
[39m
[31m+         // SECURITY: Using Cmd array 
prevents shell injection. -f - reads from 
stdin safely.
[39m
[31m+         const exec = await 
container.exec({
[39m
[31m+             Cmd: ["tar", "-x", "-f", 
"-", "-C", "/workspace"],
[39m
[31m+             AttachStdin: true,
[39m
[31m+             AttachStdout: true,
[39m
[31m+             AttachStderr: true,
[39m
[31m+         });
[39m
[31m+ 
[39m
[31m+         const stream = await 
exec.start({ stdin: true, hijack: true });
[39m
[31m+ 
[39m
[31m+         // Pipe our safe tar stream 
directly into the exec process
[39m
[31m+         await new 
Promise<void>((resolve, reject) => {
[39m
[31m+             archive.on("error", 
reject);
[39m
[31m+             stream.on("error", 
reject);
[39m
[31m+ 
[39m
[31m+             // Resolve when tar 
finishes writing to stream
[39m
[31m+             stream.on("end", 
resolve);
[39m
[31m+ 
[39m
[31m+             archive.pipe(stream);
[39m
[31m+         });
[39m
[31m+ 
[39m
[31m+         let inspect = await 
exec.inspect();
[39m
[31m+         // Wait for the exec process 
to fully exit to reliably get ExitCode
[39m
[31m+         while (inspect.Running) {
[39m
[31m+             await new Promise((r) => 
setTimeout(r, 100));
[39m
[31m+             inspect = await 
exec.inspect();
[39m
[31m+         }
[39m
[31m+ 
[39m
[31m+         if (inspect.ExitCode !== 0) {
[39m
[31m+             throw new Error(`Failed 
to apply patches via tar (exit code 
${inspect.ExitCode})`);
[39m
[31m+         }
[39m
[31m+     }
[39m
[31m+ 
[39m
[31m+     /**
[39m
[31m+      * Determine if server startup 
is needed based on commands and language
[39m
[31m+      */
[39m
[31m+     private 
shouldStartServer(commands: string[], 
_language: string): boolean {
[39m
[31m+         // Enable server startup for 
Python tests (they make HTTP requests to 
localhost)
[39m
[31m+         const hasPythonTest = 
commands.some(cmd => cmd.includes('python') 
&& cmd.includes('.py'));
[39m
[31m+         if (hasPythonTest) {
[39m
[31m+             log.info("Server startup 
enabled for Python test execution");
[39m
[31m+             return true;
[39m
[31m+         }
[39m
[31m+         
[39m
[31m+         // DISABLED for other cases: 
Automatic server startup is disabled 
because:
[39m
[31m+         // 1. Generated tests should 
be self-contained and start their own 
server if needed
[39m
[31m+         // 2. Pre-starting the 
server requires database services (MongoDB, 
PostgreSQL, etc.)
[39m
[31m+         //    which are not 
available in the isolated container
[39m
[31m+         // 3. The AI-generated test 
files handle server lifecycle themselves
[39m
[31m+         return false;
[39m
[31m+     }
[39m
[31m+ 
[39m
[31m+     /**
[39m
[31m+      * Start application server in 
container before running tests
[39m
[31m+      */
[39m
[31m+     private async 
startServerInContainer(
[39m
[31m+             container: 
Docker.Container,
[39m
[31m+             workdir: string
[39m
[31m+         ): Promise<void> {
[39m
[31m+             const port = 3001; // 
Default port for API tests
[39m
[31m+ 
[39m
[31m+             // Create a startup 
script that properly captures all output
[39m
[31m+             const startupScript = 
String.raw`#!/bin/sh
[39m
[31m+     # Redirect all output to log file
[39m
[31m+     exec > /tmp/server.log 2>&1
[39m
[31m+ 
[39m
[31m+     # Set common environment 
variables that apps might need
[39m
[31m+     export NODE_ENV=test
[39m
[31m+     export PORT=3001
[39m
[31m+ 
[39m
[31m+     echo "Starting server..."
[39m
[31m+     echo "Environment variables set:"
[39m
[31m+     echo "NODE_ENV=$NODE_ENV"
[39m
[31m+     echo "PORT=$PORT"
[39m
[31m+     echo "MONGODB_URL=$MONGODB_URL"
[39m
[31m+     echo "JWT_SECRET=$JWT_SECRET"
[39m
[31m+ 
[39m
[31m+     # Track attempted methods for 
diagnostics
[39m
[31m+     ATTEMPTED_METHODS=""
[39m
[31m+ 
[39m
[31m+     # Stage 1: Check package.json 
for start script
[39m
[31m+     if [ -f "package.json" ]; then
[39m
[31m+       echo "Checking package.json 
for start script..."
[39m
[31m+       START_SCRIPT=$(cat 
package.json | grep -o 
'"start"[[:space:]]*:[[:space:]]*"[^"]*"' | 
sed 's/"start"[[:space:]]*:[[:space:]]*"\([^
"]*\)"/\1/')
[39m
[31m+ 
[39m
[31m+       if [ -n "$START_SCRIPT" ]; then
[39m
[31m+         echo "Found start script in 
package.json: $START_SCRIPT"
[39m
[31m+         
ATTEMPTED_METHODS="package.json start 
script: $START_SCRIPT"
[39m
[31m+ 
[39m
[31m+         # Execute the start script
[39m
[31m+         eval "$START_SCRIPT" 2>&1 &
[39m
[31m+         SERVER_PID=$!
[39m
[31m+         echo $SERVER_PID > 
/tmp/server.pid
[39m
[31m+         echo "Server PID: 
$SERVER_PID"
[39m
[31m+ 
[39m
[31m+         # Wait a moment to see if 
server crashes immediately
[39m
[31m+         sleep 2
[39m
[31m+         if kill -0 $SERVER_PID 
2>/dev/null; then
[39m
[31m+           echo "Server started 
successfully using package.json start 
script"
[39m
[31m+           exit 0
[39m
[31m+         else
[39m
[31m+           echo "Server process died 
after starting with package.json script"
[39m
[31m+           
ATTEMPTED_METHODS="$ATTEMPTED_METHODS 
(failed)"
[39m
[31m+         fi
[39m
[31m+       else
[39m
[31m+         echo "No start script found 
in package.json"
[39m
[31m+       fi
[39m
[31m+     fi
[39m
[31m+ 
[39m
[31m+     # Stage 2: File system search 
with expanded patterns
[39m
[31m+     echo "Searching for server entry 
point..."
[39m
[31m+     FOUND_ENTRY_POINT=""
[39m
[31m+     ATTEMPTED_PATHS=""
[39m
[31m+ 
[39m
[31m+     # Define location and filename 
patterns
[39m
[31m+     LOCATIONS=". src backend 
backend/src server server/src api api/src"
[39m
[31m+     FILENAMES="server.js server.ts 
index.js index.ts main.js main.ts start.js 
start.ts app.js app.ts"
[39m
[31m+ 
[39m
[31m+     # Check standard locations first 
(for backward compatibility)
[39m
[31m+     for LOCATION in $LOCATIONS; do
[39m
[31m+       for FILENAME in $FILENAMES; do
[39m
[31m+         if [ "$LOCATION" = "." ]; 
then
[39m
[31m+           ENTRY_PATH="$FILENAME"
[39m
[31m+         else
[39m
[31m+           
ENTRY_PATH="$LOCATION/$FILENAME"
[39m
[31m+         fi
[39m
[31m+ 
[39m
[31m+         
ATTEMPTED_PATHS="$ATTEMPTED_PATHS 
$ENTRY_PATH"
[39m
[31m+ 
[39m
[31m+         if [ -f "$ENTRY_PATH" ]; then
[39m
[31m+           echo "Found server entry 
point: $ENTRY_PATH"
[39m
[31m+           
FOUND_ENTRY_POINT="$ENTRY_PATH"
[39m
[31m+           break 2
[39m
[31m+         fi
[39m
[31m+       done
[39m
[31m+     done
[39m
[31m+ 
[39m
[31m+     # Check packages/* pattern for 
monorepos
[39m
[31m+     if [ -z "$FOUND_ENTRY_POINT" ] 
&& [ -d "packages" ]; then
[39m
[31m+       echo "Checking packages/* for 
monorepo structure..."
[39m
[31m+       for PKG_DIR in packages/*; do
[39m
[31m+         if [ -d "$PKG_DIR" ]; then
[39m
[31m+           for FILENAME in 
$FILENAMES; do
[39m
[31m+             # Check 
packages/*/filename
[39m
[31m+             
ENTRY_PATH="$PKG_DIR/$FILENAME"
[39m
[31m+             
ATTEMPTED_PATHS="$ATTEMPTED_PATHS 
$ENTRY_PATH"
[39m
[31m+             if [ -f "$ENTRY_PATH" ]; 
then
[39m
[31m+               echo "Found server 
entry point: $ENTRY_PATH"
[39m
[31m+               
FOUND_ENTRY_POINT="$ENTRY_PATH"
[39m
[31m+               break 2
[39m
[31m+             fi
[39m
[31m+ 
[39m
[31m+             # Check 
packages/*/src/filename
[39m
[31m+             
ENTRY_PATH="$PKG_DIR/src/$FILENAME"
[39m
[31m+             
ATTEMPTED_PATHS="$ATTEMPTED_PATHS 
$ENTRY_PATH"
[39m
[31m+             if [ -f "$ENTRY_PATH" ]; 
then
[39m
[31m+               echo "Found server 
entry point: $ENTRY_PATH"
[39m
[31m+               
FOUND_ENTRY_POINT="$ENTRY_PATH"
[39m
[31m+               break 2
[39m
[31m+             fi
[39m
[31m+           done
[39m
[31m+         fi
[39m
[31m+       done
[39m
[31m+     fi
[39m
[31m+ 
[39m
[31m+     # Start the server if entry 
point was found
[39m
[31m+     if [ -n "$FOUND_ENTRY_POINT" ]; 
then
[39m
[31m+       echo "Starting server with: 
$FOUND_ENTRY_POINT"
[39m
[31m+       
ATTEMPTED_METHODS="$ATTEMPTED_METHODS, file 
search: $FOUND_ENTRY_POINT"
[39m
[31m+       
[39m
[31m+       # Check if it's a TypeScript 
file
[39m
[31m+       case "$FOUND_ENTRY_POINT" in
[39m
[31m+         *.ts)
[39m
[31m+           echo "TypeScript file 
detected, using npx tsx"
[39m
[31m+           npx tsx 
"$FOUND_ENTRY_POINT" 2>&1 &
[39m
[31m+           ;;
[39m
[31m+         *)
[39m
[31m+           node "$FOUND_ENTRY_POINT" 
2>&1 &
[39m
[31m+           ;;
[39m
[31m+       esac
[39m
[31m+       
[39m
[31m+       SERVER_PID=$!
[39m
[31m+       echo $SERVER_PID > 
/tmp/server.pid
[39m
[31m+       echo "Server PID: $SERVER_PID"
[39m
[31m+ 
[39m
[31m+       # Wait a moment to see if 
server crashes immediately
[39m
[31m+       sleep 2
[39m
[31m+       if kill -0 $SERVER_PID 
2>/dev/null; then
[39m
[31m+         echo "Server started 
successfully using file search"
[39m
[31m+         exit 0
[39m
[31m+       else
[39m
[31m+         echo "Server process died 
after starting with file search"
[39m
[31m+         
ATTEMPTED_METHODS="$ATTEMPTED_METHODS 
(failed)"
[39m
[31m+       fi
[39m
[31m+     fi
[39m
[31m+ 
[39m
[31m+     # Stage 3: Fallback with require 
pattern (for backward compatibility)
[39m
[31m+     echo "No entry point found via 
file search, trying require pattern"
[39m
[31m+     
ATTEMPTED_METHODS="$ATTEMPTED_METHODS, 
require pattern: 
require('./src/app').listen(${port})"
[39m
[31m+     node -e 
"require('./src/app').listen(${port})" 2>&1 
&
[39m
[31m+     SERVER_PID=$!
[39m
[31m+     echo $SERVER_PID > 
/tmp/server.pid
[39m
[31m+     echo "Server PID: $SERVER_PID"
[39m
[31m+ 
[39m
[31m+     # Wait a moment to see if server 
crashes immediately
[39m
[31m+     sleep 2
[39m
[31m+     if ! kill -0 $SERVER_PID 
2>/dev/null; then
[39m
[31m+       echo 
"=========================================="
[39m
[31m+       echo "ERROR: All server 
startup attempts failed"
[39m
[31m+       echo 
"=========================================="
[39m
[31m+       echo ""
[39m
[31m+       echo "Stage 1 - Package.json 
Script Discovery:"
[39m
[31m+       if [ -f "package.json" ]; then
[39m
[31m+         if echo "$ATTEMPTED_METHODS" 
| grep -q "package.json start script"; then
[39m
[31m+           echo "  Γ£ù Found start 
script but server process died"
[39m
[31m+         else
[39m
[31m+           echo "  Γ£ù No start 
script found in package.json"
[39m
[31m+         fi
[39m
[31m+       else
[39m
[31m+         echo "  Γ£ù No package.json 
file found"
[39m
[31m+       fi
[39m
[31m+       echo ""
[39m
[31m+       echo "Stage 2 - File System 
Search:"
[39m
[31m+       echo "  Γ£ù No valid server 
entry point found"
[39m
[31m+       echo "  Attempted paths:"
[39m
[31m+       for PATH_ITEM in 
$ATTEMPTED_PATHS; do
[39m
[31m+         echo "    - $PATH_ITEM"
[39m
[31m+       done
[39m
[31m+       echo ""
[39m
[31m+       echo "Stage 3 - Require 
Pattern Fallback:"
[39m
[31m+       echo "  Γ£ù Server process 
died immediately after starting"
[39m
[31m+       echo "  This usually means the 
app crashed during initialization"
[39m
[31m+       echo ""
[39m
[31m+       echo "Summary of attempted 
methods:"
[39m
[31m+       echo "$ATTEMPTED_METHODS"
[39m
[31m+       echo ""
[39m
[31m+       echo 
"=========================================="
[39m
[31m+       echo "Troubleshooting 
suggestions:"
[39m
[31m+       echo "1. Ensure your server 
entry point is in one of the searched 
locations"
[39m
[31m+       echo "2. Add a 'start' script 
to package.json pointing to your server 
file"
[39m
[31m+       echo "3. Check that your 
server file exports a valid Express/HTTP 
server"
[39m
[31m+       echo "4. Review server logs 
above for initialization errors"
[39m
[31m+       echo 
"=========================================="
[39m
[31m+     fi
[39m
[31m+     `;
[39m
[31m+ 
[39m
[31m+             try {
[39m
[31m+                 // Write the startup 
script
[39m
[31m+                 await 
this.execInContainer(
[39m
[31m+                     container,
[39m
[31m+                     ['sh', '-c', 
`cat > /tmp/start-server.sh << 'EOFSCRIPT'\n
${startupScript}\nEOFSCRIPT\nchmod +x 
/tmp/start-server.sh`],
[39m
[31m+                     workdir,
[39m
[31m+                     5000
[39m
[31m+                 );
[39m
[31m+ 
[39m
[31m+                 // Run the startup 
script (output already redirected in script)
[39m
[31m+                 await 
this.execInContainer(
[39m
[31m+                     container,
[39m
[31m+                     ['sh', '-c', 'cd 
/workspace && /tmp/start-server.sh'],
[39m
[31m+                     workdir,
[39m
[31m+                     5000
[39m
[31m+                 );
[39m
[31m+ 
[39m
[31m+                 // Give server a 
moment to start
[39m
[31m+                 await new 
Promise(resolve => setTimeout(resolve, 
1000));
[39m
[31m+ 
[39m
[31m+                 // Wait for server 
to become ready
[39m
[31m+                 const isReady = 
await this.waitForServerReady(container, 
port, 15000);
[39m
[31m+ 
[39m
[31m+                 if (isReady) {
[39m
[31m+                     // Verify server 
process is still running
[39m
[31m+                     const pidCheck = 
await this.execInContainer(
[39m
[31m+                         container,
[39m
[31m+                         ['sh', '-c', 
'if [ -f /tmp/server.pid ]; then kill -0 
$(cat /tmp/server.pid) 2>/dev/null && echo 
"running" || echo "dead"; else echo 
"no-pid"; fi'],
[39m
[31m+                         workdir,
[39m
[31m+                         5000
[39m
[31m+                     );
[39m
[31m+ 
[39m
[31m+                     if 
(pidCheck.output.trim() === 'running') {
[39m
[31m+                         
log.info(`Server started successfully on 
port ${port} and verified stable (PID: 
$(cat /tmp/server.pid))`);
[39m
[31m+                     } else {
[39m
[31m+                         
log.warn(`Server responded but process 
check failed: ${pidCheck.output}`);
[39m
[31m+                     }
[39m
[31m+                 } else {
[39m
[31m+                     // Get server 
logs for debugging
[39m
[31m+                     const logsResult 
= await this.execInContainer(
[39m
[31m+                         container,
[39m
[31m+                         ['sh', '-c', 
'cat /tmp/server.log 2>/dev/null || echo 
"No server logs"'],
[39m
[31m+                         workdir,
[39m
[31m+                         5000
[39m
[31m+                     );
[39m
[31m+                     log.warn(`Could 
not start server. Server 
logs:\n${logsResult.output}`);
[39m
[31m+                 }
[39m
[31m+             } catch (error) {
[39m
[31m+                 log.warn(`Server 
startup failed: ${(error as 
Error).message}`);
[39m
[31m+             }
[39m
[31m+         }
[39m
[31m+ 
[39m
[31m+ 
[39m
[31m+     /**
[39m
[31m+      * Wait for server to become 
ready by polling the port
[39m
[31m+      */
[39m
[31m+     private async waitForServerReady(
[39m
[31m+         container: Docker.Container,
[39m
[31m+         port: number,
[39m
[31m+         timeoutMs: number
[39m
[31m+     ): Promise<boolean> {
[39m
[31m+         const startTime = Date.now();
[39m
[31m+         const delays = [100, 200, 
400, 800, 1600]; // Exponential backoff
[39m
[31m+         let attemptIndex = 0;
[39m
[31m+ 
[39m
[31m+         while (Date.now() - 
startTime < timeoutMs) {
[39m
[31m+             try {
[39m
[31m+                 // Try to connect to 
the server using curl
[39m
[31m+                 const result = await 
this.execInContainer(
[39m
[31m+                     container,
[39m
[31m+                     ['sh', '-c', 
`curl -s -o /dev/null -w "%{http_code}" 
http://localhost:${port} 2>/dev/null || 
echo "000"`],
[39m
[31m+                     undefined,
[39m
[31m+                     5000
[39m
[31m+                 );
[39m
[31m+ 
[39m
[31m+                 // Check if we got 
any HTTP response (even 404 means server is 
running)
[39m
[31m+                 const httpCode = 
result.output.trim();
[39m
[31m+                 if (httpCode !== 
'000' && httpCode !== '') {
[39m
[31m+                     return true;
[39m
[31m+                 }
[39m
[31m+             } catch {
[39m
[31m+                 // Connection 
failed, continue waiting
[39m
[31m+             }
[39m
[31m+ 
[39m
[31m+             // Wait before next 
attempt with exponential backoff
[39m
[31m+             const delay = 
delays[Math.min(attemptIndex, delays.length 
- 1)] ?? 1600;
[39m
[31m+             await new 
Promise(resolve => setTimeout(resolve, 
delay));
[39m
[31m+             attemptIndex++;
[39m
[31m+         }
[39m
[31m+ 
[39m
[31m+         return false;
[39m
[31m+     }
[39m
[31m+ 
[39m
[31m+     /**
[39m
[31m+      * Detect database dependencies 
from package.json or requirements.txt
[39m
[31m+      * Returns array of detected 
database types (mongodb, postgresql, mysql, 
redis, sqlite)
[39m
[31m+      */
[39m
[31m+     private async 
detectDatabaseDependencies(
[39m
[31m+         container: Docker.Container,
[39m
[31m+         language: string
[39m
[31m+     ): Promise<string[]> {
[39m
[31m+         const detectedDatabases: 
Set<string> = new Set();
[39m
[31m+ 
[39m
[31m+         // Node.js database packages 
mapping
[39m
[31m+         const nodeDatabasePackages: 
Record<string, string> = {
[39m
[31m+             'mongoose': 'mongodb',
[39m
[31m+             'mongodb': 'mongodb',
[39m
[31m+             'pg': 'postgresql',
[39m
[31m+             'postgres': 'postgresql',
[39m
[31m+             'mysql': 'mysql',
[39m
[31m+             'mysql2': 'mysql',
[39m
[31m+             'redis': 'redis',
[39m
[31m+             'ioredis': 'redis',
[39m
[31m+             'sqlite3': 'sqlite',
[39m
[31m+             'better-sqlite3': 
'sqlite',
[39m
[31m+             'sequelize': 
'postgresql',
[39m
[31m+             'typeorm': 'postgresql',
[39m
[31m+             'prisma': 'postgresql',
[39m
[31m+             'knex': 'postgresql',
[39m
[31m+         };
[39m
[31m+ 
[39m
[31m+         // Python database packages 
mapping
[39m
[31m+         const 
pythonDatabasePackages: Record<string, 
string> = {
[39m
[31m+             'pymongo': 'mongodb',
[39m
[31m+             'psycopg2': 'postgresql',
[39m
[31m+             'psycopg2-binary': 
'postgresql',
[39m
[31m+             
'mysql-connector-python': 'mysql',
[39m
[31m+             'redis': 'redis',
[39m
[31m+             'sqlalchemy': 
'postgresql',
[39m
[31m+             'django': 'postgresql',
[39m
[31m+         };
[39m
[31m+ 
[39m
[31m+         try {
[39m
[31m+             if (language === 'node') 
{
[39m
[31m+                 // Check 
package.json for Node.js dependencies
[39m
[31m+                 const result = await 
this.execInContainer(container, ['cat', 
'/workspace/package.json']);
[39m
[31m+                 if (result.exitCode 
=== 0 && result.output.trim()) {
[39m
[31m+                     try {
[39m
[31m+                         const pkg = 
JSON.parse(result.output);
[39m
[31m+                         const 
allDeps = {
[39m
[31m+                             
...pkg.dependencies,
[39m
[31m+                             
...pkg.devDependencies,
[39m
[31m+                         };
[39m
[31m+ 
[39m
[31m+                         // Check 
each dependency against known database 
packages
[39m
[31m+                         for (const 
[packageName, dbType] of 
Object.entries(nodeDatabasePackages)) {
[39m
[31m+                             if 
(allDeps[packageName]) {
[39m
[31m+                                 
detectedDatabases.add(dbType);
[39m
[31m+                                 
log.debug(`Detected ${dbType} dependency: 
${packageName}`);
[39m
[31m+                             }
[39m
[31m+                         }
[39m
[31m+                     } catch (error) {
[39m
[31m+                         
log.warn('Failed to parse package.json', { 
error });
[39m
[31m+                     }
[39m
[31m+                 }
[39m
[31m+             } else if (language === 
'python') {
[39m
[31m+                 // Check 
requirements.txt for Python dependencies
[39m
[31m+                 const result = await 
this.execInContainer(container, ['cat', 
'/workspace/requirements.txt']);
[39m
[31m+                 if (result.exitCode 
=== 0 && result.output.trim()) {
[39m
[31m+                     const content = 
result.output;
[39m
[31m+ 
[39m
[31m+                     // Check each 
line for known database packages
[39m
[31m+                     for (const 
[packageName, dbType] of 
Object.entries(pythonDatabasePackages)) {
[39m
[31m+                         // Match 
package name at start of line or after 
whitespace, followed by version specifier 
or newline
[39m
[31m+                         const regex 
= new 
RegExp(`(^|\\s)${packageName}([=<>!]|$)`, 
'm');
[39m
[31m+                         if 
(regex.test(content)) {
[39m
[31m+                             
detectedDatabases.add(dbType);
[39m
[31m+                             
log.debug(`Detected ${dbType} dependency: 
${packageName}`);
[39m
[31m+                         }
[39m
[31m+                     }
[39m
[31m+                 }
[39m
[31m+             }
[39m
[31m+         } catch (error) {
[39m
[31m+             log.warn('Failed to 
detect database dependencies', { error });
[39m
[31m+         }
[39m
[31m+ 
[39m
[31m+         return 
Array.from(detectedDatabases);
[39m
[31m+     }
[39m
[31m+ 
[39m
[31m+     /**
[39m
[31m+      * Generate database environment 
variables for detected databases
[39m
[31m+      * Returns array of environment 
variable strings (e.g., "MONGODB_URL=mongodb
://localhost:27017/test")
[39m
[31m+      */
[39m
[31m+     private generateDatabaseEnvironme
ntVariables(detectedDatabases: string[]): 
string[] {
[39m
[31m+         const envVars: string[] = [];
[39m
[31m+ 
[39m
[31m+         const databaseConfig: 
Record<string, { envVarName: string; 
testUrl: string }> = {
[39m
[31m+             'mongodb': {
[39m
[31m+                 envVarName: 
'MONGODB_URL',
[39m
[31m+                 testUrl: 
'mongodb://localhost:27017/test',
[39m
[31m+             },
[39m
[31m+             'postgresql': {
[39m
[31m+                 envVarName: 
'DATABASE_URL',
[39m
[31m+                 testUrl: 
'postgresql://localhost:5432/test',
[39m
[31m+             },
[39m
[31m+             'mysql': {
[39m
[31m+                 envVarName: 
'MYSQL_URL',
[39m
[31m+                 testUrl: 
'mysql://localhost:3306/test',
[39m
[31m+             },
[39m
[31m+             'redis': {
[39m
[31m+                 envVarName: 
'REDIS_URL',
[39m
[31m+                 testUrl: 
'redis://localhost:6379',
[39m
[31m+             },
[39m
[31m+             'sqlite': {
[39m
[31m+                 envVarName: 
'SQLITE_DATABASE',
[39m
[31m+                 testUrl: ':memory:',
[39m
[31m+             },
[39m
[31m+         };
[39m
[31m+ 
[39m
[31m+         for (const dbType of 
detectedDatabases) {
[39m
[31m+             const config = 
databaseConfig[dbType];
[39m
[31m+             if (config) {
[39m
[31m+                 envVars.push(`${confi
g.envVarName}=${config.testUrl}`);
[39m
[31m+             }
[39m
[31m+         }
[39m
[31m+ 
[39m
[31m+         return envVars;
[39m
[31m+     }
[39m
[31m+ 
[39m
[31m+     /**
[39m
[31m+      * DEPRECATED: Transform 
CommonJS syntax to ES module syntax
[39m
[31m+      * No longer needed since all 
API tests are now written in Python.
[39m
[31m+      * Kept for reference but not 
used in the execution pipeline.
[39m
[31m+      */
[39m
[31m+     // private 
transformCommonJSToESM(content: string): 
string {
[39m
[31m+     //     let transformed = content;
[39m
[31m+     //
[39m
[31m+     //     // First, handle dynamic 
require() inside arrow functions
[39m
[31m+     //     // Pattern: () => { const 
app = require('./path'); ... }
[39m
[31m+     //     // We need to match the 
arrow function signature and add async 
keyword
[39m
[31m+     //     transformed = 
transformed.replace(
[39m
[31m+     //         /(\([\w\s,]*\)\s*=>\s*
\{[^}]*)(const\s+(\w+)\s*=\s*require\(['"]([
^'"]+)['"]\);?\s*return\s+\3\.listen)/g,
[39m
[31m+     //         "async $1const { 
default: $3 } = await import('$4'); return 
$3.listen"
[39m
[31m+     //     );
[39m
[31m+     //
[39m
[31m+     //     // Transform top-level 
require() statements to import statements
[39m
[31m+     //     // Pattern: const varName 
= require('module'); (at start of line or 
after newline)
[39m
[31m+     //     transformed = 
transformed.replace(
[39m
[31m+     //         /(^|\n)const\s+(\w+)\s
*=\s*require\(['"]([^'"]+)['"]\);?/g,
[39m
[31m+     //         "$1import $2 from 
'$3';"
[39m
[31m+     //     );
[39m
[31m+     //
[39m
[31m+     //     // Pattern: const { named 
} = require('module'); (at start of line or 
after newline)
[39m
[31m+     //     transformed = 
transformed.replace(
[39m
[31m+     //         /(^|\n)const\s+\{([^}]
+)\}\s*=\s*require\(['"]([^'"]+)['"]\);?/g,
[39m
[31m+     //         "$1import {$2} from 
'$3';"
[39m
[31m+     //     );
[39m
[31m+     //
[39m
[31m+     //     // Pattern: 
require('module') without assignment (side 
effects)
[39m
[31m+     //     transformed = 
transformed.replace(
[39m
[31m+     //         
/(^|\n)require\(['"]([^'"]+)['"]\);?/g,
[39m
[31m+     //         "$1import '$2';"
[39m
[31m+     //     );
[39m
[31m+     //
[39m
[31m+     //     // Transform 
module.exports to export default
[39m
[31m+     //     transformed = 
transformed.replace(
[39m
[31m+     //         
/module\.exports\s*=\s*/g,
[39m
[31m+     //         "export default "
[39m
[31m+     //     );
[39m
[31m+     //
[39m
[31m+     //     // Transform exports.name 
= value to export const name = value
[39m
[31m+     //     transformed = 
transformed.replace(
[39m
[31m+     //         
/exports\.(\w+)\s*=\s*/g,
[39m
[31m+     //         "export const $1 = "
[39m
[31m+     //     );
[39m
[31m+     //
[39m
[31m+     //     // Add .js extension to 
relative imports if missing (required for 
ESM)
[39m
[31m+     //     // Pattern: from './path' 
or from "../path" without extension
[39m
[31m+     //     transformed = 
transformed.replace(
[39m
[31m+     //         /from\s+['"](\.\.[/\\]
[^'"]+|\.\/[^'"]+)['"];/g,
[39m
[31m+     //         (match, path) => {
[39m
[31m+     //             // Only add .js 
if no extension present
[39m
[31m+     //             if 
(!path.match(/\.\w+$/)) {
[39m
[31m+     //                 return `from 
'${path}.js';`;
[39m
[31m+     //             }
[39m
[31m+     //             return match;
[39m
[31m+     //         }
[39m
[31m+     //     );
[39m
[31m+     //
[39m
[31m+     //     // Also handle await 
import() paths
[39m
[31m+     //     transformed = 
transformed.replace(
[39m
[31m+     //         /import\(['"](\.\.[/\\
][^'"]+|\.\/[^'"]+)['"]\)/g,
[39m
[31m+     //         (match, path) => {
[39m
[31m+     //             // Only add .js 
if no extension present
[39m
[31m+     //             if 
(!path.match(/\.\w+$/)) {
[39m
[31m+     //                 return 
`import('${path}.js')`;
[39m
[31m+     //             }
[39m
[31m+     //             return match;
[39m
[31m+     //         }
[39m
[31m+     //     );
[39m
[31m+     //
[39m
[31m+     //     return transformed;
[39m
[31m+     // }
[39m
[31m+ }
[39m
[31m+ 
[39m
[31m+ 
[39m
[31m+[39m

[36m [2mΓ¥»[22m tests/server-startup-back
ward-compatibility.test.ts:[2m135:23[22m[
39m
    [90m133| [39m      
    [90m134| [39m      [90m// Verify 
standard filenames are in FILENAMES 
variable[39m
    [90m135| [39m      expect(content).toC
ontain('FILENAMES="app.js index.js 
server.js ΓÇª
    [90m   | [39m                      
[31m^[39m
    [90m136| [39m    })[33m;[39m
    [90m137| [39m

[31m[2mΓÄ»ΓÄ»ΓÄ»ΓÄ»ΓÄ»ΓÄ»ΓÄ»ΓÄ»ΓÄ»ΓÄ»ΓÄ»ΓÄ
»ΓÄ»ΓÄ»ΓÄ»ΓÄ»ΓÄ»ΓÄ»ΓÄ»ΓÄ»ΓÄ»ΓÄ»ΓÄ»[5/15]ΓÄ»
[22m[39m

[41m[1m FAIL [22m[49m tests/server-start
up-backward-compatibility.test.ts[2m > 
[22mTask 3.4: Backward Compatibility 
Verification[2m > [22mStandard Entry 
Points Checked Early (Requirement 3.1)[2m 
> [22mshould check app.js and index.js 
first in filename list
[31m[1mAssertionError[22m: expected 
'server.js' to be 'app.js' // Object.is 
equality[39m

Expected: [32m"[7mapp[27m.js"[39m
Received: [31m"[7mserver[27m.js"[39m

[36m [2mΓ¥»[22m tests/server-startup-back
ward-compatibility.test.ts:[2m158:28[22m[
39m
    [90m156| [39m      
    [90m157| [39m      [90m// Verify 
app.js and index.js are first in the 
list[39m
    [90m158| [39m      [34mexpect[39m(fi
lenames[[34m0[39m])[33m.[39m[34mtoBe[3
9m([32m'app.js'[39m)[33m;[39m
    [90m   | [39m                         
  [31m^[39m
    [90m159| [39m      [34mexpect[39m(fi
lenames[[34m1[39m])[33m.[39m[34mtoBe[3
9m([32m'index.js'[39m)[33m;[39m
    [90m160| [39m    })[33m;[39m

[31m[2mΓÄ»ΓÄ»ΓÄ»ΓÄ»ΓÄ»ΓÄ»ΓÄ»ΓÄ»ΓÄ»ΓÄ»ΓÄ»ΓÄ
»ΓÄ»ΓÄ»ΓÄ»ΓÄ»ΓÄ»ΓÄ»ΓÄ»ΓÄ»ΓÄ»ΓÄ»ΓÄ»[6/15]ΓÄ»
[22m[39m

[41m[1m FAIL [22m[49m tests/server-start
up-backward-compatibility.test.ts[2m > 
[22mTask 3.4: Backward Compatibility 
Verification[2m > [22mComprehensive 
Verification Summary[2m > [22mshould 
verify all backward compatibility 
requirements are met
[31m[1mAssertionError[22m: expected 
'/**\r\n * Docker-based isolated execuΓÇª' 
to contain 'FILENAMES="app.js index.js'[39m

[32m- Expected[39m
[31m+ Received[39m

[32m- FILENAMES="app.js index.js[39m
[31m+ /**
[39m
[31m+  * Docker-based isolated executor 
ΓÇö language-agnostic.
[39m
[31m+  *
[39m
[31m+  * Two-container architecture:
[39m
[31m+  * - Scout container (alpine/git): 
clones repo, detects project type
[39m
[31m+  * - Main container (detected 
image): installs deps, applies patches, 
runs commands
[39m
[31m+  *
[39m
[31m+  * Workspace shared via Docker 
volume between containers.
[39m
[31m+  *
[39m
[31m+  * Security model:
[39m
[31m+  * - git clone via Cmd array (no 
shell interpolation)
[39m
[31m+  * - Patches written via putArchive 
(tar stream, no heredoc)
[39m
[31m+  * - Each command exec'd 
individually via Cmd array
[39m
[31m+  * - Container: cap_drop ALL, 
no-new-privileges, ReadonlyRootfs + 
writable /workspace & /tmp
[39m
[31m+  */
[39m
[31m+ 
[39m
[31m+ import Docker from "dockerode";
[39m
[31m+ import { PassThrough } from 
"node:stream";
[39m
[31m+ import { pack, type Pack } from 
"tar-stream";
[39m
[31m+ import { createLogger } from 
"../logger.js";
[39m
[31m+ import type { Config } from 
"../config.js";
[39m
[31m+ import { validateBranchName, 
validateRepoUrl, validatePatchPath } from 
"../sanitize.js";
[39m
[31m+ import {
[39m
[31m+     detectProject,
[39m
[31m+     getAllMarkerFiles,
[39m
[31m+     applyInstallScriptsPolicy,
[39m
[31m+     LANGUAGE_ENV,
[39m
[31m+     type Detection,
[39m
[31m+ } from "./project-detector.js";
[39m
[31m+ 
[39m
[31m+ const log = 
createLogger("executor:docker");
[39m
[31m+ 
[39m
[31m+ const SCOUT_IMAGE = "alpine/git";
[39m
[31m+ 
[39m
[31m+ // ΓöÇΓöÇΓöÇ Types ΓöÇΓöÇΓöÇΓöÇΓöÇΓöÇ
ΓöÇΓöÇΓöÇΓöÇΓöÇΓöÇΓöÇΓöÇΓöÇΓöÇΓöÇΓöÇΓöÇΓöÇΓö
ÇΓöÇΓöÇΓöÇΓöÇΓöÇΓöÇΓöÇΓöÇΓöÇΓöÇΓöÇΓöÇΓöÇΓöÇΓ
öÇΓöÇΓöÇΓöÇΓöÇΓöÇΓöÇΓöÇΓöÇΓöÇΓöÇΓöÇΓöÇΓöÇΓöÇ
ΓöÇ
[39m
[31m+ 
[39m
[31m+ interface DockerRunResult {
[39m
[31m+     exitCode: number;
[39m
[31m+     stdout: string;
[39m
[31m+     stderr: string;
[39m
[31m+     patches?: { path: string; 
content: string; action: "create" | 
"modify" }[];
[39m
[31m+ }
[39m
[31m+ 
[39m
[31m+ // ΓöÇΓöÇΓöÇ Shared security 
HostConfig ΓöÇΓöÇΓöÇΓöÇΓöÇΓöÇΓöÇΓöÇΓöÇΓöÇΓöÇ
ΓöÇΓöÇΓöÇΓöÇΓöÇΓöÇΓöÇΓöÇΓöÇΓöÇΓöÇΓöÇΓöÇΓöÇΓö
ÇΓöÇΓöÇΓöÇΓöÇ
[39m
[31m+ 
[39m
[31m+ function securityHostConfig(opts?: { 
binds?: string[]; readonlyRootfs?: boolean 
}): Record<string, unknown> {
[39m
[31m+     const { binds, readonlyRootfs = 
true } = opts ?? {};
[39m
[31m+     return {
[39m
[31m+         AutoRemove: false,
[39m
[31m+         Memory: 512 * 1024 * 1024,   
     // 512MB
[39m
[31m+         MemorySwap: 1024 * 1024 * 
1024,    // 1GB
[39m
[31m+         CpuPeriod: 100000,
[39m
[31m+         CpuQuota: 100000,            
       // 1 CPU
[39m
[31m+         PidsLimit: 256,
[39m
[31m+         SecurityOpt: 
["no-new-privileges"],
[39m
[31m+         CapDrop: ["ALL"],
[39m
[31m+         CapAdd: ["CHOWN", "SETUID", 
"SETGID", "DAC_OVERRIDE"],
[39m
[31m+         ReadonlyRootfs: 
readonlyRootfs,
[39m
[31m+         Tmpfs: {
[39m
[31m+             "/tmp": "exec,size=100M",
[39m
[31m+             "/root": 
"exec,size=100M",
[39m
[31m+         },
[39m
[31m+         Binds: binds,
[39m
[31m+     };
[39m
[31m+ }
[39m
[31m+ 
[39m
[31m+ // ΓöÇΓöÇΓöÇ DockerExecutor ΓöÇΓöÇΓöÇ
ΓöÇΓöÇΓöÇΓöÇΓöÇΓöÇΓöÇΓöÇΓöÇΓöÇΓöÇΓöÇΓöÇΓöÇΓö
ÇΓöÇΓöÇΓöÇΓöÇΓöÇΓöÇΓöÇΓöÇΓöÇΓöÇΓöÇΓöÇΓöÇΓöÇΓ
öÇΓöÇΓöÇΓöÇΓöÇΓöÇΓöÇΓöÇΓöÇΓöÇ
[39m
[31m+ 
[39m
[31m+ export class DockerExecutor {
[39m
[31m+     private docker: Docker;
[39m
[31m+     private configImage: string;
[39m
[31m+     private timeoutMs: number;
[39m
[31m+     private allowInstallScripts: 
boolean;
[39m
[31m+ 
[39m
[31m+     constructor(config: Config) {
[39m
[31m+         const dockerHost = 
process.env.DOCKER_HOST;
[39m
[31m+         if (dockerHost) {
[39m
[31m+             const url = new 
URL(dockerHost);
[39m
[31m+             this.docker = new 
Docker({
[39m
[31m+                 host: url.hostname,
[39m
[31m+                 port: 
Number(url.port) || 2375,
[39m
[31m+             });
[39m
[31m+         } else {
[39m
[31m+             this.docker = new 
Docker();
[39m
[31m+         }
[39m
[31m+         this.configImage = 
config.dockerImage;
[39m
[31m+         this.timeoutMs = 
config.execTimeoutMs;
[39m
[31m+         this.allowInstallScripts = 
config.allowInstallScripts;
[39m
[31m+         log.info(`Docker executor 
initialized (image: ${this.configImage}, 
timeout: ${this.timeoutMs}ms)`);
[39m
[31m+     }
[39m
[31m+ 
[39m
[31m+     /** Check if Docker is available 
*/
[39m
[31m+     async checkConnection(): 
Promise<boolean> {
[39m
[31m+         try {
[39m
[31m+             await this.docker.ping();
[39m
[31m+             return true;
[39m
[31m+         } catch {
[39m
[31m+             log.error("Docker is not 
running or not accessible");
[39m
[31m+             return false;
[39m
[31m+         }
[39m
[31m+     }
[39m
[31m+ 
[39m
[31m+     /** Pull image if not found 
locally */
[39m
[31m+     private async 
ensureImage(imageName: string): 
Promise<void> {
[39m
[31m+         try {
[39m
[31m+             log.debug(`Checking if 
image ${imageName} exists locally...`);
[39m
[31m+             await 
this.docker.getImage(imageName).inspect();
[39m
[31m+         } catch (e: unknown) {
[39m
[31m+             if (e && typeof e === 
'object' && 'statusCode' in e && 
e.statusCode === 404) {
[39m
[31m+                 log.info(`Image 
${imageName} not found locally. 
Pulling...`);
[39m
[31m+                 await new 
Promise<void>((resolve, reject) => {
[39m
[31m+                     void 
this.docker.pull(imageName, (err: Error | 
null, stream: NodeJS.ReadableStream) => {
[39m
[31m+                         if (err) 
return reject(err);
[39m
[31m+                         
this.docker.modem.followProgress(stream, 
(onFinishedErr: Error | null) => {
[39m
[31m+                             if 
(onFinishedErr) return 
reject(onFinishedErr);
[39m
[31m+                             
resolve();
[39m
[31m+                         });
[39m
[31m+                     });
[39m
[31m+                 });
[39m
[31m+                 
log.info(`Successfully pulled image 
${imageName}`);
[39m
[31m+             } else {
[39m
[31m+                 throw e;
[39m
[31m+             }
[39m
[31m+         }
[39m
[31m+     }
[39m
[31m+ 
[39m
[31m+     /**
[39m
[31m+      * Run commands in an isolated 
Docker container.
[39m
[31m+      *
[39m
[31m+      * Two-container pipeline:
[39m
[31m+      * 1. Scout: git clone + project 
detection (alpine/git)
[39m
[31m+      * 2. Main:  install deps + 
apply patches + run commands (detected 
image)
[39m
[31m+      */
[39m
[31m+     async run(opts: {
[39m
[31m+         repoUrl: string;
[39m
[31m+         branch: string;
[39m
[31m+         commands: string[];
[39m
[31m+         patches?: { path: string; 
content: string }[];
[39m
[31m+         environmentHint?: string;
[39m
[31m+     }): Promise<DockerRunResult> {
[39m
[31m+         // Validate inputs before 
any Docker interaction
[39m
[31m+         const safeBranch = 
validateBranchName(opts.branch);
[39m
[31m+         const safeRepoUrl = 
validateRepoUrl(opts.repoUrl);
[39m
[31m+ 
[39m
[31m+         const ts = Date.now();
[39m
[31m+         const volumeName = 
`mcp-workspace-${ts}`;
[39m
[31m+         let scoutContainer: 
Docker.Container | null = null;
[39m
[31m+         let mainContainer: 
Docker.Container | null = null;
[39m
[31m+         const allOutput: string[] = 
[];
[39m
[31m+ 
[39m
[31m+         try {
[39m
[31m+             // ΓòÉΓòÉΓòÉ Phase 1: 
Create shared Docker volume ΓòÉΓòÉΓòÉ
[39m
[31m+             log.info(`Creating 
workspace volume ${volumeName}`);
[39m
[31m+             await 
this.docker.createVolume({ Name: volumeName 
});
[39m
[31m+ 
[39m
[31m+             const volumeBind = 
`${volumeName}:/workspace`;
[39m
[31m+ 
[39m
[31m+             // ΓòÉΓòÉΓòÉ Phase 2: 
Scout container ΓÇö clone + detect ΓòÉΓòÉΓòÉ
[39m
[31m+             const scoutName = 
`mcp-scout-${ts}`;
[39m
[31m+             log.info(`Creating scout 
container ${scoutName}`);
[39m
[31m+ 
[39m
[31m+             await 
this.ensureImage(SCOUT_IMAGE);
[39m
[31m+ 
[39m
[31m+             scoutContainer = await 
this.docker.createContainer({
[39m
[31m+                 Image: SCOUT_IMAGE,
[39m
[31m+                 name: scoutName,
[39m
[31m+                 Entrypoint: 
["/bin/sh"],
[39m
[31m+                 Cmd: ["-c", "sleep 
86400"],
[39m
[31m+                 WorkingDir: 
"/workspace",
[39m
[31m+                 Tty: false,
[39m
[31m+                 HostConfig: 
securityHostConfig({ binds: [volumeBind] }) 
as Docker.HostConfig,
[39m
[31m+                 Env: ["HOME=/root"],
[39m
[31m+             });
[39m
[31m+ 
[39m
[31m+             await 
scoutContainer.start();
[39m
[31m+             log.info(`Scout 
container ${scoutName} started`);
[39m
[31m+ 
[39m
[31m+             // Phase 2.1: git clone
[39m
[31m+             const cloneResult = 
await this.execInContainer(scoutContainer, [
[39m
[31m+                 "git", "clone", 
"--depth", "1", "--branch", safeBranch, 
safeRepoUrl, "/workspace",
[39m
[31m+             ]);
[39m
[31m+             
allOutput.push(cloneResult.output);
[39m
[31m+ 
[39m
[31m+             if (cloneResult.exitCode 
!== 0) {
[39m
[31m+                 log.warn(`Branch 
clone failed, retrying without --branch`);
[39m
[31m+                 const fallbackResult 
= await 
this.execInContainer(scoutContainer, [
[39m
[31m+                     "git", "clone", 
"--depth", "1", safeRepoUrl, "/workspace",
[39m
[31m+                 ]);
[39m
[31m+                 
allOutput.push(fallbackResult.output);
[39m
[31m+                 if 
(fallbackResult.exitCode !== 0) {
[39m
[31m+                     log.error(`Git 
clone failed (exit 
${fallbackResult.exitCode})`);
[39m
[31m+                     return {
[39m
[31m+                         exitCode: 
fallbackResult.exitCode,
[39m
[31m+                         stdout: 
allOutput.join("\n").slice(0, 50000),
[39m
[31m+                         stderr: "Git 
clone failed",
[39m
[31m+                     };
[39m
[31m+                 }
[39m
[31m+             }
[39m
[31m+ 
[39m
[31m+             // Phase 2.2: Detect 
project type by scanning for marker files
[39m
[31m+             const detection = await t
his.detectProjectInContainer(scoutContainer,
 opts.environmentHint);
[39m
[31m+ 
[39m
[31m+             // Phase 2.3: Detect 
database dependencies for automatic 
configuration
[39m
[31m+             const detectedDatabases 
= await this.detectDatabaseDependencies(scou
tContainer, detection.language);
[39m
[31m+ 
[39m
[31m+             // Phase 2.4: Module 
system detection (DISABLED - Python tests 
only)
[39m
[31m+             // Python tests don't 
need module system detection
[39m
[31m+             // const isEsm = await th
is.detectModuleSystemInContainer(scoutContai
ner, detection.workdir);
[39m
[31m+ 
[39m
[31m+             // ΓòÉΓòÉΓòÉ Phase 3: 
Resolve Docker image ΓòÉΓòÉΓòÉ
[39m
[31m+             // NOTE: Scout container 
stays alive until main container starts.
[39m
[31m+             // On Docker Desktop 
(Windows/WSL2), removing the scout before 
the
[39m
[31m+             // main container mounts 
the shared volume corrupts the overlayfs
[39m
[31m+             // layer, causing "lstat 
ΓÇª invalid argument" errors.
[39m
[31m+             let targetImage: string;
[39m
[31m+             
[39m
[31m+             // CRITICAL: If 
environmentHint is "python", force Python 
image
[39m
[31m+             // This is needed 
because AI generates Python tests 
regardless of server language
[39m
[31m+             if (opts.environmentHint 
=== "python") {
[39m
[31m+                 targetImage = 
"python:3.12-bookworm";
[39m
[31m+                 log.info(`Using 
Python image for test execution 
(environmentHint: python)`);
[39m
[31m+             } else if 
(this.configImage !== "auto") {
[39m
[31m+                 targetImage = 
this.configImage;
[39m
[31m+                 log.info(`Using 
explicit image from config: 
${targetImage}`);
[39m
[31m+ 
[39m
[31m+                 // Smart Override: 
Don't use a forced image if it conflicts 
with the detected language
[39m
[31m+                 if 
(detection.language !== 'unknown' && 
!targetImage.includes(detection.language)) {
[39m
[31m+                     
log.warn(`Explicit image ${targetImage} 
conflicts with detection of 
${detection.language} (confidence: 
${detection.confidence}). Overriding to 
${detection.image}`);
[39m
[31m+                     targetImage = 
detection.image;
[39m
[31m+                 }
[39m
[31m+             } else {
[39m
[31m+                 targetImage = 
detection.image;
[39m
[31m+                 
log.info(`Auto-detected image: 
${targetImage} (lang=${detection.language}, 
confidence=${detection.confidence})`);
[39m
[31m+             }
[39m
[31m+ 
[39m
[31m+             // ΓòÉΓòÉΓòÉ Phase 4: 
Main container ΓÇö deps + patches + 
commands ΓòÉΓòÉΓòÉ
[39m
[31m+             const mainName = 
`mcp-jira-exec-${ts}`;
[39m
[31m+             const mainWorkdir = 
detection.workdir;
[39m
[31m+ 
[39m
[31m+             await 
this.ensureImage(targetImage);
[39m
[31m+ 
[39m
[31m+             // Build environment 
variables
[39m
[31m+             const envVars = [
[39m
[31m+                 
"DEBIAN_FRONTEND=noninteractive",
[39m
[31m+                 "HOME=/root",
[39m
[31m+                 "NO_COLOR=1",
[39m
[31m+                 "FORCE_COLOR=0",
[39m
[31m+                 
...LANGUAGE_ENV[detection.language],
[39m
[31m+             ];
[39m
[31m+ 
[39m
[31m+             // Add common test 
environment variables that applications 
typically need
[39m
[31m+             envVars.push(
[39m
[31m+                 'JWT_SECRET=test-secr
et-key-for-testing-only-do-not-use-in-produc
tion',
[39m
[31m+                 
'JWT_ACCESS_EXPIRATION_MINUTES=30',
[39m
[31m+                 
'JWT_REFRESH_EXPIRATION_DAYS=30',
[39m
[31m+                 
'JWT_RESET_PASSWORD_EXPIRATION_MINUTES=10',
[39m
[31m+                 
'JWT_VERIFY_EMAIL_EXPIRATION_MINUTES=10',
[39m
[31m+                 
'API_KEY=test-api-key',
[39m
[31m+                 'SESSION_SECRET=test-
session-secret-for-testing-only',
[39m
[31m+                 'ENCRYPTION_KEY=test-
encryption-key-32-chars!!',
[39m
[31m+                 
'SMTP_HOST=localhost',
[39m
[31m+                 'SMTP_PORT=1025',
[39m
[31m+                 'SMTP_USERNAME=test',
[39m
[31m+                 'SMTP_PASSWORD=test',
[39m
[31m+                 
'EMAIL_FROM=test@example.com',
[39m
[31m+             );
[39m
[31m+ 
[39m
[31m+             // Add database 
configuration if databases are detected
[39m
[31m+             // This provides test 
database URLs automatically for 
applications that require them
[39m
[31m+             if 
(detectedDatabases.length > 0) {
[39m
[31m+                 const 
databaseEnvVars = this.generateDatabaseEnvir
onmentVariables(detectedDatabases);
[39m
[31m+                 
envVars.push(...databaseEnvVars);
[39m
[31m+                 log.info(`Added 
database configuration for: 
${detectedDatabases.join(", ")}`);
[39m
[31m+             }
[39m
[31m+ 
[39m
[31m+             // NOTE: WorkingDir is 
NOT set during container creation.
[39m
[31m+             // On Docker Desktop 
(Windows/WSL2), setting WorkingDir triggers 
an
[39m
[31m+             // lstat syscall on the 
overlayfs layer that fails with "invalid 
argument"
[39m
[31m+             // for complex images 
like node:20-bookworm. Instead, workdir is 
passed
[39m
[31m+             // to each exec call 
individually.
[39m
[31m+             log.info(`Creating main 
container ${mainName} (image: 
${targetImage}, workdir: ${mainWorkdir}, 
readonlyRootfs: false)`);
[39m
[31m+ 
[39m
[31m+             mainContainer = await 
this.docker.createContainer({
[39m
[31m+                 Image: targetImage,
[39m
[31m+                 name: mainName,
[39m
[31m+                 Cmd: ["sleep", 
"infinity"],
[39m
[31m+                 Tty: false,
[39m
[31m+                 HostConfig: 
securityHostConfig({ binds: [volumeBind], 
readonlyRootfs: false }) as 
Docker.HostConfig,
[39m
[31m+                 Env: envVars,
[39m
[31m+             });
[39m
[31m+             log.info(`Main container 
${mainName} created, starting...`);
[39m
[31m+ 
[39m
[31m+             await 
mainContainer.start();
[39m
[31m+             log.info(`Main container 
${mainName} started`);
[39m
[31m+ 
[39m
[31m+             // Now safe to release 
the scout ΓÇö main container holds the 
volume reference.
[39m
[31m+             await 
scoutContainer.stop().catch(() => { /* may 
already be stopped */ });
[39m
[31m+             await 
scoutContainer.remove({ force: true 
}).catch(() => { /* ignore */ });
[39m
[31m+             scoutContainer = null;
[39m
[31m+             log.info(`Scout 
container ${scoutName} removed`);
[39m
[31m+ 
[39m
[31m+             // Phase 4.1: Install 
dependencies
[39m
[31m+             // For Python test 
execution on Node.js projects, install 
Node.js and dependencies
[39m
[31m+             // so the server can run 
(Python tests make HTTP requests to it)
[39m
[31m+             if (opts.environmentHint 
=== "python" && detection.language === 
"node") {
[39m
[31m+                 // Install Node.js 
in Python container
[39m
[31m+                 log.info("Installing 
Node.js in Python container for server 
execution...");
[39m
[31m+                 const 
nodeInstallResult = await 
this.execInContainer(
[39m
[31m+                     mainContainer,
[39m
[31m+                     ["sh", "-c", 
"command -v node || (curl -fsSL 
https://deb.nodesource.com/setup_20.x | 
bash - && apt-get install -y nodejs)"],
[39m
[31m+                     mainWorkdir,
[39m
[31m+                     300_000 // 5 
minutes timeout
[39m
[31m+                 );
[39m
[31m+                 
allOutput.push(nodeInstallResult.output);
[39m
[31m+                 
[39m
[31m+                 if 
(nodeInstallResult.exitCode !== 0) {
[39m
[31m+                     
log.error("Failed to install Node.js in 
Python container");
[39m
[31m+                     return {
[39m
[31m+                         exitCode: 
nodeInstallResult.exitCode,
[39m
[31m+                         stdout: 
allOutput.join("\n").slice(0, 50000),
[39m
[31m+                         stderr: 
"Node.js installation failed in Python 
container",
[39m
[31m+                     };
[39m
[31m+                 }
[39m
[31m+                 log.info("Node.js 
installed successfully in Python 
container");
[39m
[31m+             }
[39m
[31m+             
[39m
[31m+             if (detection.installCmd 
&& detection.installCmd.length > 0) {
[39m
[31m+                 const installCmd = ap
plyInstallScriptsPolicy(detection.installCmd
, this.allowInstallScripts);
[39m
[31m+                 log.info(`Installing 
dependencies: ${installCmd.join(" ")}`);
[39m
[31m+ 
[39m
[31m+                 // Use 10 minutes 
timeout for dependency installation (can 
take longer than regular commands)
[39m
[31m+                 const 
installTimeoutMs = 600_000; // 10 minutes
[39m
[31m+                 const installResult 
= await this.execInContainer(mainContainer, 
installCmd, mainWorkdir, installTimeoutMs);
[39m
[31m+                 
allOutput.push(installResult.output);
[39m
[31m+ 
[39m
[31m+                 if 
(installResult.exitCode !== 0) {
[39m
[31m+                     // Fallback: If 
npm ci fails, retry with npm install
[39m
[31m+                     if 
(installCmd[0] === "npm" && installCmd[1] 
=== "ci") {
[39m
[31m+                         
log.warn(`npm ci failed (exit 
${installResult.exitCode}), retrying with 
npm install...`);
[39m
[31m+                         const 
fallbackCmd = ["npm", "install"];
[39m
[31m+                         const 
fallbackInstallCmd = 
applyInstallScriptsPolicy(fallbackCmd, 
this.allowInstallScripts);
[39m
[31m+                         
[39m
[31m+                         const 
fallbackResult = await 
this.execInContainer(mainContainer, 
fallbackInstallCmd, mainWorkdir, 
installTimeoutMs);
[39m
[31m+                         
allOutput.push(fallbackResult.output);
[39m
[31m+ 
[39m
[31m+                         if 
(fallbackResult.exitCode !== 0) {
[39m
[31m+                             
log.error(`Dependency install failed with 
fallback (exit ${fallbackResult.exitCode}): 
${fallbackInstallCmd.join(" ")}`);
[39m
[31m+                             return {
[39m
[31m+                                 
exitCode: fallbackResult.exitCode,
[39m
[31m+                                 
stdout: allOutput.join("\n").slice(0, 
50000),
[39m
[31m+                                 
stderr: "Dependency installation failed 
(both npm ci and npm install)",
[39m
[31m+                             };
[39m
[31m+                         }
[39m
[31m+                         
log.info("Dependencies installed 
successfully with npm install fallback");
[39m
[31m+                     } else {
[39m
[31m+                         
log.error(`Dependency install failed (exit 
${installResult.exitCode}): 
${installCmd.join(" ")}`);
[39m
[31m+                         return {
[39m
[31m+                             
exitCode: installResult.exitCode,
[39m
[31m+                             stdout: 
allOutput.join("\n").slice(0, 50000),
[39m
[31m+                             stderr: 
"Dependency installation failed",
[39m
[31m+                         };
[39m
[31m+                     }
[39m
[31m+                 } else {
[39m
[31m+                     
log.info("Dependencies installed 
successfully");
[39m
[31m+                 }
[39m
[31m+             }
[39m
[31m+ 
[39m
[31m+             // Phase 4.2: Patch 
adjustment for Python tests
[39m
[31m+             // AI generates Python 
test files, no transformation needed
[39m
[31m+             let commands = 
[...opts.commands];
[39m
[31m+ 
[39m
[31m+             // Adjust command paths 
relative to workdir
[39m
[31m+             // If workdir is 
/workspace/backend and command is "python 
backend/test.py",
[39m
[31m+             // it should become 
"python test.py" to avoid 
/workspace/backend/backend/test.py
[39m
[31m+             const workdirSubpath = 
mainWorkdir.replace(/^\/workspace\/?/, "");
[39m
[31m+             if (workdirSubpath) {
[39m
[31m+                 commands = 
commands.map(cmd => {
[39m
[31m+                     // Replace 
"python backend/file.py" with "python 
file.py" when workdir is backend
[39m
[31m+                     const pattern = 
new 
RegExp(`\\bpython\\s+${workdirSubpath}/`, 
'g');
[39m
[31m+                     return 
cmd.replace(pattern, 'python ');
[39m
[31m+                 });
[39m
[31m+             }
[39m
[31m+ 
[39m
[31m+             // Write patches via 
putArchive (tar stream)
[39m
[31m+             if 
(opts.patches?.length) {
[39m
[31m+                 await 
this.writePatchesToContainer(mainContainer, 
opts.patches, mainWorkdir);
[39m
[31m+                 log.info(`Wrote 
${opts.patches.length} patch(es) via 
putArchive`);
[39m
[31m+             }
[39m
[31m+ 
[39m
[31m+             // Phase 4.2.5: Start 
server if needed (for API tests)
[39m
[31m+             if 
(this.shouldStartServer(commands, 
detection.language)) {
[39m
[31m+                 await 
this.startServerInContainer(mainContainer, 
mainWorkdir);
[39m
[31m+             }
[39m
[31m+ 
[39m
[31m+             // Phase 4.3: Run each 
command via sh -c
[39m
[31m+             let lastExitCode = 0;
[39m
[31m+             const testResults: 
string[] = [];
[39m
[31m+             
[39m
[31m+             for (const cmd of 
commands) {
[39m
[31m+                 // If server was 
started, verify it's still running before 
executing test
[39m
[31m+                 if 
(this.shouldStartServer(commands, 
detection.language)) {
[39m
[31m+                     const 
serverCheck = await this.execInContainer(
[39m
[31m+                         
mainContainer,
[39m
[31m+                         ['sh', '-c', 
'curl -s -o /dev/null -w "%{http_code}" 
http://localhost:3001/ 2>/dev/null | tail 
-1'],
[39m
[31m+                         mainWorkdir,
[39m
[31m+                         5000
[39m
[31m+                     );
[39m
[31m+                     const httpCode = 
serverCheck.output.trim();
[39m
[31m+                     
log.info(`Pre-test server check: HTTP 
code="${httpCode}" 
(length=${httpCode.length})`);
[39m
[31m+                     
[39m
[31m+                     if (httpCode === 
'000' || httpCode === '' || httpCode.length 
!== 3) {
[39m
[31m+                         
log.error(`Server is not responding 
correctly before test execution! HTTP code: 
"${httpCode}"`);
[39m
[31m+                         // Get 
comprehensive debug info
[39m
[31m+                         const 
debugInfo = await this.execInContainer(
[39m
[31m+                             
mainContainer,
[39m
[31m+                             ['sh', 
'-c', `
[39m
[31m+ echo "=== Server Logs ==="
[39m
[31m+ cat /tmp/server.log 2>/dev/null || 
echo "No server logs"
[39m
[31m+ echo ""
[39m
[31m+ echo "=== PID Check ==="
[39m
[31m+ if [ -f /tmp/server.pid ]; then
[39m
[31m+   PID=$(cat /tmp/server.pid)
[39m
[31m+   echo "PID file contains: $PID"
[39m
[31m+   if kill -0 $PID 2>/dev/null; then
[39m
[31m+     echo "Process $PID is alive"
[39m
[31m+   else
[39m
[31m+     echo "Process $PID is dead"
[39m
[31m+   fi
[39m
[31m+ else
[39m
[31m+   echo "No PID file"
[39m
[31m+ fi
[39m
[31m+ echo ""
[39m
[31m+ echo "=== Listening Ports ==="
[39m
[31m+ netstat -tlnp 2>/dev/null | grep 
3001 || ss -tlnp 2>/dev/null | grep 3001 || 
echo "Port 3001 not listening"
[39m
[31m+ echo ""
[39m
[31m+ echo "=== Node Processes ==="
[39m
[31m+ ps aux | grep node | grep -v grep || 
echo "No node processes"
[39m
[31m+ `],
[39m
[31m+                             
mainWorkdir,
[39m
[31m+                             10000
[39m
[31m+                         );
[39m
[31m+                         
log.error(`Server debug 
info:\n${debugInfo.output}`);
[39m
[31m+                     } else {
[39m
[31m+                         
log.info(`Server verified responding before 
test (HTTP ${httpCode})`);
[39m
[31m+                     }
[39m
[31m+                 }
[39m
[31m+ 
[39m
[31m+                 log.info(`Running: 
${cmd}`);
[39m
[31m+ 
[39m
[31m+                 const result = await 
this.execInContainer(mainContainer, ["sh", 
"-c", cmd], mainWorkdir);
[39m
[31m+                 allOutput.push(`>>> 
${cmd}\n${result.output}`);
[39m
[31m+                 
testResults.push(`Command: ${cmd}\nExit 
Code: ${result.exitCode}\n\nOutput:\n${resul
t.output}\n${'='.repeat(80)}\n`);
[39m
[31m+                 lastExitCode = 
result.exitCode;
[39m
[31m+ 
[39m
[31m+                 if (result.exitCode 
!== 0) {
[39m
[31m+                     
log.error(`Command failed (exit 
${result.exitCode}): ${cmd}`);
[39m
[31m+                     // Log 
stdout/stderr for debugging
[39m
[31m+                     if 
(result.output) {
[39m
[31m+                         const lines 
= result.output.split('\n').slice(0, 20); 
// First 20 lines
[39m
[31m+                         
log.error(`Command 
output:\n${lines.join('\n')}`);
[39m
[31m+                     }
[39m
[31m+                     break;
[39m
[31m+                 }
[39m
[31m+             }
[39m
[31m+             
[39m
[31m+             // Phase 4.4: Write test 
results to a file
[39m
[31m+             if (testResults.length > 
0) {
[39m
[31m+                 const 
testResultsContent = `# Test Execution 
Results\n\nGenerated: ${new Date().toISOStri
ng()}\n\n${'='.repeat(80)}\n\n${testResults.
join('\n')}`;
[39m
[31m+                 const 
testResultsPath = 'test-results.md';
[39m
[31m+                 
[39m
[31m+                 log.info(`Writing 
test results to ${testResultsPath}`);
[39m
[31m+                 const writeCmd = 
`cat > ${testResultsPath} << 'EOF_TEST_RESUL
TS'\n${testResultsContent}\nEOF_TEST_RESULTS
`;
[39m
[31m+                 await 
this.execInContainer(mainContainer, ["sh", 
"-c", writeCmd], mainWorkdir);
[39m
[31m+             }
[39m
[31m+ 
[39m
[31m+             log.info(`Main container 
${mainName} finished (exit: 
${lastExitCode})`);
[39m
[31m+ 
[39m
[31m+             // Phase 5: Capture new 
or modified files (including test results)
[39m
[31m+             log.info(`Capturing 
generated artifacts from container 
${mainName}`);
[39m
[31m+             const statusResult = 
await this.execInContainer(mainContainer, 
["git", "status", "--porcelain"], 
mainWorkdir);
[39m
[31m+             const capturedPatches: { 
path: string; content: string; action: 
"create" | "modify" }[] = [];
[39m
[31m+ 
[39m
[31m+             if 
(statusResult.exitCode === 0 && 
statusResult.output) {
[39m
[31m+                 const lines = 
statusResult.output.split("\n").filter(l => 
l.trim().length > 0);
[39m
[31m+                 for (const line of 
lines) {
[39m
[31m+                     const status = 
line.slice(0, 2);
[39m
[31m+                     const file = 
line.slice(3).trim();
[39m
[31m+ 
[39m
[31m+                     let action: 
"create" | "modify" | null = null;
[39m
[31m+                     if (status === 
"??") action = "create";
[39m
[31m+                     else if 
(status.includes("M") || 
status.includes("A")) action = "modify";
[39m
[31m+ 
[39m
[31m+                     if (action) {
[39m
[31m+                         const 
contentResult = await 
this.execInContainer(mainContainer, ["cat", 
file], mainWorkdir);
[39m
[31m+                         if 
(contentResult.exitCode === 0) {
[39m
[31m+                             
capturedPatches.push({
[39m
[31m+                                 
path: file,
[39m
[31m+                                 
content: contentResult.output,
[39m
[31m+                                 
action
[39m
[31m+                             });
[39m
[31m+                             
log.info(`Captured generated file: ${file} 
(${action})`);
[39m
[31m+                         }
[39m
[31m+                     }
[39m
[31m+                 }
[39m
[31m+             }
[39m
[31m+             
[39m
[31m+             // Always capture 
test-results.md if it exists (even if not 
tracked by git)
[39m
[31m+             const testResultsCheck = 
await this.execInContainer(mainContainer, 
["test", "-f", "test-results.md"], 
mainWorkdir);
[39m
[31m+             if 
(testResultsCheck.exitCode === 0) {
[39m
[31m+                 const 
testResultsContent = await 
this.execInContainer(mainContainer, ["cat", 
"test-results.md"], mainWorkdir);
[39m
[31m+                 if 
(testResultsContent.exitCode === 0) {
[39m
[31m+                     // Check if 
already captured
[39m
[31m+                     const 
alreadyCaptured = capturedPatches.some(p => 
p.path === "test-results.md");
[39m
[31m+                     if 
(!alreadyCaptured) {
[39m
[31m+                         
capturedPatches.push({
[39m
[31m+                             path: 
"test-results.md",
[39m
[31m+                             content: 
testResultsContent.output,
[39m
[31m+                             action: 
"create"
[39m
[31m+                         });
[39m
[31m+                         
log.info(`Captured test results file: 
test-results.md`);
[39m
[31m+                     }
[39m
[31m+                 }
[39m
[31m+             }
[39m
[31m+ 
[39m
[31m+             return {
[39m
[31m+                 exitCode: 
lastExitCode,
[39m
[31m+                 stdout: 
allOutput.join("\n").slice(0, 50000),
[39m
[31m+                 stderr: "",
[39m
[31m+                 patches: 
capturedPatches
[39m
[31m+             };
[39m
[31m+         } catch (e: unknown) {
[39m
[31m+             const errMsg = e 
instanceof Error ? e.message : String(e);
[39m
[31m+             log.error(`Container 
execution failed: ${errMsg}`);
[39m
[31m+ 
[39m
[31m+             // Kill any running 
container
[39m
[31m+             if (scoutContainer) {
[39m
[31m+                 try { await 
scoutContainer.kill(); } catch { /* already 
stopped */ }
[39m
[31m+             }
[39m
[31m+             if (mainContainer) {
[39m
[31m+                 try { await 
mainContainer.kill(); } catch { /* already 
stopped */ }
[39m
[31m+             }
[39m
[31m+ 
[39m
[31m+             return {
[39m
[31m+                 exitCode: 1,
[39m
[31m+                 stdout: 
allOutput.join("\n").slice(0, 50000),
[39m
[31m+                 stderr: errMsg,
[39m
[31m+             };
[39m
[31m+         } finally {
[39m
[31m+             // Cleanup: remove 
containers and volume
[39m
[31m+             if (scoutContainer) {
[39m
[31m+                 try { await 
scoutContainer.remove({ force: true }); } 
catch { /* ignore */ }
[39m
[31m+             }
[39m
[31m+             if (mainContainer) {
[39m
[31m+                 try {
[39m
[31m+                     await 
mainContainer.remove({ force: true });
[39m
[31m+                     log.debug(`Main 
container removed`);
[39m
[31m+                 } catch { /* ignore 
*/ }
[39m
[31m+             }
[39m
[31m+             try {
[39m
[31m+                 const volume = 
this.docker.getVolume(volumeName);
[39m
[31m+                 await 
volume.remove();
[39m
[31m+                 log.debug(`Volume 
${volumeName} removed`);
[39m
[31m+             } catch { /* ignore 
cleanup errors */ }
[39m
[31m+         }
[39m
[31m+     }
[39m
[31m+ 
[39m
[31m+     // ΓöÇΓöÇΓöÇ Project Detection Γö
ÇΓöÇΓöÇΓöÇΓöÇΓöÇΓöÇΓöÇΓöÇΓöÇΓöÇΓöÇΓöÇΓöÇΓöÇΓ
öÇΓöÇΓöÇΓöÇΓöÇΓöÇΓöÇΓöÇΓöÇΓöÇΓöÇΓöÇΓöÇΓöÇΓöÇ
ΓöÇΓöÇΓöÇΓöÇΓöÇ
[39m
[31m+ 
[39m
[31m+     /**
[39m
[31m+      * Detect project type by 
scanning for marker files inside a running 
container.
[39m
[31m+      * Uses `find` to discover 
markers up to 3 directories deep, then 
passes
[39m
[31m+      * the results to the project 
detector algorithm.
[39m
[31m+      */
[39m
[31m+     private async 
detectProjectInContainer(
[39m
[31m+         container: Docker.Container,
[39m
[31m+         aiHint?: string,
[39m
[31m+     ): Promise<Detection> {
[39m
[31m+         const markerFiles = 
getAllMarkerFiles();
[39m
[31m+ 
[39m
[31m+         // Build find command: find 
/workspace -maxdepth 3 \( -name "file1" -o 
-name "file2" ... \) -type f
[39m
[31m+         const findArgs = ["find", 
"/workspace", "-maxdepth", "3", "("];
[39m
[31m+         for (let i = 0; i < 
markerFiles.length; i++) {
[39m
[31m+             if (i > 0) 
findArgs.push("-o");
[39m
[31m+             findArgs.push("-name", 
markerFiles[i]!);
[39m
[31m+         }
[39m
[31m+         findArgs.push(")", "-type", 
"f");
[39m
[31m+ 
[39m
[31m+         log.info("Scanning for 
project markers (maxdepth=3)...");
[39m
[31m+         const findResult = await 
this.execInContainer(container, findArgs);
[39m
[31m+ 
[39m
[31m+         const foundFiles: string[] = 
[];
[39m
[31m+         if (findResult.exitCode === 
0 && findResult.output.trim()) {
[39m
[31m+             for (const line of 
findResult.output.trim().split("\n")) {
[39m
[31m+                 const trimmed = 
line.trim();
[39m
[31m+                 if (trimmed) {
[39m
[31m+                     // Convert 
absolute path to relative: 
/workspace/package.json ΓåÆ package.json
[39m
[31m+                     const relative = 
trimmed.replace(/^\/workspace\/?/, "");
[39m
[31m+                     if (relative) 
foundFiles.push(relative);
[39m
[31m+                 }
[39m
[31m+             }
[39m
[31m+         }
[39m
[31m+ 
[39m
[31m+         return 
detectProject(foundFiles, aiHint);
[39m
[31m+     }
[39m
[31m+ 
[39m
[31m+     /**
[39m
[31m+      * DEPRECATED: Module system 
detection (ESM vs CommonJS)
[39m
[31m+      * No longer needed since all 
API tests are now written in Python.
[39m
[31m+      * Kept for reference but not 
used in the execution pipeline.
[39m
[31m+      */
[39m
[31m+     // private async 
detectModuleSystemInContainer(
[39m
[31m+     //     container: 
Docker.Container,
[39m
[31m+     //     workdir: string,
[39m
[31m+     // ): Promise<boolean> {
[39m
[31m+     //     try {
[39m
[31m+     //         // Try 
workdir-specific package.json first 
(monorepo), then root
[39m
[31m+     //         const paths = workdir 
!== '/workspace'
[39m
[31m+     //             ? 
[`${workdir}/package.json`, 
'/workspace/package.json']
[39m
[31m+     //             : 
['/workspace/package.json'];
[39m
[31m+     //
[39m
[31m+     //         for (const pkgPath of 
paths) {
[39m
[31m+     //             const result = 
await this.execInContainer(container, 
['cat', pkgPath]);
[39m
[31m+     //             if 
(result.exitCode === 0 && 
result.output.trim()) {
[39m
[31m+     //                 try {
[39m
[31m+     //                     const pkg 
= JSON.parse(result.output);
[39m
[31m+     //                     if 
(pkg.type === 'module') {
[39m
[31m+     //                         
log.info(`Detected ES module project (from 
${pkgPath})`);
[39m
[31m+     //                         
return true;
[39m
[31m+     //                     }
[39m
[31m+     //                 } catch {
[39m
[31m+     //                     // 
Invalid JSON, skip
[39m
[31m+     //                 }
[39m
[31m+     //             }
[39m
[31m+     //         }
[39m
[31m+     //     } catch (error) {
[39m
[31m+     //         log.warn(`Failed to 
detect module system: ${String(error)}`);
[39m
[31m+     //     }
[39m
[31m+     //
[39m
[31m+     //     return false;
[39m
[31m+     // }
[39m
[31m+ 
[39m
[31m+     // ΓöÇΓöÇΓöÇ Container Exec ΓöÇΓö
ÇΓöÇΓöÇΓöÇΓöÇΓöÇΓöÇΓöÇΓöÇΓöÇΓöÇΓöÇΓöÇΓöÇΓöÇΓ
öÇΓöÇΓöÇΓöÇΓöÇΓöÇΓöÇΓöÇΓöÇΓöÇΓöÇΓöÇΓöÇΓöÇΓöÇ
ΓöÇΓöÇΓöÇΓöÇΓöÇΓöÇΓöÇ
[39m
[31m+ 
[39m
[31m+     /** Execute a command inside a 
running container, returning exit code + 
output */
[39m
[31m+     private async execInContainer(
[39m
[31m+         container: Docker.Container,
[39m
[31m+         cmd: string[],
[39m
[31m+         workdir?: string,
[39m
[31m+         customTimeoutMs?: number,
[39m
[31m+     ): Promise<{ exitCode: number; 
output: string }> {
[39m
[31m+         const exec = await 
container.exec({
[39m
[31m+             Cmd: cmd,
[39m
[31m+             AttachStdout: true,
[39m
[31m+             AttachStderr: true,
[39m
[31m+             ...(workdir ? { 
WorkingDir: workdir } : {}),
[39m
[31m+         });
[39m
[31m+ 
[39m
[31m+         const stream = await 
exec.start({ Detach: false, Tty: false });
[39m
[31m+ 
[39m
[31m+         // Use custom timeout if 
provided, otherwise use default
[39m
[31m+         const timeoutMs = 
customTimeoutMs ?? this.timeoutMs;
[39m
[31m+ 
[39m
[31m+         // Docker multiplexes 
stdout/stderr with 8-byte binary frame 
headers
[39m
[31m+         // when Tty=false.  We must 
demux to get clean text output.
[39m
[31m+         const output = await new 
Promise<string>((resolve, reject) => {
[39m
[31m+             const stdout = new 
PassThrough();
[39m
[31m+             const stderr = new 
PassThrough();
[39m
[31m+             const stdoutChunks: 
Buffer[] = [];
[39m
[31m+             const stderrChunks: 
Buffer[] = [];
[39m
[31m+ 
[39m
[31m+             const timeout = 
setTimeout(() => {
[39m
[31m+                 reject(new 
Error("Container execution timed out"));
[39m
[31m+             }, timeoutMs);
[39m
[31m+ 
[39m
[31m+             stdout.on("data", 
(chunk: Buffer) => 
stdoutChunks.push(chunk));
[39m
[31m+             stderr.on("data", 
(chunk: Buffer) => 
stderrChunks.push(chunk));
[39m
[31m+ 
[39m
[31m+             
this.docker.modem.demuxStream(stream, 
stdout, stderr);
[39m
[31m+ 
[39m
[31m+             stream.on("end", () => {
[39m
[31m+                 
clearTimeout(timeout);
[39m
[31m+                 const out = Buffer.co
ncat(stdoutChunks).toString("utf-8");
[39m
[31m+                 const err = Buffer.co
ncat(stderrChunks).toString("utf-8");
[39m
[31m+                 resolve(out + err);
[39m
[31m+             });
[39m
[31m+             stream.on("error", (err: 
Error) => {
[39m
[31m+                 
clearTimeout(timeout);
[39m
[31m+                 reject(err);
[39m
[31m+             });
[39m
[31m+         });
[39m
[31m+ 
[39m
[31m+         const inspect = await 
exec.inspect();
[39m
[31m+         return { exitCode: 
inspect.ExitCode ?? 1, output };
[39m
[31m+     }
[39m
[31m+ 
[39m
[31m+     // ΓöÇΓöÇΓöÇ Patch Writer ΓöÇΓöÇΓ
öÇΓöÇΓöÇΓöÇΓöÇΓöÇΓöÇΓöÇΓöÇΓöÇΓöÇΓöÇΓöÇΓöÇΓöÇ
ΓöÇΓöÇΓöÇΓöÇΓöÇΓöÇΓöÇΓöÇΓöÇΓöÇΓöÇΓöÇΓöÇΓöÇΓö
ÇΓöÇΓöÇΓöÇΓöÇΓöÇΓöÇΓöÇΓöÇ
[39m
[31m+ 
[39m
[31m+     /** Write patch files to 
container via tar archive ΓÇö no shell, no 
heredoc */
[39m
[31m+     private async 
writePatchesToContainer(
[39m
[31m+         container: Docker.Container,
[39m
[31m+         patches: { path: string; 
content: string }[],
[39m
[31m+         workdir: string = 
"/workspace",
[39m
[31m+     ): Promise<void> {
[39m
[31m+         const archive: Pack = pack();
[39m
[31m+ 
[39m
[31m+         // Extract the subdirectory 
from workdir (e.g., "/workspace/backend" -> 
"backend")
[39m
[31m+         const workdirSubpath = 
workdir.replace(/^\/workspace\/?/, "");
[39m
[31m+         
[39m
[31m+         for (const p of patches) {
[39m
[31m+             const safePath = 
validatePatchPath(p.path);
[39m
[31m+             
[39m
[31m+             // Adjust patch path 
based on workdir
[39m
[31m+             // If patch path is 
absolute or already includes the workdir 
subpath, use as-is
[39m
[31m+             // Otherwise, prepend 
the workdir subpath
[39m
[31m+             let finalPath = safePath;
[39m
[31m+             
[39m
[31m+             if (workdirSubpath && 
!safePath.startsWith(workdirSubpath + "/") 
&& !safePath.startsWith("/")) {
[39m
[31m+                 finalPath = 
`${workdirSubpath}/${safePath}`;
[39m
[31m+                 log.info(`Adjusted 
patch path: ${safePath} -> ${finalPath} 
(workdir: ${workdir})`);
[39m
[31m+             }
[39m
[31m+             
[39m
[31m+             const buf = 
Buffer.from(p.content, "utf-8");
[39m
[31m+             archive.entry({ name: 
finalPath, size: buf.length }, buf);
[39m
[31m+         }
[39m
[31m+ 
[39m
[31m+         archive.finalize();
[39m
[31m+ 
[39m
[31m+         // Workaround for Docker 
putArchive returning 400 when Rootfs is 
read-only.
[39m
[31m+         // We use docker exec with 
tar to extract the archive from stdin 
directly into /workspace.
[39m
[31m+         // SECURITY: Using Cmd array 
prevents shell injection. -f - reads from 
stdin safely.
[39m
[31m+         const exec = await 
container.exec({
[39m
[31m+             Cmd: ["tar", "-x", "-f", 
"-", "-C", "/workspace"],
[39m
[31m+             AttachStdin: true,
[39m
[31m+             AttachStdout: true,
[39m
[31m+             AttachStderr: true,
[39m
[31m+         });
[39m
[31m+ 
[39m
[31m+         const stream = await 
exec.start({ stdin: true, hijack: true });
[39m
[31m+ 
[39m
[31m+         // Pipe our safe tar stream 
directly into the exec process
[39m
[31m+         await new 
Promise<void>((resolve, reject) => {
[39m
[31m+             archive.on("error", 
reject);
[39m
[31m+             stream.on("error", 
reject);
[39m
[31m+ 
[39m
[31m+             // Resolve when tar 
finishes writing to stream
[39m
[31m+             stream.on("end", 
resolve);
[39m
[31m+ 
[39m
[31m+             archive.pipe(stream);
[39m
[31m+         });
[39m
[31m+ 
[39m
[31m+         let inspect = await 
exec.inspect();
[39m
[31m+         // Wait for the exec process 
to fully exit to reliably get ExitCode
[39m
[31m+         while (inspect.Running) {
[39m
[31m+             await new Promise((r) => 
setTimeout(r, 100));
[39m
[31m+             inspect = await 
exec.inspect();
[39m
[31m+         }
[39m
[31m+ 
[39m
[31m+         if (inspect.ExitCode !== 0) {
[39m
[31m+             throw new Error(`Failed 
to apply patches via tar (exit code 
${inspect.ExitCode})`);
[39m
[31m+         }
[39m
[31m+     }
[39m
[31m+ 
[39m
[31m+     /**
[39m
[31m+      * Determine if server startup 
is needed based on commands and language
[39m
[31m+      */
[39m
[31m+     private 
shouldStartServer(commands: string[], 
_language: string): boolean {
[39m
[31m+         // Enable server startup for 
Python tests (they make HTTP requests to 
localhost)
[39m
[31m+         const hasPythonTest = 
commands.some(cmd => cmd.includes('python') 
&& cmd.includes('.py'));
[39m
[31m+         if (hasPythonTest) {
[39m
[31m+             log.info("Server startup 
enabled for Python test execution");
[39m
[31m+             return true;
[39m
[31m+         }
[39m
[31m+         
[39m
[31m+         // DISABLED for other cases: 
Automatic server startup is disabled 
because:
[39m
[31m+         // 1. Generated tests should 
be self-contained and start their own 
server if needed
[39m
[31m+         // 2. Pre-starting the 
server requires database services (MongoDB, 
PostgreSQL, etc.)
[39m
[31m+         //    which are not 
available in the isolated container
[39m
[31m+         // 3. The AI-generated test 
files handle server lifecycle themselves
[39m
[31m+         return false;
[39m
[31m+     }
[39m
[31m+ 
[39m
[31m+     /**
[39m
[31m+      * Start application server in 
container before running tests
[39m
[31m+      */
[39m
[31m+     private async 
startServerInContainer(
[39m
[31m+             container: 
Docker.Container,
[39m
[31m+             workdir: string
[39m
[31m+         ): Promise<void> {
[39m
[31m+             const port = 3001; // 
Default port for API tests
[39m
[31m+ 
[39m
[31m+             // Create a startup 
script that properly captures all output
[39m
[31m+             const startupScript = 
String.raw`#!/bin/sh
[39m
[31m+     # Redirect all output to log file
[39m
[31m+     exec > /tmp/server.log 2>&1
[39m
[31m+ 
[39m
[31m+     # Set common environment 
variables that apps might need
[39m
[31m+     export NODE_ENV=test
[39m
[31m+     export PORT=3001
[39m
[31m+ 
[39m
[31m+     echo "Starting server..."
[39m
[31m+     echo "Environment variables set:"
[39m
[31m+     echo "NODE_ENV=$NODE_ENV"
[39m
[31m+     echo "PORT=$PORT"
[39m
[31m+     echo "MONGODB_URL=$MONGODB_URL"
[39m
[31m+     echo "JWT_SECRET=$JWT_SECRET"
[39m
[31m+ 
[39m
[31m+     # Track attempted methods for 
diagnostics
[39m
[31m+     ATTEMPTED_METHODS=""
[39m
[31m+ 
[39m
[31m+     # Stage 1: Check package.json 
for start script
[39m
[31m+     if [ -f "package.json" ]; then
[39m
[31m+       echo "Checking package.json 
for start script..."
[39m
[31m+       START_SCRIPT=$(cat 
package.json | grep -o 
'"start"[[:space:]]*:[[:space:]]*"[^"]*"' | 
sed 's/"start"[[:space:]]*:[[:space:]]*"\([^
"]*\)"/\1/')
[39m
[31m+ 
[39m
[31m+       if [ -n "$START_SCRIPT" ]; then
[39m
[31m+         echo "Found start script in 
package.json: $START_SCRIPT"
[39m
[31m+         
ATTEMPTED_METHODS="package.json start 
script: $START_SCRIPT"
[39m
[31m+ 
[39m
[31m+         # Execute the start script
[39m
[31m+         eval "$START_SCRIPT" 2>&1 &
[39m
[31m+         SERVER_PID=$!
[39m
[31m+         echo $SERVER_PID > 
/tmp/server.pid
[39m
[31m+         echo "Server PID: 
$SERVER_PID"
[39m
[31m+ 
[39m
[31m+         # Wait a moment to see if 
server crashes immediately
[39m
[31m+         sleep 2
[39m
[31m+         if kill -0 $SERVER_PID 
2>/dev/null; then
[39m
[31m+           echo "Server started 
successfully using package.json start 
script"
[39m
[31m+           exit 0
[39m
[31m+         else
[39m
[31m+           echo "Server process died 
after starting with package.json script"
[39m
[31m+           
ATTEMPTED_METHODS="$ATTEMPTED_METHODS 
(failed)"
[39m
[31m+         fi
[39m
[31m+       else
[39m
[31m+         echo "No start script found 
in package.json"
[39m
[31m+       fi
[39m
[31m+     fi
[39m
[31m+ 
[39m
[31m+     # Stage 2: File system search 
with expanded patterns
[39m
[31m+     echo "Searching for server entry 
point..."
[39m
[31m+     FOUND_ENTRY_POINT=""
[39m
[31m+     ATTEMPTED_PATHS=""
[39m
[31m+ 
[39m
[31m+     # Define location and filename 
patterns
[39m
[31m+     LOCATIONS=". src backend 
backend/src server server/src api api/src"
[39m
[31m+     FILENAMES="server.js server.ts 
index.js index.ts main.js main.ts start.js 
start.ts app.js app.ts"
[39m
[31m+ 
[39m
[31m+     # Check standard locations first 
(for backward compatibility)
[39m
[31m+     for LOCATION in $LOCATIONS; do
[39m
[31m+       for FILENAME in $FILENAMES; do
[39m
[31m+         if [ "$LOCATION" = "." ]; 
then
[39m
[31m+           ENTRY_PATH="$FILENAME"
[39m
[31m+         else
[39m
[31m+           
ENTRY_PATH="$LOCATION/$FILENAME"
[39m
[31m+         fi
[39m
[31m+ 
[39m
[31m+         
ATTEMPTED_PATHS="$ATTEMPTED_PATHS 
$ENTRY_PATH"
[39m
[31m+ 
[39m
[31m+         if [ -f "$ENTRY_PATH" ]; then
[39m
[31m+           echo "Found server entry 
point: $ENTRY_PATH"
[39m
[31m+           
FOUND_ENTRY_POINT="$ENTRY_PATH"
[39m
[31m+           break 2
[39m
[31m+         fi
[39m
[31m+       done
[39m
[31m+     done
[39m
[31m+ 
[39m
[31m+     # Check packages/* pattern for 
monorepos
[39m
[31m+     if [ -z "$FOUND_ENTRY_POINT" ] 
&& [ -d "packages" ]; then
[39m
[31m+       echo "Checking packages/* for 
monorepo structure..."
[39m
[31m+       for PKG_DIR in packages/*; do
[39m
[31m+         if [ -d "$PKG_DIR" ]; then
[39m
[31m+           for FILENAME in 
$FILENAMES; do
[39m
[31m+             # Check 
packages/*/filename
[39m
[31m+             
ENTRY_PATH="$PKG_DIR/$FILENAME"
[39m
[31m+             
ATTEMPTED_PATHS="$ATTEMPTED_PATHS 
$ENTRY_PATH"
[39m
[31m+             if [ -f "$ENTRY_PATH" ]; 
then
[39m
[31m+               echo "Found server 
entry point: $ENTRY_PATH"
[39m
[31m+               
FOUND_ENTRY_POINT="$ENTRY_PATH"
[39m
[31m+               break 2
[39m
[31m+             fi
[39m
[31m+ 
[39m
[31m+             # Check 
packages/*/src/filename
[39m
[31m+             
ENTRY_PATH="$PKG_DIR/src/$FILENAME"
[39m
[31m+             
ATTEMPTED_PATHS="$ATTEMPTED_PATHS 
$ENTRY_PATH"
[39m
[31m+             if [ -f "$ENTRY_PATH" ]; 
then
[39m
[31m+               echo "Found server 
entry point: $ENTRY_PATH"
[39m
[31m+               
FOUND_ENTRY_POINT="$ENTRY_PATH"
[39m
[31m+               break 2
[39m
[31m+             fi
[39m
[31m+           done
[39m
[31m+         fi
[39m
[31m+       done
[39m
[31m+     fi
[39m
[31m+ 
[39m
[31m+     # Start the server if entry 
point was found
[39m
[31m+     if [ -n "$FOUND_ENTRY_POINT" ]; 
then
[39m
[31m+       echo "Starting server with: 
$FOUND_ENTRY_POINT"
[39m
[31m+       
ATTEMPTED_METHODS="$ATTEMPTED_METHODS, file 
search: $FOUND_ENTRY_POINT"
[39m
[31m+       
[39m
[31m+       # Check if it's a TypeScript 
file
[39m
[31m+       case "$FOUND_ENTRY_POINT" in
[39m
[31m+         *.ts)
[39m
[31m+           echo "TypeScript file 
detected, using npx tsx"
[39m
[31m+           npx tsx 
"$FOUND_ENTRY_POINT" 2>&1 &
[39m
[31m+           ;;
[39m
[31m+         *)
[39m
[31m+           node "$FOUND_ENTRY_POINT" 
2>&1 &
[39m
[31m+           ;;
[39m
[31m+       esac
[39m
[31m+       
[39m
[31m+       SERVER_PID=$!
[39m
[31m+       echo $SERVER_PID > 
/tmp/server.pid
[39m
[31m+       echo "Server PID: $SERVER_PID"
[39m
[31m+ 
[39m
[31m+       # Wait a moment to see if 
server crashes immediately
[39m
[31m+       sleep 2
[39m
[31m+       if kill -0 $SERVER_PID 
2>/dev/null; then
[39m
[31m+         echo "Server started 
successfully using file search"
[39m
[31m+         exit 0
[39m
[31m+       else
[39m
[31m+         echo "Server process died 
after starting with file search"
[39m
[31m+         
ATTEMPTED_METHODS="$ATTEMPTED_METHODS 
(failed)"
[39m
[31m+       fi
[39m
[31m+     fi
[39m
[31m+ 
[39m
[31m+     # Stage 3: Fallback with require 
pattern (for backward compatibility)
[39m
[31m+     echo "No entry point found via 
file search, trying require pattern"
[39m
[31m+     
ATTEMPTED_METHODS="$ATTEMPTED_METHODS, 
require pattern: 
require('./src/app').listen(${port})"
[39m
[31m+     node -e 
"require('./src/app').listen(${port})" 2>&1 
&
[39m
[31m+     SERVER_PID=$!
[39m
[31m+     echo $SERVER_PID > 
/tmp/server.pid
[39m
[31m+     echo "Server PID: $SERVER_PID"
[39m
[31m+ 
[39m
[31m+     # Wait a moment to see if server 
crashes immediately
[39m
[31m+     sleep 2
[39m
[31m+     if ! kill -0 $SERVER_PID 
2>/dev/null; then
[39m
[31m+       echo 
"=========================================="
[39m
[31m+       echo "ERROR: All server 
startup attempts failed"
[39m
[31m+       echo 
"=========================================="
[39m
[31m+       echo ""
[39m
[31m+       echo "Stage 1 - Package.json 
Script Discovery:"
[39m
[31m+       if [ -f "package.json" ]; then
[39m
[31m+         if echo "$ATTEMPTED_METHODS" 
| grep -q "package.json start script"; then
[39m
[31m+           echo "  Γ£ù Found start 
script but server process died"
[39m
[31m+         else
[39m
[31m+           echo "  Γ£ù No start 
script found in package.json"
[39m
[31m+         fi
[39m
[31m+       else
[39m
[31m+         echo "  Γ£ù No package.json 
file found"
[39m
[31m+       fi
[39m
[31m+       echo ""
[39m
[31m+       echo "Stage 2 - File System 
Search:"
[39m
[31m+       echo "  Γ£ù No valid server 
entry point found"
[39m
[31m+       echo "  Attempted paths:"
[39m
[31m+       for PATH_ITEM in 
$ATTEMPTED_PATHS; do
[39m
[31m+         echo "    - $PATH_ITEM"
[39m
[31m+       done
[39m
[31m+       echo ""
[39m
[31m+       echo "Stage 3 - Require 
Pattern Fallback:"
[39m
[31m+       echo "  Γ£ù Server process 
died immediately after starting"
[39m
[31m+       echo "  This usually means the 
app crashed during initialization"
[39m
[31m+       echo ""
[39m
[31m+       echo "Summary of attempted 
methods:"
[39m
[31m+       echo "$ATTEMPTED_METHODS"
[39m
[31m+       echo ""
[39m
[31m+       echo 
"=========================================="
[39m
[31m+       echo "Troubleshooting 
suggestions:"
[39m
[31m+       echo "1. Ensure your server 
entry point is in one of the searched 
locations"
[39m
[31m+       echo "2. Add a 'start' script 
to package.json pointing to your server 
file"
[39m
[31m+       echo "3. Check that your 
server file exports a valid Express/HTTP 
server"
[39m
[31m+       echo "4. Review server logs 
above for initialization errors"
[39m
[31m+       echo 
"=========================================="
[39m
[31m+     fi
[39m
[31m+     `;
[39m
[31m+ 
[39m
[31m+             try {
[39m
[31m+                 // Write the startup 
script
[39m
[31m+                 await 
this.execInContainer(
[39m
[31m+                     container,
[39m
[31m+                     ['sh', '-c', 
`cat > /tmp/start-server.sh << 'EOFSCRIPT'\n
${startupScript}\nEOFSCRIPT\nchmod +x 
/tmp/start-server.sh`],
[39m
[31m+                     workdir,
[39m
[31m+                     5000
[39m
[31m+                 );
[39m
[31m+ 
[39m
[31m+                 // Run the startup 
script (output already redirected in script)
[39m
[31m+                 await 
this.execInContainer(
[39m
[31m+                     container,
[39m
[31m+                     ['sh', '-c', 'cd 
/workspace && /tmp/start-server.sh'],
[39m
[31m+                     workdir,
[39m
[31m+                     5000
[39m
[31m+                 );
[39m
[31m+ 
[39m
[31m+                 // Give server a 
moment to start
[39m
[31m+                 await new 
Promise(resolve => setTimeout(resolve, 
1000));
[39m
[31m+ 
[39m
[31m+                 // Wait for server 
to become ready
[39m
[31m+                 const isReady = 
await this.waitForServerReady(container, 
port, 15000);
[39m
[31m+ 
[39m
[31m+                 if (isReady) {
[39m
[31m+                     // Verify server 
process is still running
[39m
[31m+                     const pidCheck = 
await this.execInContainer(
[39m
[31m+                         container,
[39m
[31m+                         ['sh', '-c', 
'if [ -f /tmp/server.pid ]; then kill -0 
$(cat /tmp/server.pid) 2>/dev/null && echo 
"running" || echo "dead"; else echo 
"no-pid"; fi'],
[39m
[31m+                         workdir,
[39m
[31m+                         5000
[39m
[31m+                     );
[39m
[31m+ 
[39m
[31m+                     if 
(pidCheck.output.trim() === 'running') {
[39m
[31m+                         
log.info(`Server started successfully on 
port ${port} and verified stable (PID: 
$(cat /tmp/server.pid))`);
[39m
[31m+                     } else {
[39m
[31m+                         
log.warn(`Server responded but process 
check failed: ${pidCheck.output}`);
[39m
[31m+                     }
[39m
[31m+                 } else {
[39m
[31m+                     // Get server 
logs for debugging
[39m
[31m+                     const logsResult 
= await this.execInContainer(
[39m
[31m+                         container,
[39m
[31m+                         ['sh', '-c', 
'cat /tmp/server.log 2>/dev/null || echo 
"No server logs"'],
[39m
[31m+                         workdir,
[39m
[31m+                         5000
[39m
[31m+                     );
[39m
[31m+                     log.warn(`Could 
not start server. Server 
logs:\n${logsResult.output}`);
[39m
[31m+                 }
[39m
[31m+             } catch (error) {
[39m
[31m+                 log.warn(`Server 
startup failed: ${(error as 
Error).message}`);
[39m
[31m+             }
[39m
[31m+         }
[39m
[31m+ 
[39m
[31m+ 
[39m
[31m+     /**
[39m
[31m+      * Wait for server to become 
ready by polling the port
[39m
[31m+      */
[39m
[31m+     private async waitForServerReady(
[39m
[31m+         container: Docker.Container,
[39m
[31m+         port: number,
[39m
[31m+         timeoutMs: number
[39m
[31m+     ): Promise<boolean> {
[39m
[31m+         const startTime = Date.now();
[39m
[31m+         const delays = [100, 200, 
400, 800, 1600]; // Exponential backoff
[39m
[31m+         let attemptIndex = 0;
[39m
[31m+ 
[39m
[31m+         while (Date.now() - 
startTime < timeoutMs) {
[39m
[31m+             try {
[39m
[31m+                 // Try to connect to 
the server using curl
[39m
[31m+                 const result = await 
this.execInContainer(
[39m
[31m+                     container,
[39m
[31m+                     ['sh', '-c', 
`curl -s -o /dev/null -w "%{http_code}" 
http://localhost:${port} 2>/dev/null || 
echo "000"`],
[39m
[31m+                     undefined,
[39m
[31m+                     5000
[39m
[31m+                 );
[39m
[31m+ 
[39m
[31m+                 // Check if we got 
any HTTP response (even 404 means server is 
running)
[39m
[31m+                 const httpCode = 
result.output.trim();
[39m
[31m+                 if (httpCode !== 
'000' && httpCode !== '') {
[39m
[31m+                     return true;
[39m
[31m+                 }
[39m
[31m+             } catch {
[39m
[31m+                 // Connection 
failed, continue waiting
[39m
[31m+             }
[39m
[31m+ 
[39m
[31m+             // Wait before next 
attempt with exponential backoff
[39m
[31m+             const delay = 
delays[Math.min(attemptIndex, delays.length 
- 1)] ?? 1600;
[39m
[31m+             await new 
Promise(resolve => setTimeout(resolve, 
delay));
[39m
[31m+             attemptIndex++;
[39m
[31m+         }
[39m
[31m+ 
[39m
[31m+         return false;
[39m
[31m+     }
[39m
[31m+ 
[39m
[31m+     /**
[39m
[31m+      * Detect database dependencies 
from package.json or requirements.txt
[39m
[31m+      * Returns array of detected 
database types (mongodb, postgresql, mysql, 
redis, sqlite)
[39m
[31m+      */
[39m
[31m+     private async 
detectDatabaseDependencies(
[39m
[31m+         container: Docker.Container,
[39m
[31m+         language: string
[39m
[31m+     ): Promise<string[]> {
[39m
[31m+         const detectedDatabases: 
Set<string> = new Set();
[39m
[31m+ 
[39m
[31m+         // Node.js database packages 
mapping
[39m
[31m+         const nodeDatabasePackages: 
Record<string, string> = {
[39m
[31m+             'mongoose': 'mongodb',
[39m
[31m+             'mongodb': 'mongodb',
[39m
[31m+             'pg': 'postgresql',
[39m
[31m+             'postgres': 'postgresql',
[39m
[31m+             'mysql': 'mysql',
[39m
[31m+             'mysql2': 'mysql',
[39m
[31m+             'redis': 'redis',
[39m
[31m+             'ioredis': 'redis',
[39m
[31m+             'sqlite3': 'sqlite',
[39m
[31m+             'better-sqlite3': 
'sqlite',
[39m
[31m+             'sequelize': 
'postgresql',
[39m
[31m+             'typeorm': 'postgresql',
[39m
[31m+             'prisma': 'postgresql',
[39m
[31m+             'knex': 'postgresql',
[39m
[31m+         };
[39m
[31m+ 
[39m
[31m+         // Python database packages 
mapping
[39m
[31m+         const 
pythonDatabasePackages: Record<string, 
string> = {
[39m
[31m+             'pymongo': 'mongodb',
[39m
[31m+             'psycopg2': 'postgresql',
[39m
[31m+             'psycopg2-binary': 
'postgresql',
[39m
[31m+             
'mysql-connector-python': 'mysql',
[39m
[31m+             'redis': 'redis',
[39m
[31m+             'sqlalchemy': 
'postgresql',
[39m
[31m+             'django': 'postgresql',
[39m
[31m+         };
[39m
[31m+ 
[39m
[31m+         try {
[39m
[31m+             if (language === 'node') 
{
[39m
[31m+                 // Check 
package.json for Node.js dependencies
[39m
[31m+                 const result = await 
this.execInContainer(container, ['cat', 
'/workspace/package.json']);
[39m
[31m+                 if (result.exitCode 
=== 0 && result.output.trim()) {
[39m
[31m+                     try {
[39m
[31m+                         const pkg = 
JSON.parse(result.output);
[39m
[31m+                         const 
allDeps = {
[39m
[31m+                             
...pkg.dependencies,
[39m
[31m+                             
...pkg.devDependencies,
[39m
[31m+                         };
[39m
[31m+ 
[39m
[31m+                         // Check 
each dependency against known database 
packages
[39m
[31m+                         for (const 
[packageName, dbType] of 
Object.entries(nodeDatabasePackages)) {
[39m
[31m+                             if 
(allDeps[packageName]) {
[39m
[31m+                                 
detectedDatabases.add(dbType);
[39m
[31m+                                 
log.debug(`Detected ${dbType} dependency: 
${packageName}`);
[39m
[31m+                             }
[39m
[31m+                         }
[39m
[31m+                     } catch (error) {
[39m
[31m+                         
log.warn('Failed to parse package.json', { 
error });
[39m
[31m+                     }
[39m
[31m+                 }
[39m
[31m+             } else if (language === 
'python') {
[39m
[31m+                 // Check 
requirements.txt for Python dependencies
[39m
[31m+                 const result = await 
this.execInContainer(container, ['cat', 
'/workspace/requirements.txt']);
[39m
[31m+                 if (result.exitCode 
=== 0 && result.output.trim()) {
[39m
[31m+                     const content = 
result.output;
[39m
[31m+ 
[39m
[31m+                     // Check each 
line for known database packages
[39m
[31m+                     for (const 
[packageName, dbType] of 
Object.entries(pythonDatabasePackages)) {
[39m
[31m+                         // Match 
package name at start of line or after 
whitespace, followed by version specifier 
or newline
[39m
[31m+                         const regex 
= new 
RegExp(`(^|\\s)${packageName}([=<>!]|$)`, 
'm');
[39m
[31m+                         if 
(regex.test(content)) {
[39m
[31m+                             
detectedDatabases.add(dbType);
[39m
[31m+                             
log.debug(`Detected ${dbType} dependency: 
${packageName}`);
[39m
[31m+                         }
[39m
[31m+                     }
[39m
[31m+                 }
[39m
[31m+             }
[39m
[31m+         } catch (error) {
[39m
[31m+             log.warn('Failed to 
detect database dependencies', { error });
[39m
[31m+         }
[39m
[31m+ 
[39m
[31m+         return 
Array.from(detectedDatabases);
[39m
[31m+     }
[39m
[31m+ 
[39m
[31m+     /**
[39m
[31m+      * Generate database environment 
variables for detected databases
[39m
[31m+      * Returns array of environment 
variable strings (e.g., "MONGODB_URL=mongodb
://localhost:27017/test")
[39m
[31m+      */
[39m
[31m+     private generateDatabaseEnvironme
ntVariables(detectedDatabases: string[]): 
string[] {
[39m
[31m+         const envVars: string[] = [];
[39m
[31m+ 
[39m
[31m+         const databaseConfig: 
Record<string, { envVarName: string; 
testUrl: string }> = {
[39m
[31m+             'mongodb': {
[39m
[31m+                 envVarName: 
'MONGODB_URL',
[39m
[31m+                 testUrl: 
'mongodb://localhost:27017/test',
[39m
[31m+             },
[39m
[31m+             'postgresql': {
[39m
[31m+                 envVarName: 
'DATABASE_URL',
[39m
[31m+                 testUrl: 
'postgresql://localhost:5432/test',
[39m
[31m+             },
[39m
[31m+             'mysql': {
[39m
[31m+                 envVarName: 
'MYSQL_URL',
[39m
[31m+                 testUrl: 
'mysql://localhost:3306/test',
[39m
[31m+             },
[39m
[31m+             'redis': {
[39m
[31m+                 envVarName: 
'REDIS_URL',
[39m
[31m+                 testUrl: 
'redis://localhost:6379',
[39m
[31m+             },
[39m
[31m+             'sqlite': {
[39m
[31m+                 envVarName: 
'SQLITE_DATABASE',
[39m
[31m+                 testUrl: ':memory:',
[39m
[31m+             },
[39m
[31m+         };
[39m
[31m+ 
[39m
[31m+         for (const dbType of 
detectedDatabases) {
[39m
[31m+             const config = 
databaseConfig[dbType];
[39m
[31m+             if (config) {
[39m
[31m+                 envVars.push(`${confi
g.envVarName}=${config.testUrl}`);
[39m
[31m+             }
[39m
[31m+         }
[39m
[31m+ 
[39m
[31m+         return envVars;
[39m
[31m+     }
[39m
[31m+ 
[39m
[31m+     /**
[39m
[31m+      * DEPRECATED: Transform 
CommonJS syntax to ES module syntax
[39m
[31m+      * No longer needed since all 
API tests are now written in Python.
[39m
[31m+      * Kept for reference but not 
used in the execution pipeline.
[39m
[31m+      */
[39m
[31m+     // private 
transformCommonJSToESM(content: string): 
string {
[39m
[31m+     //     let transformed = content;
[39m
[31m+     //
[39m
[31m+     //     // First, handle dynamic 
require() inside arrow functions
[39m
[31m+     //     // Pattern: () => { const 
app = require('./path'); ... }
[39m
[31m+     //     // We need to match the 
arrow function signature and add async 
keyword
[39m
[31m+     //     transformed = 
transformed.replace(
[39m
[31m+     //         /(\([\w\s,]*\)\s*=>\s*
\{[^}]*)(const\s+(\w+)\s*=\s*require\(['"]([
^'"]+)['"]\);?\s*return\s+\3\.listen)/g,
[39m
[31m+     //         "async $1const { 
default: $3 } = await import('$4'); return 
$3.listen"
[39m
[31m+     //     );
[39m
[31m+     //
[39m
[31m+     //     // Transform top-level 
require() statements to import statements
[39m
[31m+     //     // Pattern: const varName 
= require('module'); (at start of line or 
after newline)
[39m
[31m+     //     transformed = 
transformed.replace(
[39m
[31m+     //         /(^|\n)const\s+(\w+)\s
*=\s*require\(['"]([^'"]+)['"]\);?/g,
[39m
[31m+     //         "$1import $2 from 
'$3';"
[39m
[31m+     //     );
[39m
[31m+     //
[39m
[31m+     //     // Pattern: const { named 
} = require('module'); (at start of line or 
after newline)
[39m
[31m+     //     transformed = 
transformed.replace(
[39m
[31m+     //         /(^|\n)const\s+\{([^}]
+)\}\s*=\s*require\(['"]([^'"]+)['"]\);?/g,
[39m
[31m+     //         "$1import {$2} from 
'$3';"
[39m
[31m+     //     );
[39m
[31m+     //
[39m
[31m+     //     // Pattern: 
require('module') without assignment (side 
effects)
[39m
[31m+     //     transformed = 
transformed.replace(
[39m
[31m+     //         
/(^|\n)require\(['"]([^'"]+)['"]\);?/g,
[39m
[31m+     //         "$1import '$2';"
[39m
[31m+     //     );
[39m
[31m+     //
[39m
[31m+     //     // Transform 
module.exports to export default
[39m
[31m+     //     transformed = 
transformed.replace(
[39m
[31m+     //         
/module\.exports\s*=\s*/g,
[39m
[31m+     //         "export default "
[39m
[31m+     //     );
[39m
[31m+     //
[39m
[31m+     //     // Transform exports.name 
= value to export const name = value
[39m
[31m+     //     transformed = 
transformed.replace(
[39m
[31m+     //         
/exports\.(\w+)\s*=\s*/g,
[39m
[31m+     //         "export const $1 = "
[39m
[31m+     //     );
[39m
[31m+     //
[39m
[31m+     //     // Add .js extension to 
relative imports if missing (required for 
ESM)
[39m
[31m+     //     // Pattern: from './path' 
or from "../path" without extension
[39m
[31m+     //     transformed = 
transformed.replace(
[39m
[31m+     //         /from\s+['"](\.\.[/\\]
[^'"]+|\.\/[^'"]+)['"];/g,
[39m
[31m+     //         (match, path) => {
[39m
[31m+     //             // Only add .js 
if no extension present
[39m
[31m+     //             if 
(!path.match(/\.\w+$/)) {
[39m
[31m+     //                 return `from 
'${path}.js';`;
[39m
[31m+     //             }
[39m
[31m+     //             return match;
[39m
[31m+     //         }
[39m
[31m+     //     );
[39m
[31m+     //
[39m
[31m+     //     // Also handle await 
import() paths
[39m
[31m+     //     transformed = 
transformed.replace(
[39m
[31m+     //         /import\(['"](\.\.[/\\
][^'"]+|\.\/[^'"]+)['"]\)/g,
[39m
[31m+     //         (match, path) => {
[39m
[31m+     //             // Only add .js 
if no extension present
[39m
[31m+     //             if 
(!path.match(/\.\w+$/)) {
[39m
[31m+     //                 return 
`import('${path}.js')`;
[39m
[31m+     //             }
[39m
[31m+     //             return match;
[39m
[31m+     //         }
[39m
[31m+     //     );
[39m
[31m+     //
[39m
[31m+     //     return transformed;
[39m
[31m+     // }
[39m
[31m+ }
[39m
[31m+ 
[39m
[31m+ 
[39m
[31m+[39m

[36m [2mΓ¥»[22m tests/server-startup-back
ward-compatibility.test.ts:[2m240:23[22m[
39m
    [90m238| [39m      [90m// 
Requirement 3.1: Standard entry points 
work[39m
    [90m239| [39m      [34mexpect[39m(co
ntent)[33m.[39m[34mtoContain[39m([32m'L
OCATIONS=". src'[39m)[33m;[39m
    [90m240| [39m      [34mexpect[39m(co
ntent)[33m.[39m[34mtoContain[39m([32m'F
ILENAMES="app.js index.js'[39m)[33m;[39m
    [90m   | [39m                      
[31m^[39m
    [90m241| [39m      
    [90m242| [39m      [90m// 
Requirement 3.2: Server readiness 
verification[39m

[31m[2mΓÄ»ΓÄ»ΓÄ»ΓÄ»ΓÄ»ΓÄ»ΓÄ»ΓÄ»ΓÄ»ΓÄ»ΓÄ»ΓÄ
»ΓÄ»ΓÄ»ΓÄ»ΓÄ»ΓÄ»ΓÄ»ΓÄ»ΓÄ»ΓÄ»ΓÄ»ΓÄ»[7/15]ΓÄ»
[22m[39m

[41m[1m FAIL [22m[49m tests/test-executi
on-reporting/bug-condition-exploration.test.
ts[2m > [22mBug Condition Exploration 
Tests[2m > [22mTest 1.3: Docker 
Integration Test 1[2m > [22mshould 
execute complete pipeline for Node.js test 
runner
[31m[1mError[22m: Test timed out in 
5000ms.
If this is a long-running test, pass a 
timeout value as the last argument or 
configure it globally with 
"testTimeout".[39m
[36m [2mΓ¥»[22m tests/test-execution-repo
rting/bug-condition-exploration.test.ts:[2m
120:5[22m[39m
    [90m118| [39m   */[39m
    [90m119| [39m  
[34mdescribe[39m([32m'Test 1.3: Docker 
Integration Test 1'[39m[33m,[39m () 
[33m=>[39m {
    [90m120| [39m    it('should execute 
complete pipeline for Node.js test runner', 
asyΓÇª
    [90m   | [39m    [31m^[39m
    [90m121| [39m      [90m// Check 
Docker availability[39m
    [90m122| [39m      [35mconst[39m 
docker [33m=[39m [35mnew[39m 
[33mDocker[39m()[33m;[39m

[31m[2mΓÄ»ΓÄ»ΓÄ»ΓÄ»ΓÄ»ΓÄ»ΓÄ»ΓÄ»ΓÄ»ΓÄ»ΓÄ»ΓÄ
»ΓÄ»ΓÄ»ΓÄ»ΓÄ»ΓÄ»ΓÄ»ΓÄ»ΓÄ»ΓÄ»ΓÄ»ΓÄ»[8/15]ΓÄ»
[22m[39m

[41m[1m FAIL [22m[49m tests/test-executi
on-reporting/bug-condition-exploration.test.
ts[2m > [22mBug Condition Exploration 
Tests[2m > [22mTest 1.4: Docker 
Integration Test 2[2m > [22mshould 
execute complete pipeline with Turkish 
language detection
[31m[1mError[22m: Test timed out in 
5000ms.
If this is a long-running test, pass a 
timeout value as the last argument or 
configure it globally with 
"testTimeout".[39m
[36m [2mΓ¥»[22m tests/test-execution-repo
rting/bug-condition-exploration.test.ts:[2m
182:5[22m[39m
    [90m180| [39m   */[39m
    [90m181| [39m  
[34mdescribe[39m([32m'Test 1.4: Docker 
Integration Test 2'[39m[33m,[39m () 
[33m=>[39m {
    [90m182| [39m    it('should execute 
complete pipeline with Turkish language 
detectiΓÇª
    [90m   | [39m    [31m^[39m
    [90m183| [39m      [90m// Check 
Docker availability[39m
    [90m184| [39m      [35mconst[39m 
docker [33m=[39m [35mnew[39m 
[33mDocker[39m()[33m;[39m

[31m[2mΓÄ»ΓÄ»ΓÄ»ΓÄ»ΓÄ»ΓÄ»ΓÄ»ΓÄ»ΓÄ»ΓÄ»ΓÄ»ΓÄ
»ΓÄ»ΓÄ»ΓÄ»ΓÄ»ΓÄ»ΓÄ»ΓÄ»ΓÄ»ΓÄ»ΓÄ»ΓÄ»[9/15]ΓÄ»
[22m[39m

[41m[1m FAIL [22m[49m tests/test-executi
on-reporting/bug-condition-exploration.test.
ts[2m > [22mBug Condition Exploration 
Tests[2m > [22mTest 1.5: Docker Executor 
Property Test[2m > [22mshould pass 
framework as environment variable to 
container
[31m[1mError[22m: Test timed out in 
5000ms.
If this is a long-running test, pass a 
timeout value as the last argument or 
configure it globally with 
"testTimeout".[39m
[36m [2mΓ¥»[22m tests/test-execution-repo
rting/bug-condition-exploration.test.ts:[2m
246:5[22m[39m
    [90m244| [39m   */[39m
    [90m245| [39m  
[34mdescribe[39m([32m'Test 1.5: Docker 
Executor Property Test'[39m[33m,[39m () 
[33m=>[39m {
    [90m246| [39m    it('should pass 
framework as environment variable to 
container', aΓÇª
    [90m   | [39m    [31m^[39m
    [90m247| [39m      [90m// Check 
Docker availability[39m
    [90m248| [39m      [35mconst[39m 
docker [33m=[39m [35mnew[39m 
[33mDocker[39m()[33m;[39m

[31m[2mΓÄ»ΓÄ»ΓÄ»ΓÄ»ΓÄ»ΓÄ»ΓÄ»ΓÄ»ΓÄ»ΓÄ»ΓÄ»ΓÄ
»ΓÄ»ΓÄ»ΓÄ»ΓÄ»ΓÄ»ΓÄ»ΓÄ»ΓÄ»ΓÄ»ΓÄ»[10/15]ΓÄ»[2
2m[39m

[41m[1m FAIL [22m[49m tests/test-executi
on-reporting/pipeline.test.ts[2m > 
[22mTestExecutionPipeline - Integration 
Tests[2m > [22mError Scenarios[2m > 
[22mshould handle PR update failure 
gracefully
[31m[1mError[22m: Test timed out in 
10000ms.
If this is a long-running test, pass a 
timeout value as the last argument or 
configure it globally with 
"testTimeout".[39m
[36m [2mΓ¥»[22m tests/test-execution-repo
rting/pipeline.test.ts:[2m161:5[22m[39m
    [90m159| [39m    })[33m;[39m
    [90m160| [39m
    [90m161| [39m    
[34mit[39m([32m'should handle PR update 
failure gracefully'[39m[33m,[39m 
[35masync[39m () [33m=>[39m {
    [90m   | [39m    [31m^[39m
    [90m162| [39m      [90m// Mock SCM 
provider to fail[39m
    [90m163| [39m      
mockScmProvider.writeFile = 
vi.fn().mockRejectedValue(new Error(ΓÇª

[31m[2mΓÄ»ΓÄ»ΓÄ»ΓÄ»ΓÄ»ΓÄ»ΓÄ»ΓÄ»ΓÄ»ΓÄ»ΓÄ»ΓÄ
»ΓÄ»ΓÄ»ΓÄ»ΓÄ»ΓÄ»ΓÄ»ΓÄ»ΓÄ»ΓÄ»ΓÄ»[11/15]ΓÄ»[2
2m[39m

[41m[1m FAIL [22m[49m tests/test-executi
on-reporting/pipeline.test.ts[2m > 
[22mTestExecutionPipeline - Integration 
Tests[2m > [22mMultiple Test 
Frameworks[2m > [22mshould handle Jest 
test files
[31m[1mError[22m: Test timed out in 
5000ms.
If this is a long-running test, pass a 
timeout value as the last argument or 
configure it globally with 
"testTimeout".[39m
[36m [2mΓ¥»[22m tests/test-execution-repo
rting/pipeline.test.ts:[2m195:5[22m[39m

[2m Test Files [22m [1m[31m7 failed[39m[22m[2m | [22m[1m[32m66 passed[39m[22m[90m (73)[39m
    [90m193| [39m
    [90m194| [39m  
[34mdescribe[39m([32m'Multiple Test 
Frameworks'[39m[33m,[39m () [33m=>[39m 
{
    [90m195| [39m    
[34mit[39m([32m'should handle Jest test 
files'[39m[33m,[39m [35masync[39m () 
[33m=>[39m {
    [90m   | [39m    [31m^[39m
    [90m196| [39m      const testFilePath 
= resolve('tests/fixtures/test-execution-rep
oΓÇª
    [90m197| [39m      

[31m[2mΓÄ»ΓÄ»ΓÄ»ΓÄ»ΓÄ»ΓÄ»ΓÄ»ΓÄ»ΓÄ»ΓÄ»ΓÄ»ΓÄ
»ΓÄ»ΓÄ»ΓÄ»ΓÄ»ΓÄ»ΓÄ»ΓÄ»ΓÄ»ΓÄ»ΓÄ»[12/15]ΓÄ»[2
2m[39m

[41m[1m FAIL [22m[49m tests/test-executi
on-reporting/pipeline.test.ts[2m > 
[22mTestExecutionPipeline - Integration 
Tests[2m > [22mMultiple Test 
Frameworks[2m > [22mshould handle Mocha 
test files
[31m[1mError[22m: Test timed out in 
5000ms.
If this is a long-running test, pass a 
timeout value as the last argument or 
configure it globally with 
"testTimeout".[39m
[36m [2mΓ¥»[22m tests/test-execution-repo
rting/pipeline.test.ts:[2m217:5[22m[39m
    [90m215| [39m    })[33m;[39m
    [90m216| [39m
    [90m217| [39m    
[34mit[39m([32m'should handle Mocha test 
files'[39m[33m,[39m [35masync[39m () 
[33m=>[39m {
    [90m   | [39m    [31m^[39m
    [90m218| [39m      const testFilePath 
= resolve('tests/fixtures/test-execution-rep
oΓÇª
    [90m219| [39m      

[31m[2mΓÄ»ΓÄ»ΓÄ»ΓÄ»ΓÄ»ΓÄ»ΓÄ»ΓÄ»ΓÄ»ΓÄ»ΓÄ»ΓÄ
»ΓÄ»ΓÄ»ΓÄ»ΓÄ»ΓÄ»ΓÄ»ΓÄ»ΓÄ»ΓÄ»ΓÄ»[13/15]ΓÄ»[2
2m[39m

[41m[1m FAIL [22m[49m tests/test-executi
on-reporting/test-executor-properties.test.t
s[2m > [22mTestExecutor - Property-Based 
Tests[2m > [22mProperty 2: Execution 
Timeout Enforcement[2m > [22mshould not 
timeout for executions within the limit
[31m[1mError[22m: Property failed after 
1 tests
{ seed: -1649763801, path: "0:0:1:0:0:2", 
endOnFailure: true }
Counterexample: [2000,0.5328124999999999]
Shrunk 5 time(s)

Hint: Enable verbose mode in order to have 
the list of all failing values encountered 
during the run[39m
[90m [2mΓ¥»[22m buildError node_modules/f
ast-check/lib/fast-check.js:[2m2434:16[22m
[39m
[90m [2mΓ¥»[22m asyncThrowIfFailed node_m
odules/fast-check/lib/fast-check.js:[2m2446
:8[22m[39m

[31m[1mCaused by: AssertionError[22m: 
expected true to be false // Object.is 
equality[39m

[32m- Expected[39m
[31m+ Received[39m

[32m- false[39m
[31m+ true[39m

[36m [2mΓ¥»[22m tests/test-execution-repo
rting/test-executor-properties.test.ts:[2m1
23:37[22m[39m
[90m [2mΓ¥»[22m AsyncProperty.run node_mo
dules/fast-check/lib/fast-check.js:[2m1193:
19[22m[39m
[90m [2mΓ¥»[22m asyncRunIt node_modules/f
ast-check/lib/fast-check.js:[2m2488:15[22m
[39m
[90m [2mΓ¥»[22m tests/test-execution-repo
rting/test-executor-properties.test.ts:[2m9
9:7[22m[39m

[31m[2mΓÄ»ΓÄ»ΓÄ»ΓÄ»ΓÄ»ΓÄ»ΓÄ»ΓÄ»ΓÄ»ΓÄ»ΓÄ»ΓÄ
»ΓÄ»ΓÄ»ΓÄ»ΓÄ»ΓÄ»ΓÄ»ΓÄ»ΓÄ»ΓÄ»ΓÄ»[14/15]ΓÄ»[2
2m[39m

[41m[1m FAIL [22m[49m tests/test-executi
on-reporting/docker/result-extractor.test.ts
[2m > [22mResultExtractor Unit Tests[2m 
> [22mextractResults[2m > [22mshould 
include all Docker metadata
[31m[1mError[22m: Test timed out in 
5000ms.
If this is a long-running test, pass a 
timeout value as the last argument or 
configure it globally with 
"testTimeout".[39m
[36m [2mΓ¥»[22m tests/test-execution-repo
rting/docker/result-extractor.test.ts:[2m29
1:5[22m[39m
    [90m289| [39m    }[33m,[39m 
[34m15000[39m)[33m;[39m
    [90m290| [39m
    [90m291| [39m    
[34mit[39m([32m'should include all 
Docker metadata'[39m[33m,[39m 
[35masync[39m () [33m=>[39m {
    [90m   | [39m    [31m^[39m
    [90m292| [39m      [35mconst[39m 
manager [33m=[39m [35mnew[39m [33mDefau
ltContainerManager[39m(docker)[33m;[39m
    [90m293| [39m      [35mconst[39m 
extractor [33m=[39m [35mnew[39m [33mDef
aultResultExtractor[39m(docker)[33m;[39m

[31m[2mΓÄ»ΓÄ»ΓÄ»ΓÄ»ΓÄ»ΓÄ»ΓÄ»ΓÄ»ΓÄ»ΓÄ»ΓÄ»ΓÄ
»ΓÄ»ΓÄ»ΓÄ»ΓÄ»ΓÄ»ΓÄ»ΓÄ»ΓÄ»ΓÄ»ΓÄ»[15/15]ΓÄ»[2
2m[39m

[2m      Tests [22m [1m[31m14 failed[39m[22m[2m | [22m[1m[32m933 passed[39m[22m[2m | [22m[33m8 skipped[39m[90m (955)[39m
[2m   Start at [22m 12:39:47
[2m   Duration [22m 132.13s[2m (transform 16.34s, setup 0ms, import 34.21s, tests 505.33s, environment 41ms)[22m

