src/api-testing/index.ts(21,15): error TS2307: Cannot find module './test-reporter/index.js' or its corresponding type declarations.
tests/api-testing/integration.test.ts(97,44): error TS2345: Argument of type '{ jira: { jiraBaseUrl: string; jiraEmail: string; jiraApiToken: string; botUserIdentifier: string; }; repository: { defaultRepositoryUrl: string; defaultBranch: string; }; }' is not assignable to parameter of type 'OrchestratorConfig'.
  Property 'appConfig' is missing in type '{ jira: { jiraBaseUrl: string; jiraEmail: string; jiraApiToken: string; botUserIdentifier: string; }; repository: { defaultRepositoryUrl: string; defaultBranch: string; }; }' but required in type 'OrchestratorConfig'.
tests/api-testing/integration.test.ts(382,55): error TS2345: Argument of type '{ jira: { jiraBaseUrl: string; jiraEmail: string; jiraApiToken: string; botUserIdentifier: string; }; }' is not assignable to parameter of type 'OrchestratorConfig'.
  Property 'appConfig' is missing in type '{ jira: { jiraBaseUrl: string; jiraEmail: string; jiraApiToken: string; botUserIdentifier: string; }; }' but required in type 'OrchestratorConfig'.
